Archive member included because of file (symbol)

d:/nxp/lpcxpresso_3.6_beta/tools/bin/../lib/gcc/arm-none-eabi/4.3.3/../../../../arm-none-eabi/lib/armv6-m\libcr_c.a(__weak__main.o)
                              ./startup/cr_startup_lpc11.o (__main)
d:/nxp/lpcxpresso_3.6_beta/tools/bin/../lib/gcc/arm-none-eabi/4.3.3/../../../../arm-none-eabi/lib/armv6-m\libcr_c.a(ctype.o)
                              d:/nxp/lpcxpresso_3.6_beta/tools/bin/../lib/gcc/arm-none-eabi/4.3.3/../../../../arm-none-eabi/lib/armv6-m\libcr_c.a(__weak__main.o) (_ctype_init)
d:/nxp/lpcxpresso_3.6_beta/tools/bin/../lib/gcc/arm-none-eabi/4.3.3/../../../../arm-none-eabi/lib/armv6-m\libcr_c.a(__init_alloc.o)
                              d:/nxp/lpcxpresso_3.6_beta/tools/bin/../lib/gcc/arm-none-eabi/4.3.3/../../../../arm-none-eabi/lib/armv6-m\libcr_c.a(__weak__main.o) (_init_alloc)
d:/nxp/lpcxpresso_3.6_beta/tools/bin/../lib/gcc/arm-none-eabi/4.3.3/armv6-m\libcr_eabihelpers.a(rtlib.o)
                              ./cmsis/system_LPC11xx.o (__aeabi_uidiv)

Allocating common symbols
Common symbol       size              file

command             0x14              ./src/invokeisp_main.o
result              0x10              ./src/invokeisp_main.o
__heaps             0x4               d:/nxp/lpcxpresso_3.6_beta/tools/bin/../lib/gcc/arm-none-eabi/4.3.3/../../../../arm-none-eabi/lib/armv6-m\libcr_c.a(__init_alloc.o)
__end_of_heap       0x4               d:/nxp/lpcxpresso_3.6_beta/tools/bin/../lib/gcc/arm-none-eabi/4.3.3/../../../../arm-none-eabi/lib/armv6-m\libcr_c.a(__init_alloc.o)

Discarded input sections

 .text          0x00000000        0x0 ./startup/cr_startup_lpc11.o
 .data          0x00000000        0x0 ./startup/cr_startup_lpc11.o
 .bss           0x00000000        0x0 ./startup/cr_startup_lpc11.o
 .text          0x00000000        0x0 ./src/invokeisp_main.o
 .data          0x00000000        0x0 ./src/invokeisp_main.o
 .bss           0x00000000        0x0 ./src/invokeisp_main.o
 .text          0x00000000        0x0 ./driver/can.o
 .data          0x00000000        0x0 ./driver/can.o
 .bss           0x00000000        0x0 ./driver/can.o
 .text          0x00000000        0x0 ./driver/crp.o
 .data          0x00000000        0x0 ./driver/crp.o
 .bss           0x00000000        0x0 ./driver/crp.o
 .text          0x00000000        0x0 ./cmsis/core_cm0.o
 .data          0x00000000        0x0 ./cmsis/core_cm0.o
 .bss           0x00000000        0x0 ./cmsis/core_cm0.o
 .text.__get_PSP
                0x00000000        0x0 ./cmsis/core_cm0.o
 .text.__set_PSP
                0x00000000        0x0 ./cmsis/core_cm0.o
 .text.__get_MSP
                0x00000000        0x0 ./cmsis/core_cm0.o
 .text.__get_PRIMASK
                0x00000000        0x0 ./cmsis/core_cm0.o
 .text.__set_PRIMASK
                0x00000000        0x0 ./cmsis/core_cm0.o
 .text.__get_CONTROL
                0x00000000        0x0 ./cmsis/core_cm0.o
 .text.__set_CONTROL
                0x00000000        0x0 ./cmsis/core_cm0.o
 .text.__REV    0x00000000        0x0 ./cmsis/core_cm0.o
 .text.__REV16  0x00000000        0x0 ./cmsis/core_cm0.o
 .text.__REVSH  0x00000000        0x0 ./cmsis/core_cm0.o
 .text          0x00000000        0x0 ./cmsis/system_LPC11xx.o
 .data          0x00000000        0x0 ./cmsis/system_LPC11xx.o
 .bss           0x00000000        0x0 ./cmsis/system_LPC11xx.o
 .text          0x00000000        0x0 d:/nxp/lpcxpresso_3.6_beta/tools/bin/../lib/gcc/arm-none-eabi/4.3.3/../../../../arm-none-eabi/lib/armv6-m\libcr_c.a(__weak__main.o)
 .data          0x00000000        0x0 d:/nxp/lpcxpresso_3.6_beta/tools/bin/../lib/gcc/arm-none-eabi/4.3.3/../../../../arm-none-eabi/lib/armv6-m\libcr_c.a(__weak__main.o)
 .bss           0x00000000        0x0 d:/nxp/lpcxpresso_3.6_beta/tools/bin/../lib/gcc/arm-none-eabi/4.3.3/../../../../arm-none-eabi/lib/armv6-m\libcr_c.a(__weak__main.o)
 .bss           0x00000000        0x0 d:/nxp/lpcxpresso_3.6_beta/tools/bin/../lib/gcc/arm-none-eabi/4.3.3/../../../../arm-none-eabi/lib/armv6-m\libcr_c.a(ctype.o)
 .text          0x00000000        0x0 d:/nxp/lpcxpresso_3.6_beta/tools/bin/../lib/gcc/arm-none-eabi/4.3.3/../../../../arm-none-eabi/lib/armv6-m\libcr_c.a(__init_alloc.o)
 .data          0x00000000        0x0 d:/nxp/lpcxpresso_3.6_beta/tools/bin/../lib/gcc/arm-none-eabi/4.3.3/../../../../arm-none-eabi/lib/armv6-m\libcr_c.a(__init_alloc.o)
 .bss           0x00000000        0x0 d:/nxp/lpcxpresso_3.6_beta/tools/bin/../lib/gcc/arm-none-eabi/4.3.3/../../../../arm-none-eabi/lib/armv6-m\libcr_c.a(__init_alloc.o)
 .text._start_module__init_alloc
                0x00000000        0x0 d:/nxp/lpcxpresso_3.6_beta/tools/bin/../lib/gcc/arm-none-eabi/4.3.3/../../../../arm-none-eabi/lib/armv6-m\libcr_c.a(__init_alloc.o)
 .text._end_module__init_alloc
                0x00000000        0x0 d:/nxp/lpcxpresso_3.6_beta/tools/bin/../lib/gcc/arm-none-eabi/4.3.3/../../../../arm-none-eabi/lib/armv6-m\libcr_c.a(__init_alloc.o)
 .text          0x00000000        0x0 d:/nxp/lpcxpresso_3.6_beta/tools/bin/../lib/gcc/arm-none-eabi/4.3.3/armv6-m\libcr_eabihelpers.a(rtlib.o)
 .data          0x00000000        0x0 d:/nxp/lpcxpresso_3.6_beta/tools/bin/../lib/gcc/arm-none-eabi/4.3.3/armv6-m\libcr_eabihelpers.a(rtlib.o)
 .bss           0x00000000        0x0 d:/nxp/lpcxpresso_3.6_beta/tools/bin/../lib/gcc/arm-none-eabi/4.3.3/armv6-m\libcr_eabihelpers.a(rtlib.o)
 .text.__aeabi_lmul
                0x00000000        0x0 d:/nxp/lpcxpresso_3.6_beta/tools/bin/../lib/gcc/arm-none-eabi/4.3.3/armv6-m\libcr_eabihelpers.a(rtlib.o)
 .text.__aeabi_llsl
                0x00000000        0x0 d:/nxp/lpcxpresso_3.6_beta/tools/bin/../lib/gcc/arm-none-eabi/4.3.3/armv6-m\libcr_eabihelpers.a(rtlib.o)
 .text.__aeabi_llsr
                0x00000000        0x0 d:/nxp/lpcxpresso_3.6_beta/tools/bin/../lib/gcc/arm-none-eabi/4.3.3/armv6-m\libcr_eabihelpers.a(rtlib.o)
 .text.__aeabi_lasr
                0x00000000        0x0 d:/nxp/lpcxpresso_3.6_beta/tools/bin/../lib/gcc/arm-none-eabi/4.3.3/armv6-m\libcr_eabihelpers.a(rtlib.o)
 .text.__aeabi_lcmp
                0x00000000        0x0 d:/nxp/lpcxpresso_3.6_beta/tools/bin/../lib/gcc/arm-none-eabi/4.3.3/armv6-m\libcr_eabihelpers.a(rtlib.o)
 .text.__aeabi_ulcmp
                0x00000000        0x0 d:/nxp/lpcxpresso_3.6_beta/tools/bin/../lib/gcc/arm-none-eabi/4.3.3/armv6-m\libcr_eabihelpers.a(rtlib.o)
 .text.__aeabi_uread4
                0x00000000        0x0 d:/nxp/lpcxpresso_3.6_beta/tools/bin/../lib/gcc/arm-none-eabi/4.3.3/armv6-m\libcr_eabihelpers.a(rtlib.o)
 .text.__aeabi_uread8
                0x00000000        0x0 d:/nxp/lpcxpresso_3.6_beta/tools/bin/../lib/gcc/arm-none-eabi/4.3.3/armv6-m\libcr_eabihelpers.a(rtlib.o)
 .text.__aeabi_uwrite4
                0x00000000        0x0 d:/nxp/lpcxpresso_3.6_beta/tools/bin/../lib/gcc/arm-none-eabi/4.3.3/armv6-m\libcr_eabihelpers.a(rtlib.o)
 .text.__aeabi_uwrite8
                0x00000000        0x0 d:/nxp/lpcxpresso_3.6_beta/tools/bin/../lib/gcc/arm-none-eabi/4.3.3/armv6-m\libcr_eabihelpers.a(rtlib.o)
 .text.__aeabi_memcpy
                0x00000000        0x0 d:/nxp/lpcxpresso_3.6_beta/tools/bin/../lib/gcc/arm-none-eabi/4.3.3/armv6-m\libcr_eabihelpers.a(rtlib.o)
 .text.__aeabi_memcpy4
                0x00000000        0x0 d:/nxp/lpcxpresso_3.6_beta/tools/bin/../lib/gcc/arm-none-eabi/4.3.3/armv6-m\libcr_eabihelpers.a(rtlib.o)
 .text.__aeabi_memmove
                0x00000000        0x0 d:/nxp/lpcxpresso_3.6_beta/tools/bin/../lib/gcc/arm-none-eabi/4.3.3/armv6-m\libcr_eabihelpers.a(rtlib.o)
 .text.__aeabi_memmove4
                0x00000000        0x0 d:/nxp/lpcxpresso_3.6_beta/tools/bin/../lib/gcc/arm-none-eabi/4.3.3/armv6-m\libcr_eabihelpers.a(rtlib.o)
 .text.__aeabi_memset
                0x00000000        0x0 d:/nxp/lpcxpresso_3.6_beta/tools/bin/../lib/gcc/arm-none-eabi/4.3.3/armv6-m\libcr_eabihelpers.a(rtlib.o)
 .text.__aeabi_memset4
                0x00000000        0x0 d:/nxp/lpcxpresso_3.6_beta/tools/bin/../lib/gcc/arm-none-eabi/4.3.3/armv6-m\libcr_eabihelpers.a(rtlib.o)
 .text.__aeabi_memclr
                0x00000000        0x0 d:/nxp/lpcxpresso_3.6_beta/tools/bin/../lib/gcc/arm-none-eabi/4.3.3/armv6-m\libcr_eabihelpers.a(rtlib.o)
 .text.__aeabi_memclr4
                0x00000000        0x0 d:/nxp/lpcxpresso_3.6_beta/tools/bin/../lib/gcc/arm-none-eabi/4.3.3/armv6-m\libcr_eabihelpers.a(rtlib.o)
 .text.__aeabi_idiv
                0x00000000        0x0 d:/nxp/lpcxpresso_3.6_beta/tools/bin/../lib/gcc/arm-none-eabi/4.3.3/armv6-m\libcr_eabihelpers.a(rtlib.o)
 .text.__bhs_idivmod
                0x00000000        0x0 d:/nxp/lpcxpresso_3.6_beta/tools/bin/../lib/gcc/arm-none-eabi/4.3.3/armv6-m\libcr_eabihelpers.a(rtlib.o)
 .text.__aeabi_ldiv0
                0x00000000        0x0 d:/nxp/lpcxpresso_3.6_beta/tools/bin/../lib/gcc/arm-none-eabi/4.3.3/armv6-m\libcr_eabihelpers.a(rtlib.o)
 .text.__bhs_uldivmod
                0x00000000        0x0 d:/nxp/lpcxpresso_3.6_beta/tools/bin/../lib/gcc/arm-none-eabi/4.3.3/armv6-m\libcr_eabihelpers.a(rtlib.o)
 .text.__bhs_ldivmod
                0x00000000        0x0 d:/nxp/lpcxpresso_3.6_beta/tools/bin/../lib/gcc/arm-none-eabi/4.3.3/armv6-m\libcr_eabihelpers.a(rtlib.o)

Memory Configuration

Name             Origin             Length             Attributes
MFlash32         0x00000000         0x00008000         xr
RamLoc8          0x10000000         0x00002000         xrw
*default*        0x00000000         0xffffffff

Linker script and memory map

LOAD ./startup/cr_startup_lpc11.o
LOAD ./src/invokeisp_main.o
LOAD ./driver/can.o
LOAD ./driver/crp.o
LOAD ./cmsis/core_cm0.o
LOAD ./cmsis/system_LPC11xx.o
START GROUP
LOAD d:/nxp/lpcxpresso_3.6_beta/tools/bin/../lib/gcc/arm-none-eabi/4.3.3/../../../../arm-none-eabi/lib/armv6-m\libcr_c.a
LOAD d:/nxp/lpcxpresso_3.6_beta/tools/bin/../lib/gcc/arm-none-eabi/4.3.3/../../../../arm-none-eabi/lib/armv6-m\libcr_semihost.a
LOAD d:/nxp/lpcxpresso_3.6_beta/tools/bin/../lib/gcc/arm-none-eabi/4.3.3/armv6-m\libcr_eabihelpers.a
END GROUP
                0x00008000                __top_MFlash32 = 0x8000
                0x10002000                __top_RamLoc8 = 0x10002000

.text           0x00000000      0x9c0
 FILL mask 0xff
 *(.isr_vector)
 .isr_vector    0x00000000       0xc0 ./startup/cr_startup_lpc11.o
                0x00000000                g_pfnVectors
 *(.text.Reset_Handler .text.SystemInit)
 .text.SystemInit
                0x000000c0       0xa8 ./cmsis/system_LPC11xx.o
                0x000000c0                SystemInit
                0x000002fc                . = 0x2fc
 *fill*         0x00000168      0x194 ff
 *(.crp)
 .crp           0x000002fc        0x4 ./driver/crp.o
                0x000002fc                CRP_WORD
 *(.text*)
 .text.ResetISR
                0x00000300       0x64 ./startup/cr_startup_lpc11.o
                0x00000300                ResetISR
 .text.NMI_Handler
                0x00000364        0x8 ./startup/cr_startup_lpc11.o
                0x00000364                NMI_Handler
 .text.HardFault_Handler
                0x0000036c        0x8 ./startup/cr_startup_lpc11.o
                0x0000036c                HardFault_Handler
 .text.SVCall_Handler
                0x00000374        0x8 ./startup/cr_startup_lpc11.o
                0x00000374                SVCall_Handler
 .text.PendSV_Handler
                0x0000037c        0x8 ./startup/cr_startup_lpc11.o
                0x0000037c                PendSV_Handler
 .text.SysTick_Handler
                0x00000384        0x8 ./startup/cr_startup_lpc11.o
                0x00000384                SysTick_Handler
 .text.IntDefaultHandler
                0x0000038c        0x8 ./startup/cr_startup_lpc11.o
                0x0000038c                TIMER16_0_IRQHandler
                0x0000038c                UART_IRQHandler
                0x0000038c                TIMER32_0_IRQHandler
                0x0000038c                TIMER32_1_IRQHandler
                0x0000038c                IntDefaultHandler
                0x0000038c                PIOINT1_IRQHandler
                0x0000038c                CAN_IRQHandler
                0x0000038c                SSP0_IRQHandler
                0x0000038c                TIMER16_1_IRQHandler
                0x0000038c                ADC_IRQHandler
                0x0000038c                SSP1_IRQHandler
                0x0000038c                PIOINT2_IRQHandler
                0x0000038c                BOD_IRQHandler
                0x0000038c                WAKEUP_IRQHandler
                0x0000038c                PIOINT0_IRQHandler
                0x0000038c                I2C_IRQHandler
                0x0000038c                WDT_IRQHandler
                0x0000038c                PIOINT3_IRQHandler
 .text.ReinvokeISP
                0x00000394       0x74 ./src/invokeisp_main.o
                0x00000394                ReinvokeISP
 .text.main     0x00000408       0x10 ./src/invokeisp_main.o
                0x00000408                main
 .text.__set_MSP
                0x00000418        0x8 ./cmsis/core_cm0.o
                0x00000418                __set_MSP
 .text.SystemCoreClockUpdate
                0x00000420      0x15c ./cmsis/system_LPC11xx.o
                0x00000420                SystemCoreClockUpdate
 .text.__weak_main
                0x0000057c       0x14 d:/nxp/lpcxpresso_3.6_beta/tools/bin/../lib/gcc/arm-none-eabi/4.3.3/../../../../arm-none-eabi/lib/armv6-m\libcr_c.a(__weak__main.o)
                0x0000057c                __main
                0x0000057c                __weak_main
 .text          0x00000590      0x338 d:/nxp/lpcxpresso_3.6_beta/tools/bin/../lib/gcc/arm-none-eabi/4.3.3/../../../../arm-none-eabi/lib/armv6-m\libcr_c.a(ctype.o)
                0x00000590                _start_module_ctype
                0x00000664                islower
                0x00000754                tolower
                0x000006b4                ispunct
                0x000006dc                isspace
                0x000008bc                _end_module_ctype
                0x0000072c                isxdigit
                0x00000854                _ctype_init
                0x00000704                isupper
                0x000005c4                isalpha
                0x0000063c                isgraph
                0x0000059c                isalnum
                0x0000068c                isprint
                0x000007d4                _set_ctype_8859
                0x00000614                isdigit
                0x000005ec                iscntrl
                0x00000794                toupper
 .text._init_alloc
                0x000008c8       0x14 d:/nxp/lpcxpresso_3.6_beta/tools/bin/../lib/gcc/arm-none-eabi/4.3.3/../../../../arm-none-eabi/lib/armv6-m\libcr_c.a(__init_alloc.o)
                0x000008c8                _init_alloc
 .text.__aeabi_idiv0
                0x000008dc        0x4 d:/nxp/lpcxpresso_3.6_beta/tools/bin/../lib/gcc/arm-none-eabi/4.3.3/armv6-m\libcr_eabihelpers.a(rtlib.o)
                0x000008dc                __aeabi_idiv0
 .text.__bhs_uidivmod
                0x000008e0       0x88 d:/nxp/lpcxpresso_3.6_beta/tools/bin/../lib/gcc/arm-none-eabi/4.3.3/armv6-m\libcr_eabihelpers.a(rtlib.o)
                0x000008e0                __bhs_uidivmod
 .text.__aeabi_uidiv
                0x00000968       0x18 d:/nxp/lpcxpresso_3.6_beta/tools/bin/../lib/gcc/arm-none-eabi/4.3.3/armv6-m\libcr_eabihelpers.a(rtlib.o)
                0x00000968                __aeabi_uidiv
 *(.rodata*)
 .rodata.SystemCoreClockUpdate
                0x00000980       0x40 ./cmsis/system_LPC11xx.o

.glue_7         0x000009c0        0x0
 .glue_7        0x00000000        0x0 linker stubs

.glue_7t        0x000009c0        0x0
 .glue_7t       0x00000000        0x0 linker stubs

.vfp11_veneer   0x000009c0        0x0
 .vfp11_veneer  0x00000000        0x0 linker stubs

.v4_bx          0x000009c0        0x0
 .v4_bx         0x00000000        0x0 linker stubs

.ARM.extab
 *(.ARM.extab* .gnu.linkonce.armextab.*)
                0x000009c0                __exidx_start = .

.ARM.exidx
 *(.ARM.exidx* .gnu.linkonce.armexidx.*)
                0x000009c0                __exidx_end = .
                0x000009c0                _etext = .

.data           0x10000000      0x20c load address 0x000009c0
                0x10000000                _data = .
 *(vtable)
 *(.data*)
 .data.iap_entry
                0x10000000        0x4 ./src/invokeisp_main.o
                0x10000000                iap_entry
 .data.SystemCoreClock
                0x10000004        0x4 ./cmsis/system_LPC11xx.o
                0x10000004                SystemCoreClock
 .data          0x10000008      0x204 d:/nxp/lpcxpresso_3.6_beta/tools/bin/../lib/gcc/arm-none-eabi/4.3.3/../../../../arm-none-eabi/lib/armv6-m\libcr_c.a(ctype.o)
                0x10000008                __ctype
                0x1000020c                _edata = .

.bss            0x1000020c       0x2c load address 0x00000bcc
                0x1000020c                _bss = .
 *(.bss*)
 *(COMMON)
 COMMON         0x1000020c       0x24 ./src/invokeisp_main.o
                0x1000020c                command
                0x10000220                result
 COMMON         0x10000230        0x8 d:/nxp/lpcxpresso_3.6_beta/tools/bin/../lib/gcc/arm-none-eabi/4.3.3/../../../../arm-none-eabi/lib/armv6-m\libcr_c.a(__init_alloc.o)
                0x10000230                __heaps
                0x10000234                __end_of_heap
                0x10000238                _ebss = .

.cr_heap        0x10000238        0x0 load address 0x00000bcc
                0x10000238                end = .
                0x10000238                _pvHeapStart = .
                0x10002000                _vRamTop = __top_RamLoc8
                0x10002000                _vStackTop = _vRamTop
OUTPUT(invokeisp.axf elf32-littlearm)

.debug_abbrev   0x00000000      0x6d5
 .debug_abbrev  0x00000000       0xbd ./startup/cr_startup_lpc11.o
 .debug_abbrev  0x000000bd       0xe1 ./src/invokeisp_main.o
 .debug_abbrev  0x0000019e       0x35 ./driver/can.o
 .debug_abbrev  0x000001d3       0x5a ./driver/crp.o
 .debug_abbrev  0x0000022d       0xaf ./cmsis/core_cm0.o
 .debug_abbrev  0x000002dc      0x126 ./cmsis/system_LPC11xx.o
 .debug_abbrev  0x00000402      0x2d3 d:/nxp/lpcxpresso_3.6_beta/tools/bin/../lib/gcc/arm-none-eabi/4.3.3/armv6-m\libcr_eabihelpers.a(rtlib.o)

.debug_info     0x00000000     0x1cac
 .debug_info    0x00000000      0x1ae ./startup/cr_startup_lpc11.o
 .debug_info    0x000001ae      0x534 ./src/invokeisp_main.o
 .debug_info    0x000006e2       0x73 ./driver/can.o
 .debug_info    0x00000755       0x95 ./driver/crp.o
 .debug_info    0x000007ea      0x2a3 ./cmsis/core_cm0.o
 .debug_info    0x00000a8d      0x561 ./cmsis/system_LPC11xx.o
 .debug_info    0x00000fee      0xcbe d:/nxp/lpcxpresso_3.6_beta/tools/bin/../lib/gcc/arm-none-eabi/4.3.3/armv6-m\libcr_eabihelpers.a(rtlib.o)

.debug_line     0x00000000     0x145f
 .debug_line    0x00000000      0x2e6 ./startup/cr_startup_lpc11.o
 .debug_line    0x000002e6      0x2d3 ./src/invokeisp_main.o
 .debug_line    0x000005b9      0x28f ./driver/can.o
 .debug_line    0x00000848      0x298 ./driver/crp.o
 .debug_line    0x00000ae0      0x30c ./cmsis/core_cm0.o
 .debug_line    0x00000dec      0x2f0 ./cmsis/system_LPC11xx.o
 .debug_line    0x000010dc      0x383 d:/nxp/lpcxpresso_3.6_beta/tools/bin/../lib/gcc/arm-none-eabi/4.3.3/armv6-m\libcr_eabihelpers.a(rtlib.o)

.debug_macinfo  0x00000000    0x16e5c
 .debug_macinfo
                0x00000000     0x2874 ./startup/cr_startup_lpc11.o
 .debug_macinfo
                0x00002874     0x4741 ./src/invokeisp_main.o
 .debug_macinfo
                0x00006fb5     0x473d ./driver/can.o
 .debug_macinfo
                0x0000b6f2     0x4847 ./driver/crp.o
 .debug_macinfo
                0x0000ff39     0x2643 ./cmsis/core_cm0.o
 .debug_macinfo
                0x0001257c     0x48e0 ./cmsis/system_LPC11xx.o

.debug_frame    0x00000000      0x4f8
 .debug_frame   0x00000000       0xd8 ./startup/cr_startup_lpc11.o
 .debug_frame   0x000000d8       0x4c ./src/invokeisp_main.o
 .debug_frame   0x00000124       0xc0 ./cmsis/core_cm0.o
 .debug_frame   0x000001e4       0x44 ./cmsis/system_LPC11xx.o
 .debug_frame   0x00000228      0x2d0 d:/nxp/lpcxpresso_3.6_beta/tools/bin/../lib/gcc/arm-none-eabi/4.3.3/armv6-m\libcr_eabihelpers.a(rtlib.o)

.debug_loc      0x00000000     0x13b1
 .debug_loc     0x00000000      0x139 ./startup/cr_startup_lpc11.o
 .debug_loc     0x00000139       0x56 ./src/invokeisp_main.o
 .debug_loc     0x0000018f       0xbe ./cmsis/core_cm0.o
 .debug_loc     0x0000024d      0x135 ./cmsis/system_LPC11xx.o
 .debug_loc     0x00000382     0x102f d:/nxp/lpcxpresso_3.6_beta/tools/bin/../lib/gcc/arm-none-eabi/4.3.3/armv6-m\libcr_eabihelpers.a(rtlib.o)

.debug_pubnames
                0x00000000      0x40e
 .debug_pubnames
                0x00000000       0xa6 ./startup/cr_startup_lpc11.o
 .debug_pubnames
                0x000000a6       0x50 ./src/invokeisp_main.o
 .debug_pubnames
                0x000000f6       0x1f ./driver/crp.o
 .debug_pubnames
                0x00000115       0xb4 ./cmsis/core_cm0.o
 .debug_pubnames
                0x000001c9       0x4f ./cmsis/system_LPC11xx.o
 .debug_pubnames
                0x00000218      0x1f6 d:/nxp/lpcxpresso_3.6_beta/tools/bin/../lib/gcc/arm-none-eabi/4.3.3/armv6-m\libcr_eabihelpers.a(rtlib.o)

.debug_aranges  0x00000000      0x1f8
 .debug_aranges
                0x00000000       0x50 ./startup/cr_startup_lpc11.o
 .debug_aranges
                0x00000050       0x28 ./src/invokeisp_main.o
 .debug_aranges
                0x00000078       0x70 ./cmsis/core_cm0.o
 .debug_aranges
                0x000000e8       0x28 ./cmsis/system_LPC11xx.o
 .debug_aranges
                0x00000110       0xe8 d:/nxp/lpcxpresso_3.6_beta/tools/bin/../lib/gcc/arm-none-eabi/4.3.3/armv6-m\libcr_eabihelpers.a(rtlib.o)

.debug_ranges   0x00000000      0x2b0
 .debug_ranges  0x00000000       0x48 ./startup/cr_startup_lpc11.o
 .debug_ranges  0x00000048       0x20 ./src/invokeisp_main.o
 .debug_ranges  0x00000068       0x68 ./cmsis/core_cm0.o
 .debug_ranges  0x000000d0       0x20 ./cmsis/system_LPC11xx.o
 .debug_ranges  0x000000f0      0x1c0 d:/nxp/lpcxpresso_3.6_beta/tools/bin/../lib/gcc/arm-none-eabi/4.3.3/armv6-m\libcr_eabihelpers.a(rtlib.o)

.debug_str      0x00000000      0x7a9
 .debug_str     0x00000000      0x165 ./startup/cr_startup_lpc11.o
                                0x199 (size before relaxing)
 .debug_str     0x00000165      0x2d7 ./src/invokeisp_main.o
                                0x39e (size before relaxing)
 .debug_str     0x0000043c       0x10 ./driver/can.o
                                 0xd7 (size before relaxing)
 .debug_str     0x0000044c       0x19 ./driver/crp.o
                                 0xe9 (size before relaxing)
 .debug_str     0x00000465       0xc7 ./cmsis/core_cm0.o
                                0x1ae (size before relaxing)
 .debug_str     0x0000052c       0x59 ./cmsis/system_LPC11xx.o
                                0x3c2 (size before relaxing)
 .debug_str     0x00000585      0x224 d:/nxp/lpcxpresso_3.6_beta/tools/bin/../lib/gcc/arm-none-eabi/4.3.3/armv6-m\libcr_eabihelpers.a(rtlib.o)
                                0x29f (size before relaxing)

.comment        0x00000000      0x1ae
 .comment       0x00000000       0x2b ./startup/cr_startup_lpc11.o
 .comment       0x0000002b       0x2b ./src/invokeisp_main.o
 .comment       0x00000056       0x2b ./driver/can.o
 .comment       0x00000081       0x2b ./driver/crp.o
 .comment       0x000000ac       0x2b ./cmsis/core_cm0.o
 .comment       0x000000d7       0x2b ./cmsis/system_LPC11xx.o
 .comment       0x00000102       0x2b d:/nxp/lpcxpresso_3.6_beta/tools/bin/../lib/gcc/arm-none-eabi/4.3.3/../../../../arm-none-eabi/lib/armv6-m\libcr_c.a(__weak__main.o)
 .comment       0x0000012d       0x2b d:/nxp/lpcxpresso_3.6_beta/tools/bin/../lib/gcc/arm-none-eabi/4.3.3/../../../../arm-none-eabi/lib/armv6-m\libcr_c.a(ctype.o)
 .comment       0x00000158       0x2b d:/nxp/lpcxpresso_3.6_beta/tools/bin/../lib/gcc/arm-none-eabi/4.3.3/../../../../arm-none-eabi/lib/armv6-m\libcr_c.a(__init_alloc.o)
 .comment       0x00000183       0x2b d:/nxp/lpcxpresso_3.6_beta/tools/bin/../lib/gcc/arm-none-eabi/4.3.3/armv6-m\libcr_eabihelpers.a(rtlib.o)

.ARM.attributes
                0x00000000       0x31
 .ARM.attributes
                0x00000000       0x31 ./startup/cr_startup_lpc11.o
 .ARM.attributes
                0x00000031       0x31 ./src/invokeisp_main.o
 .ARM.attributes
                0x00000062       0x31 ./driver/can.o
 .ARM.attributes
                0x00000093       0x31 ./driver/crp.o
 .ARM.attributes
                0x000000c4       0x31 ./cmsis/core_cm0.o
 .ARM.attributes
                0x000000f5       0x31 ./cmsis/system_LPC11xx.o
 .ARM.attributes
                0x00000126       0x30 d:/nxp/lpcxpresso_3.6_beta/tools/bin/../lib/gcc/arm-none-eabi/4.3.3/../../../../arm-none-eabi/lib/armv6-m\libcr_c.a(__weak__main.o)
 .ARM.attributes
                0x00000156       0x30 d:/nxp/lpcxpresso_3.6_beta/tools/bin/../lib/gcc/arm-none-eabi/4.3.3/../../../../arm-none-eabi/lib/armv6-m\libcr_c.a(ctype.o)
 .ARM.attributes
                0x00000186       0x30 d:/nxp/lpcxpresso_3.6_beta/tools/bin/../lib/gcc/arm-none-eabi/4.3.3/../../../../arm-none-eabi/lib/armv6-m\libcr_c.a(__init_alloc.o)
 .ARM.attributes
                0x000001b6       0x30 d:/nxp/lpcxpresso_3.6_beta/tools/bin/../lib/gcc/arm-none-eabi/4.3.3/armv6-m\libcr_eabihelpers.a(rtlib.o)
