Archive member included because of file (symbol)

d:/nxp/lpcxpresso_3.6_beta/tools/bin/../lib/gcc/arm-none-eabi/4.3.3/../../../../arm-none-eabi/lib/armv6-m\libcr_c.a(__weak__main.o)
                              ./startup/cr_startup_lpc11.o (__main)
d:/nxp/lpcxpresso_3.6_beta/tools/bin/../lib/gcc/arm-none-eabi/4.3.3/../../../../arm-none-eabi/lib/armv6-m\libcr_c.a(ctype.o)
                              d:/nxp/lpcxpresso_3.6_beta/tools/bin/../lib/gcc/arm-none-eabi/4.3.3/../../../../arm-none-eabi/lib/armv6-m\libcr_c.a(__weak__main.o) (_ctype_init)
d:/nxp/lpcxpresso_3.6_beta/tools/bin/../lib/gcc/arm-none-eabi/4.3.3/../../../../arm-none-eabi/lib/armv6-m\libcr_c.a(__init_alloc.o)
                              d:/nxp/lpcxpresso_3.6_beta/tools/bin/../lib/gcc/arm-none-eabi/4.3.3/../../../../arm-none-eabi/lib/armv6-m\libcr_c.a(__weak__main.o) (_init_alloc)
d:/nxp/lpcxpresso_3.6_beta/tools/bin/../lib/gcc/arm-none-eabi/4.3.3/armv6-m\libcr_eabihelpers.a(rtlib.o)
                              ./cmsis/system_LPC11xx.o (__aeabi_uidiv)

Allocating common symbols
Common symbol       size              file

dest_addr           0x10              ./src/ssp_main.o
src_addr            0x10              ./src/ssp_main.o
__heaps             0x4               d:/nxp/lpcxpresso_3.6_beta/tools/bin/../lib/gcc/arm-none-eabi/4.3.3/../../../../arm-none-eabi/lib/armv6-m\libcr_c.a(__init_alloc.o)
__end_of_heap       0x4               d:/nxp/lpcxpresso_3.6_beta/tools/bin/../lib/gcc/arm-none-eabi/4.3.3/../../../../arm-none-eabi/lib/armv6-m\libcr_c.a(__init_alloc.o)

Discarded input sections

 .text          0x00000000        0x0 ./startup/cr_startup_lpc11.o
 .data          0x00000000        0x0 ./startup/cr_startup_lpc11.o
 .bss           0x00000000        0x0 ./startup/cr_startup_lpc11.o
 .text          0x00000000        0x0 ./src/ssp_main.o
 .data          0x00000000        0x0 ./src/ssp_main.o
 .bss           0x00000000        0x0 ./src/ssp_main.o
 .rodata.LPC_GPIO
                0x00000000        0x0 ./src/ssp_main.o
 .text.SSP_LoopbackTest
                0x00000000        0x0 ./src/ssp_main.o
 .text          0x00000000        0x0 ./driver/can.o
 .data          0x00000000        0x0 ./driver/can.o
 .bss           0x00000000        0x0 ./driver/can.o
 .text          0x00000000        0x0 ./driver/crp.o
 .data          0x00000000        0x0 ./driver/crp.o
 .bss           0x00000000        0x0 ./driver/crp.o
 .text          0x00000000        0x0 ./driver/gpio.o
 .data          0x00000000        0x0 ./driver/gpio.o
 .bss           0x00000000        0x0 ./driver/gpio.o
 .text.GPIOInit
                0x00000000        0x0 ./driver/gpio.o
 .text.GPIOSetInterrupt
                0x00000000        0x0 ./driver/gpio.o
 .text.GPIOIntEnable
                0x00000000        0x0 ./driver/gpio.o
 .text.GPIOIntDisable
                0x00000000        0x0 ./driver/gpio.o
 .text.GPIOIntStatus
                0x00000000        0x0 ./driver/gpio.o
 .text.GPIOIntClear
                0x00000000        0x0 ./driver/gpio.o
 .text          0x00000000        0x0 ./driver/ssp.o
 .data          0x00000000        0x0 ./driver/ssp.o
 .bss           0x00000000        0x0 ./driver/ssp.o
 .rodata.LPC_GPIO
                0x00000000        0x0 ./driver/ssp.o
 .text          0x00000000        0x0 ./cmsis/core_cm0.o
 .data          0x00000000        0x0 ./cmsis/core_cm0.o
 .bss           0x00000000        0x0 ./cmsis/core_cm0.o
 .text.__get_PSP
                0x00000000        0x0 ./cmsis/core_cm0.o
 .text.__set_PSP
                0x00000000        0x0 ./cmsis/core_cm0.o
 .text.__get_MSP
                0x00000000        0x0 ./cmsis/core_cm0.o
 .text.__set_MSP
                0x00000000        0x0 ./cmsis/core_cm0.o
 .text.__get_PRIMASK
                0x00000000        0x0 ./cmsis/core_cm0.o
 .text.__set_PRIMASK
                0x00000000        0x0 ./cmsis/core_cm0.o
 .text.__get_CONTROL
                0x00000000        0x0 ./cmsis/core_cm0.o
 .text.__set_CONTROL
                0x00000000        0x0 ./cmsis/core_cm0.o
 .text.__REV    0x00000000        0x0 ./cmsis/core_cm0.o
 .text.__REV16  0x00000000        0x0 ./cmsis/core_cm0.o
 .text.__REVSH  0x00000000        0x0 ./cmsis/core_cm0.o
 .text          0x00000000        0x0 ./cmsis/system_LPC11xx.o
 .data          0x00000000        0x0 ./cmsis/system_LPC11xx.o
 .bss           0x00000000        0x0 ./cmsis/system_LPC11xx.o
 .text          0x00000000        0x0 d:/nxp/lpcxpresso_3.6_beta/tools/bin/../lib/gcc/arm-none-eabi/4.3.3/../../../../arm-none-eabi/lib/armv6-m\libcr_c.a(__weak__main.o)
 .data          0x00000000        0x0 d:/nxp/lpcxpresso_3.6_beta/tools/bin/../lib/gcc/arm-none-eabi/4.3.3/../../../../arm-none-eabi/lib/armv6-m\libcr_c.a(__weak__main.o)
 .bss           0x00000000        0x0 d:/nxp/lpcxpresso_3.6_beta/tools/bin/../lib/gcc/arm-none-eabi/4.3.3/../../../../arm-none-eabi/lib/armv6-m\libcr_c.a(__weak__main.o)
 .bss           0x00000000        0x0 d:/nxp/lpcxpresso_3.6_beta/tools/bin/../lib/gcc/arm-none-eabi/4.3.3/../../../../arm-none-eabi/lib/armv6-m\libcr_c.a(ctype.o)
 .text          0x00000000        0x0 d:/nxp/lpcxpresso_3.6_beta/tools/bin/../lib/gcc/arm-none-eabi/4.3.3/../../../../arm-none-eabi/lib/armv6-m\libcr_c.a(__init_alloc.o)
 .data          0x00000000        0x0 d:/nxp/lpcxpresso_3.6_beta/tools/bin/../lib/gcc/arm-none-eabi/4.3.3/../../../../arm-none-eabi/lib/armv6-m\libcr_c.a(__init_alloc.o)
 .bss           0x00000000        0x0 d:/nxp/lpcxpresso_3.6_beta/tools/bin/../lib/gcc/arm-none-eabi/4.3.3/../../../../arm-none-eabi/lib/armv6-m\libcr_c.a(__init_alloc.o)
 .text._start_module__init_alloc
                0x00000000        0x0 d:/nxp/lpcxpresso_3.6_beta/tools/bin/../lib/gcc/arm-none-eabi/4.3.3/../../../../arm-none-eabi/lib/armv6-m\libcr_c.a(__init_alloc.o)
 .text._end_module__init_alloc
                0x00000000        0x0 d:/nxp/lpcxpresso_3.6_beta/tools/bin/../lib/gcc/arm-none-eabi/4.3.3/../../../../arm-none-eabi/lib/armv6-m\libcr_c.a(__init_alloc.o)
 .text          0x00000000        0x0 d:/nxp/lpcxpresso_3.6_beta/tools/bin/../lib/gcc/arm-none-eabi/4.3.3/armv6-m\libcr_eabihelpers.a(rtlib.o)
 .data          0x00000000        0x0 d:/nxp/lpcxpresso_3.6_beta/tools/bin/../lib/gcc/arm-none-eabi/4.3.3/armv6-m\libcr_eabihelpers.a(rtlib.o)
 .bss           0x00000000        0x0 d:/nxp/lpcxpresso_3.6_beta/tools/bin/../lib/gcc/arm-none-eabi/4.3.3/armv6-m\libcr_eabihelpers.a(rtlib.o)
 .text.__aeabi_lmul
                0x00000000        0x0 d:/nxp/lpcxpresso_3.6_beta/tools/bin/../lib/gcc/arm-none-eabi/4.3.3/armv6-m\libcr_eabihelpers.a(rtlib.o)
 .text.__aeabi_llsl
                0x00000000        0x0 d:/nxp/lpcxpresso_3.6_beta/tools/bin/../lib/gcc/arm-none-eabi/4.3.3/armv6-m\libcr_eabihelpers.a(rtlib.o)
 .text.__aeabi_llsr
                0x00000000        0x0 d:/nxp/lpcxpresso_3.6_beta/tools/bin/../lib/gcc/arm-none-eabi/4.3.3/armv6-m\libcr_eabihelpers.a(rtlib.o)
 .text.__aeabi_lasr
                0x00000000        0x0 d:/nxp/lpcxpresso_3.6_beta/tools/bin/../lib/gcc/arm-none-eabi/4.3.3/armv6-m\libcr_eabihelpers.a(rtlib.o)
 .text.__aeabi_lcmp
                0x00000000        0x0 d:/nxp/lpcxpresso_3.6_beta/tools/bin/../lib/gcc/arm-none-eabi/4.3.3/armv6-m\libcr_eabihelpers.a(rtlib.o)
 .text.__aeabi_ulcmp
                0x00000000        0x0 d:/nxp/lpcxpresso_3.6_beta/tools/bin/../lib/gcc/arm-none-eabi/4.3.3/armv6-m\libcr_eabihelpers.a(rtlib.o)
 .text.__aeabi_uread4
                0x00000000        0x0 d:/nxp/lpcxpresso_3.6_beta/tools/bin/../lib/gcc/arm-none-eabi/4.3.3/armv6-m\libcr_eabihelpers.a(rtlib.o)
 .text.__aeabi_uread8
                0x00000000        0x0 d:/nxp/lpcxpresso_3.6_beta/tools/bin/../lib/gcc/arm-none-eabi/4.3.3/armv6-m\libcr_eabihelpers.a(rtlib.o)
 .text.__aeabi_uwrite4
                0x00000000        0x0 d:/nxp/lpcxpresso_3.6_beta/tools/bin/../lib/gcc/arm-none-eabi/4.3.3/armv6-m\libcr_eabihelpers.a(rtlib.o)
 .text.__aeabi_uwrite8
                0x00000000        0x0 d:/nxp/lpcxpresso_3.6_beta/tools/bin/../lib/gcc/arm-none-eabi/4.3.3/armv6-m\libcr_eabihelpers.a(rtlib.o)
 .text.__aeabi_memcpy
                0x00000000        0x0 d:/nxp/lpcxpresso_3.6_beta/tools/bin/../lib/gcc/arm-none-eabi/4.3.3/armv6-m\libcr_eabihelpers.a(rtlib.o)
 .text.__aeabi_memcpy4
                0x00000000        0x0 d:/nxp/lpcxpresso_3.6_beta/tools/bin/../lib/gcc/arm-none-eabi/4.3.3/armv6-m\libcr_eabihelpers.a(rtlib.o)
 .text.__aeabi_memmove
                0x00000000        0x0 d:/nxp/lpcxpresso_3.6_beta/tools/bin/../lib/gcc/arm-none-eabi/4.3.3/armv6-m\libcr_eabihelpers.a(rtlib.o)
 .text.__aeabi_memmove4
                0x00000000        0x0 d:/nxp/lpcxpresso_3.6_beta/tools/bin/../lib/gcc/arm-none-eabi/4.3.3/armv6-m\libcr_eabihelpers.a(rtlib.o)
 .text.__aeabi_memset
                0x00000000        0x0 d:/nxp/lpcxpresso_3.6_beta/tools/bin/../lib/gcc/arm-none-eabi/4.3.3/armv6-m\libcr_eabihelpers.a(rtlib.o)
 .text.__aeabi_memset4
                0x00000000        0x0 d:/nxp/lpcxpresso_3.6_beta/tools/bin/../lib/gcc/arm-none-eabi/4.3.3/armv6-m\libcr_eabihelpers.a(rtlib.o)
 .text.__aeabi_memclr
                0x00000000        0x0 d:/nxp/lpcxpresso_3.6_beta/tools/bin/../lib/gcc/arm-none-eabi/4.3.3/armv6-m\libcr_eabihelpers.a(rtlib.o)
 .text.__aeabi_memclr4
                0x00000000        0x0 d:/nxp/lpcxpresso_3.6_beta/tools/bin/../lib/gcc/arm-none-eabi/4.3.3/armv6-m\libcr_eabihelpers.a(rtlib.o)
 .text.__aeabi_idiv
                0x00000000        0x0 d:/nxp/lpcxpresso_3.6_beta/tools/bin/../lib/gcc/arm-none-eabi/4.3.3/armv6-m\libcr_eabihelpers.a(rtlib.o)
 .text.__bhs_idivmod
                0x00000000        0x0 d:/nxp/lpcxpresso_3.6_beta/tools/bin/../lib/gcc/arm-none-eabi/4.3.3/armv6-m\libcr_eabihelpers.a(rtlib.o)
 .text.__aeabi_ldiv0
                0x00000000        0x0 d:/nxp/lpcxpresso_3.6_beta/tools/bin/../lib/gcc/arm-none-eabi/4.3.3/armv6-m\libcr_eabihelpers.a(rtlib.o)
 .text.__bhs_uldivmod
                0x00000000        0x0 d:/nxp/lpcxpresso_3.6_beta/tools/bin/../lib/gcc/arm-none-eabi/4.3.3/armv6-m\libcr_eabihelpers.a(rtlib.o)
 .text.__bhs_ldivmod
                0x00000000        0x0 d:/nxp/lpcxpresso_3.6_beta/tools/bin/../lib/gcc/arm-none-eabi/4.3.3/armv6-m\libcr_eabihelpers.a(rtlib.o)

Memory Configuration

Name             Origin             Length             Attributes
MFlash32         0x00000000         0x00008000         xr
RamLoc8          0x10000000         0x00002000         xrw
*default*        0x00000000         0xffffffff

Linker script and memory map

LOAD ./startup/cr_startup_lpc11.o
LOAD ./src/ssp_main.o
LOAD ./driver/can.o
LOAD ./driver/crp.o
LOAD ./driver/gpio.o
LOAD ./driver/ssp.o
LOAD ./cmsis/core_cm0.o
LOAD ./cmsis/system_LPC11xx.o
START GROUP
LOAD d:/nxp/lpcxpresso_3.6_beta/tools/bin/../lib/gcc/arm-none-eabi/4.3.3/../../../../arm-none-eabi/lib/armv6-m\libcr_c.a
LOAD d:/nxp/lpcxpresso_3.6_beta/tools/bin/../lib/gcc/arm-none-eabi/4.3.3/../../../../arm-none-eabi/lib/armv6-m\libcr_semihost.a
LOAD d:/nxp/lpcxpresso_3.6_beta/tools/bin/../lib/gcc/arm-none-eabi/4.3.3/armv6-m\libcr_eabihelpers.a
END GROUP
                0x00008000                __top_MFlash32 = 0x8000
                0x10002000                __top_RamLoc8 = 0x10002000

.text           0x00000000     0x1298
 FILL mask 0xff
 *(.isr_vector)
 .isr_vector    0x00000000       0xc0 ./startup/cr_startup_lpc11.o
                0x00000000                g_pfnVectors
 *(.text.Reset_Handler .text.SystemInit)
 .text.SystemInit
                0x000000c0       0xa8 ./cmsis/system_LPC11xx.o
                0x000000c0                SystemInit
                0x000002fc                . = 0x2fc
 *fill*         0x00000168      0x194 ff
 *(.crp)
 .crp           0x000002fc        0x4 ./driver/crp.o
                0x000002fc                CRP_WORD
 *(.text*)
 .text.ResetISR
                0x00000300       0x64 ./startup/cr_startup_lpc11.o
                0x00000300                ResetISR
 .text.NMI_Handler
                0x00000364        0x8 ./startup/cr_startup_lpc11.o
                0x00000364                NMI_Handler
 .text.HardFault_Handler
                0x0000036c        0x8 ./startup/cr_startup_lpc11.o
                0x0000036c                HardFault_Handler
 .text.SVCall_Handler
                0x00000374        0x8 ./startup/cr_startup_lpc11.o
                0x00000374                SVCall_Handler
 .text.PendSV_Handler
                0x0000037c        0x8 ./startup/cr_startup_lpc11.o
                0x0000037c                PendSV_Handler
 .text.SysTick_Handler
                0x00000384        0x8 ./startup/cr_startup_lpc11.o
                0x00000384                SysTick_Handler
 .text.IntDefaultHandler
                0x0000038c        0x8 ./startup/cr_startup_lpc11.o
                0x0000038c                TIMER16_0_IRQHandler
                0x0000038c                UART_IRQHandler
                0x0000038c                TIMER32_0_IRQHandler
                0x0000038c                TIMER32_1_IRQHandler
                0x0000038c                IntDefaultHandler
                0x0000038c                PIOINT1_IRQHandler
                0x0000038c                CAN_IRQHandler
                0x0000038c                TIMER16_1_IRQHandler
                0x0000038c                ADC_IRQHandler
                0x0000038c                PIOINT2_IRQHandler
                0x0000038c                BOD_IRQHandler
                0x0000038c                WAKEUP_IRQHandler
                0x0000038c                PIOINT0_IRQHandler
                0x0000038c                I2C_IRQHandler
                0x0000038c                WDT_IRQHandler
                0x0000038c                PIOINT3_IRQHandler
 .text.SSP_SEEPROMTest
                0x00000394      0x3e4 ./src/ssp_main.o
                0x00000394                SSP_SEEPROMTest
 .text.main     0x00000778       0x78 ./src/ssp_main.o
                0x00000778                main
 .text.GPIOSetValue
                0x000007f0       0x34 ./driver/gpio.o
                0x000007f0                GPIOSetValue
 .text.GPIOSetDir
                0x00000824       0x6c ./driver/gpio.o
                0x00000824                GPIOSetDir
 .text.SSP0_IRQHandler
                0x00000890       0x6c ./driver/ssp.o
                0x00000890                SSP0_IRQHandler
 .text.SSP1_IRQHandler
                0x000008fc       0x6c ./driver/ssp.o
                0x000008fc                SSP1_IRQHandler
 .text.SSP_IOConfig
                0x00000968      0x178 ./driver/ssp.o
                0x00000968                SSP_IOConfig
 .text.SSP_Init
                0x00000ae0       0xbc ./driver/ssp.o
                0x00000ae0                SSP_Init
 .text.NVIC_EnableIRQ
                0x00000b9c       0x28 ./driver/ssp.o
 .text.SSP_Send
                0x00000bc4       0xa0 ./driver/ssp.o
                0x00000bc4                SSP_Send
 .text.SSP_Receive
                0x00000c64       0x84 ./driver/ssp.o
                0x00000c64                SSP_Receive
 .text.SystemCoreClockUpdate
                0x00000ce8      0x15c ./cmsis/system_LPC11xx.o
                0x00000ce8                SystemCoreClockUpdate
 .text.__weak_main
                0x00000e44       0x14 d:/nxp/lpcxpresso_3.6_beta/tools/bin/../lib/gcc/arm-none-eabi/4.3.3/../../../../arm-none-eabi/lib/armv6-m\libcr_c.a(__weak__main.o)
                0x00000e44                __main
                0x00000e44                __weak_main
 .text          0x00000e58      0x338 d:/nxp/lpcxpresso_3.6_beta/tools/bin/../lib/gcc/arm-none-eabi/4.3.3/../../../../arm-none-eabi/lib/armv6-m\libcr_c.a(ctype.o)
                0x00000e58                _start_module_ctype
                0x00000f2c                islower
                0x0000101c                tolower
                0x00000f7c                ispunct
                0x00000fa4                isspace
                0x00001184                _end_module_ctype
                0x00000ff4                isxdigit
                0x0000111c                _ctype_init
                0x00000fcc                isupper
                0x00000e8c                isalpha
                0x00000f04                isgraph
                0x00000e64                isalnum
                0x00000f54                isprint
                0x0000109c                _set_ctype_8859
                0x00000edc                isdigit
                0x00000eb4                iscntrl
                0x0000105c                toupper
 .text._init_alloc
                0x00001190       0x14 d:/nxp/lpcxpresso_3.6_beta/tools/bin/../lib/gcc/arm-none-eabi/4.3.3/../../../../arm-none-eabi/lib/armv6-m\libcr_c.a(__init_alloc.o)
                0x00001190                _init_alloc
 .text.__aeabi_idiv0
                0x000011a4        0x4 d:/nxp/lpcxpresso_3.6_beta/tools/bin/../lib/gcc/arm-none-eabi/4.3.3/armv6-m\libcr_eabihelpers.a(rtlib.o)
                0x000011a4                __aeabi_idiv0
 .text.__bhs_uidivmod
                0x000011a8       0x88 d:/nxp/lpcxpresso_3.6_beta/tools/bin/../lib/gcc/arm-none-eabi/4.3.3/armv6-m\libcr_eabihelpers.a(rtlib.o)
                0x000011a8                __bhs_uidivmod
 .text.__aeabi_uidiv
                0x00001230       0x18 d:/nxp/lpcxpresso_3.6_beta/tools/bin/../lib/gcc/arm-none-eabi/4.3.3/armv6-m\libcr_eabihelpers.a(rtlib.o)
                0x00001230                __aeabi_uidiv
 *(.rodata*)
 .rodata.LPC_GPIO
                0x00001248       0x10 ./driver/gpio.o
 .rodata.SystemCoreClockUpdate
                0x00001258       0x40 ./cmsis/system_LPC11xx.o

.glue_7         0x00001298        0x0
 .glue_7        0x00000000        0x0 linker stubs

.glue_7t        0x00001298        0x0
 .glue_7t       0x00000000        0x0 linker stubs

.vfp11_veneer   0x00001298        0x0
 .vfp11_veneer  0x00000000        0x0 linker stubs

.v4_bx          0x00001298        0x0
 .v4_bx         0x00000000        0x0 linker stubs

.ARM.extab
 *(.ARM.extab* .gnu.linkonce.armextab.*)
                0x00001298                __exidx_start = .

.ARM.exidx
 *(.ARM.exidx* .gnu.linkonce.armexidx.*)
                0x00001298                __exidx_end = .
                0x00001298                _etext = .

.data           0x10000000      0x208 load address 0x00001298
                0x10000000                _data = .
 *(vtable)
 *(.data*)
 .data.SystemCoreClock
                0x10000000        0x4 ./cmsis/system_LPC11xx.o
                0x10000000                SystemCoreClock
 .data          0x10000004      0x204 d:/nxp/lpcxpresso_3.6_beta/tools/bin/../lib/gcc/arm-none-eabi/4.3.3/../../../../arm-none-eabi/lib/armv6-m\libcr_c.a(ctype.o)
                0x10000004                __ctype
                0x10000208                _edata = .

.bss            0x10000208       0x40 load address 0x000014a0
                0x10000208                _bss = .
 *(.bss*)
 .bss.interruptRxStat0
                0x10000208        0x4 ./driver/ssp.o
                0x10000208                interruptRxStat0
 .bss.interruptOverRunStat0
                0x1000020c        0x4 ./driver/ssp.o
                0x1000020c                interruptOverRunStat0
 .bss.interruptRxTimeoutStat0
                0x10000210        0x4 ./driver/ssp.o
                0x10000210                interruptRxTimeoutStat0
 .bss.interruptRxStat1
                0x10000214        0x4 ./driver/ssp.o
                0x10000214                interruptRxStat1
 .bss.interruptOverRunStat1
                0x10000218        0x4 ./driver/ssp.o
                0x10000218                interruptOverRunStat1
 .bss.interruptRxTimeoutStat1
                0x1000021c        0x4 ./driver/ssp.o
                0x1000021c                interruptRxTimeoutStat1
 *(COMMON)
 COMMON         0x10000220       0x20 ./src/ssp_main.o
                0x10000220                dest_addr
                0x10000230                src_addr
 COMMON         0x10000240        0x8 d:/nxp/lpcxpresso_3.6_beta/tools/bin/../lib/gcc/arm-none-eabi/4.3.3/../../../../arm-none-eabi/lib/armv6-m\libcr_c.a(__init_alloc.o)
                0x10000240                __heaps
                0x10000244                __end_of_heap
                0x10000248                _ebss = .

.cr_heap        0x10000248        0x0 load address 0x000014a0
                0x10000248                end = .
                0x10000248                _pvHeapStart = .
                0x10002000                _vRamTop = __top_RamLoc8
                0x10002000                _vStackTop = _vRamTop
OUTPUT(ssp.axf elf32-littlearm)

.debug_abbrev   0x00000000      0xaf2
 .debug_abbrev  0x00000000       0xbd ./startup/cr_startup_lpc11.o
 .debug_abbrev  0x000000bd      0x171 ./src/ssp_main.o
 .debug_abbrev  0x0000022e       0x35 ./driver/can.o
 .debug_abbrev  0x00000263       0x5a ./driver/crp.o
 .debug_abbrev  0x000002bd      0x19b ./driver/gpio.o
 .debug_abbrev  0x00000458      0x1f2 ./driver/ssp.o
 .debug_abbrev  0x0000064a       0xaf ./cmsis/core_cm0.o
 .debug_abbrev  0x000006f9      0x126 ./cmsis/system_LPC11xx.o
 .debug_abbrev  0x0000081f      0x2d3 d:/nxp/lpcxpresso_3.6_beta/tools/bin/../lib/gcc/arm-none-eabi/4.3.3/armv6-m\libcr_eabihelpers.a(rtlib.o)

.debug_info     0x00000000     0x3211
 .debug_info    0x00000000      0x1ae ./startup/cr_startup_lpc11.o
 .debug_info    0x000001ae      0x580 ./src/ssp_main.o
 .debug_info    0x0000072e       0x73 ./driver/can.o
 .debug_info    0x000007a1       0x95 ./driver/crp.o
 .debug_info    0x00000836      0x7f3 ./driver/gpio.o
 .debug_info    0x00001029      0xd26 ./driver/ssp.o
 .debug_info    0x00001d4f      0x2a3 ./cmsis/core_cm0.o
 .debug_info    0x00001ff2      0x561 ./cmsis/system_LPC11xx.o
 .debug_info    0x00002553      0xcbe d:/nxp/lpcxpresso_3.6_beta/tools/bin/../lib/gcc/arm-none-eabi/4.3.3/armv6-m\libcr_eabihelpers.a(rtlib.o)

.debug_line     0x00000000     0x1c07
 .debug_line    0x00000000      0x2e6 ./startup/cr_startup_lpc11.o
 .debug_line    0x000002e6      0x38d ./src/ssp_main.o
 .debug_line    0x00000673      0x28f ./driver/can.o
 .debug_line    0x00000902      0x298 ./driver/crp.o
 .debug_line    0x00000b9a      0x36b ./driver/gpio.o
 .debug_line    0x00000f05      0x383 ./driver/ssp.o
 .debug_line    0x00001288      0x30c ./cmsis/core_cm0.o
 .debug_line    0x00001594      0x2f0 ./cmsis/system_LPC11xx.o
 .debug_line    0x00001884      0x383 d:/nxp/lpcxpresso_3.6_beta/tools/bin/../lib/gcc/arm-none-eabi/4.3.3/armv6-m\libcr_eabihelpers.a(rtlib.o)

.debug_macinfo  0x00000000    0x2062f
 .debug_macinfo
                0x00000000     0x2874 ./startup/cr_startup_lpc11.o
 .debug_macinfo
                0x00002874     0x4b6b ./src/ssp_main.o
 .debug_macinfo
                0x000073df     0x4778 ./driver/can.o
 .debug_macinfo
                0x0000bb57     0x48bd ./driver/crp.o
 .debug_macinfo
                0x00010414     0x47b0 ./driver/gpio.o
 .debug_macinfo
                0x00014bc4     0x4b48 ./driver/ssp.o
 .debug_macinfo
                0x0001970c     0x2643 ./cmsis/core_cm0.o
 .debug_macinfo
                0x0001bd4f     0x48e0 ./cmsis/system_LPC11xx.o

.debug_frame    0x00000000      0x718
 .debug_frame   0x00000000       0xd8 ./startup/cr_startup_lpc11.o
 .debug_frame   0x000000d8       0x70 ./src/ssp_main.o
 .debug_frame   0x00000148      0x10c ./driver/gpio.o
 .debug_frame   0x00000254       0xf0 ./driver/ssp.o
 .debug_frame   0x00000344       0xc0 ./cmsis/core_cm0.o
 .debug_frame   0x00000404       0x44 ./cmsis/system_LPC11xx.o
 .debug_frame   0x00000448      0x2d0 d:/nxp/lpcxpresso_3.6_beta/tools/bin/../lib/gcc/arm-none-eabi/4.3.3/armv6-m\libcr_eabihelpers.a(rtlib.o)

.debug_loc      0x00000000     0x172d
 .debug_loc     0x00000000      0x139 ./startup/cr_startup_lpc11.o
 .debug_loc     0x00000139       0xa5 ./src/ssp_main.o
 .debug_loc     0x000001de      0x1ac ./driver/gpio.o
 .debug_loc     0x0000038a      0x181 ./driver/ssp.o
 .debug_loc     0x0000050b       0xbe ./cmsis/core_cm0.o
 .debug_loc     0x000005c9      0x135 ./cmsis/system_LPC11xx.o
 .debug_loc     0x000006fe     0x102f d:/nxp/lpcxpresso_3.6_beta/tools/bin/../lib/gcc/arm-none-eabi/4.3.3/armv6-m\libcr_eabihelpers.a(rtlib.o)

.debug_pubnames
                0x00000000      0x5c4
 .debug_pubnames
                0x00000000       0xa6 ./startup/cr_startup_lpc11.o
 .debug_pubnames
                0x000000a6       0x5f ./src/ssp_main.o
 .debug_pubnames
                0x00000105       0x1f ./driver/crp.o
 .debug_pubnames
                0x00000124       0x9c ./driver/gpio.o
 .debug_pubnames
                0x000001c0      0x10b ./driver/ssp.o
 .debug_pubnames
                0x000002cb       0xb4 ./cmsis/core_cm0.o
 .debug_pubnames
                0x0000037f       0x4f ./cmsis/system_LPC11xx.o
 .debug_pubnames
                0x000003ce      0x1f6 d:/nxp/lpcxpresso_3.6_beta/tools/bin/../lib/gcc/arm-none-eabi/4.3.3/armv6-m\libcr_eabihelpers.a(rtlib.o)

.debug_aranges  0x00000000      0x2a8
 .debug_aranges
                0x00000000       0x50 ./startup/cr_startup_lpc11.o
 .debug_aranges
                0x00000050       0x30 ./src/ssp_main.o
 .debug_aranges
                0x00000080       0x58 ./driver/gpio.o
 .debug_aranges
                0x000000d8       0x50 ./driver/ssp.o
 .debug_aranges
                0x00000128       0x70 ./cmsis/core_cm0.o
 .debug_aranges
                0x00000198       0x28 ./cmsis/system_LPC11xx.o
 .debug_aranges
                0x000001c0       0xe8 d:/nxp/lpcxpresso_3.6_beta/tools/bin/../lib/gcc/arm-none-eabi/4.3.3/armv6-m\libcr_eabihelpers.a(rtlib.o)

.debug_ranges   0x00000000      0x350
 .debug_ranges  0x00000000       0x48 ./startup/cr_startup_lpc11.o
 .debug_ranges  0x00000048       0x28 ./src/ssp_main.o
 .debug_ranges  0x00000070       0x50 ./driver/gpio.o
 .debug_ranges  0x000000c0       0x48 ./driver/ssp.o
 .debug_ranges  0x00000108       0x68 ./cmsis/core_cm0.o
 .debug_ranges  0x00000170       0x20 ./cmsis/system_LPC11xx.o
 .debug_ranges  0x00000190      0x1c0 d:/nxp/lpcxpresso_3.6_beta/tools/bin/../lib/gcc/arm-none-eabi/4.3.3/armv6-m\libcr_eabihelpers.a(rtlib.o)

.debug_str      0x00000000      0xd02
 .debug_str     0x00000000      0x15f ./startup/cr_startup_lpc11.o
                                0x193 (size before relaxing)
 .debug_str     0x0000015f      0x212 ./src/ssp_main.o
                                0x2d3 (size before relaxing)
 .debug_str     0x00000371       0x10 ./driver/can.o
                                 0xd1 (size before relaxing)
 .debug_str     0x00000381       0x19 ./driver/crp.o
                                 0xe3 (size before relaxing)
 .debug_str     0x0000039a      0x31c ./driver/gpio.o
                                0x42f (size before relaxing)
 .debug_str     0x000006b6      0x301 ./driver/ssp.o
                                0x7fe (size before relaxing)
 .debug_str     0x000009b7       0xce ./cmsis/core_cm0.o
                                0x1a8 (size before relaxing)
 .debug_str     0x00000a85       0x59 ./cmsis/system_LPC11xx.o
                                0x3bc (size before relaxing)
 .debug_str     0x00000ade      0x224 d:/nxp/lpcxpresso_3.6_beta/tools/bin/../lib/gcc/arm-none-eabi/4.3.3/armv6-m\libcr_eabihelpers.a(rtlib.o)
                                0x29f (size before relaxing)

.comment        0x00000000      0x204
 .comment       0x00000000       0x2b ./startup/cr_startup_lpc11.o
 .comment       0x0000002b       0x2b ./src/ssp_main.o
 .comment       0x00000056       0x2b ./driver/can.o
 .comment       0x00000081       0x2b ./driver/crp.o
 .comment       0x000000ac       0x2b ./driver/gpio.o
 .comment       0x000000d7       0x2b ./driver/ssp.o
 .comment       0x00000102       0x2b ./cmsis/core_cm0.o
 .comment       0x0000012d       0x2b ./cmsis/system_LPC11xx.o
 .comment       0x00000158       0x2b d:/nxp/lpcxpresso_3.6_beta/tools/bin/../lib/gcc/arm-none-eabi/4.3.3/../../../../arm-none-eabi/lib/armv6-m\libcr_c.a(__weak__main.o)
 .comment       0x00000183       0x2b d:/nxp/lpcxpresso_3.6_beta/tools/bin/../lib/gcc/arm-none-eabi/4.3.3/../../../../arm-none-eabi/lib/armv6-m\libcr_c.a(ctype.o)
 .comment       0x000001ae       0x2b d:/nxp/lpcxpresso_3.6_beta/tools/bin/../lib/gcc/arm-none-eabi/4.3.3/../../../../arm-none-eabi/lib/armv6-m\libcr_c.a(__init_alloc.o)
 .comment       0x000001d9       0x2b d:/nxp/lpcxpresso_3.6_beta/tools/bin/../lib/gcc/arm-none-eabi/4.3.3/armv6-m\libcr_eabihelpers.a(rtlib.o)

.ARM.attributes
                0x00000000       0x31
 .ARM.attributes
                0x00000000       0x31 ./startup/cr_startup_lpc11.o
 .ARM.attributes
                0x00000031       0x31 ./src/ssp_main.o
 .ARM.attributes
                0x00000062       0x31 ./driver/can.o
 .ARM.attributes
                0x00000093       0x31 ./driver/crp.o
 .ARM.attributes
                0x000000c4       0x31 ./driver/gpio.o
 .ARM.attributes
                0x000000f5       0x31 ./driver/ssp.o
 .ARM.attributes
                0x00000126       0x31 ./cmsis/core_cm0.o
 .ARM.attributes
                0x00000157       0x31 ./cmsis/system_LPC11xx.o
 .ARM.attributes
                0x00000188       0x30 d:/nxp/lpcxpresso_3.6_beta/tools/bin/../lib/gcc/arm-none-eabi/4.3.3/../../../../arm-none-eabi/lib/armv6-m\libcr_c.a(__weak__main.o)
 .ARM.attributes
                0x000001b8       0x30 d:/nxp/lpcxpresso_3.6_beta/tools/bin/../lib/gcc/arm-none-eabi/4.3.3/../../../../arm-none-eabi/lib/armv6-m\libcr_c.a(ctype.o)
 .ARM.attributes
                0x000001e8       0x30 d:/nxp/lpcxpresso_3.6_beta/tools/bin/../lib/gcc/arm-none-eabi/4.3.3/../../../../arm-none-eabi/lib/armv6-m\libcr_c.a(__init_alloc.o)
 .ARM.attributes
                0x00000218       0x30 d:/nxp/lpcxpresso_3.6_beta/tools/bin/../lib/gcc/arm-none-eabi/4.3.3/armv6-m\libcr_eabihelpers.a(rtlib.o)
