Archive member included because of file (symbol)

d:/nxp/lpcxpresso_3.6_beta/tools/bin/../lib/gcc/arm-none-eabi/4.3.3/../../../../arm-none-eabi/lib/armv6-m\libcr_c.a(__weak__main.o)
                              ./startup/cr_startup_lpc11.o (__main)
d:/nxp/lpcxpresso_3.6_beta/tools/bin/../lib/gcc/arm-none-eabi/4.3.3/../../../../arm-none-eabi/lib/armv6-m\libcr_c.a(ctype.o)
                              d:/nxp/lpcxpresso_3.6_beta/tools/bin/../lib/gcc/arm-none-eabi/4.3.3/../../../../arm-none-eabi/lib/armv6-m\libcr_c.a(__weak__main.o) (_ctype_init)
d:/nxp/lpcxpresso_3.6_beta/tools/bin/../lib/gcc/arm-none-eabi/4.3.3/../../../../arm-none-eabi/lib/armv6-m\libcr_c.a(__init_alloc.o)
                              d:/nxp/lpcxpresso_3.6_beta/tools/bin/../lib/gcc/arm-none-eabi/4.3.3/../../../../arm-none-eabi/lib/armv6-m\libcr_c.a(__weak__main.o) (_init_alloc)
d:/nxp/lpcxpresso_3.6_beta/tools/bin/../lib/gcc/arm-none-eabi/4.3.3/armv6-m\libcr_eabihelpers.a(rtlib.o)
                              ./driver/timer16.o (__aeabi_uidiv)

Allocating common symbols
Common symbol       size              file

__heaps             0x4               d:/nxp/lpcxpresso_3.6_beta/tools/bin/../lib/gcc/arm-none-eabi/4.3.3/../../../../arm-none-eabi/lib/armv6-m\libcr_c.a(__init_alloc.o)
__end_of_heap       0x4               d:/nxp/lpcxpresso_3.6_beta/tools/bin/../lib/gcc/arm-none-eabi/4.3.3/../../../../arm-none-eabi/lib/armv6-m\libcr_c.a(__init_alloc.o)

Discarded input sections

 .text          0x00000000        0x0 ./startup/cr_startup_lpc11.o
 .data          0x00000000        0x0 ./startup/cr_startup_lpc11.o
 .bss           0x00000000        0x0 ./startup/cr_startup_lpc11.o
 .text.SysTick_Handler
                0x00000000        0x0 ./startup/cr_startup_lpc11.o
 .text          0x00000000        0x0 ./src/main.o
 .data          0x00000000        0x0 ./src/main.o
 .bss           0x00000000        0x0 ./src/main.o
 .bss.WDO_clocks.1629
                0x00000000        0x0 ./src/main.o
 .text.MeasureWDO
                0x00000000        0x0 ./src/main.o
 .text          0x00000000        0x0 ./driver/crp.o
 .data          0x00000000        0x0 ./driver/crp.o
 .bss           0x00000000        0x0 ./driver/crp.o
 .text          0x00000000        0x0 ./driver/gpio.o
 .data          0x00000000        0x0 ./driver/gpio.o
 .bss           0x00000000        0x0 ./driver/gpio.o
 .text          0x00000000        0x0 ./driver/timer16.o
 .data          0x00000000        0x0 ./driver/timer16.o
 .bss           0x00000000        0x0 ./driver/timer16.o
 .bss.timer16_0_period
                0x00000000        0x0 ./driver/timer16.o
 .bss.timer16_1_period
                0x00000000        0x0 ./driver/timer16.o
 .text.delayMs  0x00000000        0x0 ./driver/timer16.o
 .text.enable_timer16
                0x00000000        0x0 ./driver/timer16.o
 .text.disable_timer16
                0x00000000        0x0 ./driver/timer16.o
 .text.reset_timer16
                0x00000000        0x0 ./driver/timer16.o
 .text.init_timer16
                0x00000000        0x0 ./driver/timer16.o
 .text.NVIC_EnableIRQ
                0x00000000        0x0 ./driver/timer16.o
 .text.init_timer16PWM
                0x00000000        0x0 ./driver/timer16.o
 .text.setMatch_timer16PWM
                0x00000000        0x0 ./driver/timer16.o
 .text          0x00000000        0x0 ./cmsis/core_cm0.o
 .data          0x00000000        0x0 ./cmsis/core_cm0.o
 .bss           0x00000000        0x0 ./cmsis/core_cm0.o
 .text.__get_PSP
                0x00000000        0x0 ./cmsis/core_cm0.o
 .text.__set_PSP
                0x00000000        0x0 ./cmsis/core_cm0.o
 .text.__get_MSP
                0x00000000        0x0 ./cmsis/core_cm0.o
 .text.__set_MSP
                0x00000000        0x0 ./cmsis/core_cm0.o
 .text.__get_PRIMASK
                0x00000000        0x0 ./cmsis/core_cm0.o
 .text.__set_PRIMASK
                0x00000000        0x0 ./cmsis/core_cm0.o
 .text.__get_CONTROL
                0x00000000        0x0 ./cmsis/core_cm0.o
 .text.__set_CONTROL
                0x00000000        0x0 ./cmsis/core_cm0.o
 .text.__REV    0x00000000        0x0 ./cmsis/core_cm0.o
 .text.__REV16  0x00000000        0x0 ./cmsis/core_cm0.o
 .text.__REVSH  0x00000000        0x0 ./cmsis/core_cm0.o
 .text          0x00000000        0x0 ./cmsis/system_LPC11xx.o
 .data          0x00000000        0x0 ./cmsis/system_LPC11xx.o
 .bss           0x00000000        0x0 ./cmsis/system_LPC11xx.o
 .text.SystemCoreClockUpdate
                0x00000000        0x0 ./cmsis/system_LPC11xx.o
 .rodata.SystemCoreClockUpdate
                0x00000000        0x0 ./cmsis/system_LPC11xx.o
 .text.SystemInit
                0x00000000        0x0 ./cmsis/system_LPC11xx.o
 .data.SystemCoreClock
                0x00000000        0x0 ./cmsis/system_LPC11xx.o
 .text          0x00000000        0x0 d:/nxp/lpcxpresso_3.6_beta/tools/bin/../lib/gcc/arm-none-eabi/4.3.3/../../../../arm-none-eabi/lib/armv6-m\libcr_c.a(__weak__main.o)
 .data          0x00000000        0x0 d:/nxp/lpcxpresso_3.6_beta/tools/bin/../lib/gcc/arm-none-eabi/4.3.3/../../../../arm-none-eabi/lib/armv6-m\libcr_c.a(__weak__main.o)
 .bss           0x00000000        0x0 d:/nxp/lpcxpresso_3.6_beta/tools/bin/../lib/gcc/arm-none-eabi/4.3.3/../../../../arm-none-eabi/lib/armv6-m\libcr_c.a(__weak__main.o)
 .bss           0x00000000        0x0 d:/nxp/lpcxpresso_3.6_beta/tools/bin/../lib/gcc/arm-none-eabi/4.3.3/../../../../arm-none-eabi/lib/armv6-m\libcr_c.a(ctype.o)
 .text          0x00000000        0x0 d:/nxp/lpcxpresso_3.6_beta/tools/bin/../lib/gcc/arm-none-eabi/4.3.3/../../../../arm-none-eabi/lib/armv6-m\libcr_c.a(__init_alloc.o)
 .data          0x00000000        0x0 d:/nxp/lpcxpresso_3.6_beta/tools/bin/../lib/gcc/arm-none-eabi/4.3.3/../../../../arm-none-eabi/lib/armv6-m\libcr_c.a(__init_alloc.o)
 .bss           0x00000000        0x0 d:/nxp/lpcxpresso_3.6_beta/tools/bin/../lib/gcc/arm-none-eabi/4.3.3/../../../../arm-none-eabi/lib/armv6-m\libcr_c.a(__init_alloc.o)
 .text._start_module__init_alloc
                0x00000000        0x0 d:/nxp/lpcxpresso_3.6_beta/tools/bin/../lib/gcc/arm-none-eabi/4.3.3/../../../../arm-none-eabi/lib/armv6-m\libcr_c.a(__init_alloc.o)
 .text._end_module__init_alloc
                0x00000000        0x0 d:/nxp/lpcxpresso_3.6_beta/tools/bin/../lib/gcc/arm-none-eabi/4.3.3/../../../../arm-none-eabi/lib/armv6-m\libcr_c.a(__init_alloc.o)
 .text          0x00000000        0x0 d:/nxp/lpcxpresso_3.6_beta/tools/bin/../lib/gcc/arm-none-eabi/4.3.3/armv6-m\libcr_eabihelpers.a(rtlib.o)
 .data          0x00000000        0x0 d:/nxp/lpcxpresso_3.6_beta/tools/bin/../lib/gcc/arm-none-eabi/4.3.3/armv6-m\libcr_eabihelpers.a(rtlib.o)
 .bss           0x00000000        0x0 d:/nxp/lpcxpresso_3.6_beta/tools/bin/../lib/gcc/arm-none-eabi/4.3.3/armv6-m\libcr_eabihelpers.a(rtlib.o)
 .text.__aeabi_lmul
                0x00000000        0x0 d:/nxp/lpcxpresso_3.6_beta/tools/bin/../lib/gcc/arm-none-eabi/4.3.3/armv6-m\libcr_eabihelpers.a(rtlib.o)
 .text.__aeabi_llsl
                0x00000000        0x0 d:/nxp/lpcxpresso_3.6_beta/tools/bin/../lib/gcc/arm-none-eabi/4.3.3/armv6-m\libcr_eabihelpers.a(rtlib.o)
 .text.__aeabi_llsr
                0x00000000        0x0 d:/nxp/lpcxpresso_3.6_beta/tools/bin/../lib/gcc/arm-none-eabi/4.3.3/armv6-m\libcr_eabihelpers.a(rtlib.o)
 .text.__aeabi_lasr
                0x00000000        0x0 d:/nxp/lpcxpresso_3.6_beta/tools/bin/../lib/gcc/arm-none-eabi/4.3.3/armv6-m\libcr_eabihelpers.a(rtlib.o)
 .text.__aeabi_lcmp
                0x00000000        0x0 d:/nxp/lpcxpresso_3.6_beta/tools/bin/../lib/gcc/arm-none-eabi/4.3.3/armv6-m\libcr_eabihelpers.a(rtlib.o)
 .text.__aeabi_ulcmp
                0x00000000        0x0 d:/nxp/lpcxpresso_3.6_beta/tools/bin/../lib/gcc/arm-none-eabi/4.3.3/armv6-m\libcr_eabihelpers.a(rtlib.o)
 .text.__aeabi_uread4
                0x00000000        0x0 d:/nxp/lpcxpresso_3.6_beta/tools/bin/../lib/gcc/arm-none-eabi/4.3.3/armv6-m\libcr_eabihelpers.a(rtlib.o)
 .text.__aeabi_uread8
                0x00000000        0x0 d:/nxp/lpcxpresso_3.6_beta/tools/bin/../lib/gcc/arm-none-eabi/4.3.3/armv6-m\libcr_eabihelpers.a(rtlib.o)
 .text.__aeabi_uwrite4
                0x00000000        0x0 d:/nxp/lpcxpresso_3.6_beta/tools/bin/../lib/gcc/arm-none-eabi/4.3.3/armv6-m\libcr_eabihelpers.a(rtlib.o)
 .text.__aeabi_uwrite8
                0x00000000        0x0 d:/nxp/lpcxpresso_3.6_beta/tools/bin/../lib/gcc/arm-none-eabi/4.3.3/armv6-m\libcr_eabihelpers.a(rtlib.o)
 .text.__aeabi_memcpy
                0x00000000        0x0 d:/nxp/lpcxpresso_3.6_beta/tools/bin/../lib/gcc/arm-none-eabi/4.3.3/armv6-m\libcr_eabihelpers.a(rtlib.o)
 .text.__aeabi_memcpy4
                0x00000000        0x0 d:/nxp/lpcxpresso_3.6_beta/tools/bin/../lib/gcc/arm-none-eabi/4.3.3/armv6-m\libcr_eabihelpers.a(rtlib.o)
 .text.__aeabi_memmove
                0x00000000        0x0 d:/nxp/lpcxpresso_3.6_beta/tools/bin/../lib/gcc/arm-none-eabi/4.3.3/armv6-m\libcr_eabihelpers.a(rtlib.o)
 .text.__aeabi_memmove4
                0x00000000        0x0 d:/nxp/lpcxpresso_3.6_beta/tools/bin/../lib/gcc/arm-none-eabi/4.3.3/armv6-m\libcr_eabihelpers.a(rtlib.o)
 .text.__aeabi_memset
                0x00000000        0x0 d:/nxp/lpcxpresso_3.6_beta/tools/bin/../lib/gcc/arm-none-eabi/4.3.3/armv6-m\libcr_eabihelpers.a(rtlib.o)
 .text.__aeabi_memset4
                0x00000000        0x0 d:/nxp/lpcxpresso_3.6_beta/tools/bin/../lib/gcc/arm-none-eabi/4.3.3/armv6-m\libcr_eabihelpers.a(rtlib.o)
 .text.__aeabi_memclr
                0x00000000        0x0 d:/nxp/lpcxpresso_3.6_beta/tools/bin/../lib/gcc/arm-none-eabi/4.3.3/armv6-m\libcr_eabihelpers.a(rtlib.o)
 .text.__aeabi_memclr4
                0x00000000        0x0 d:/nxp/lpcxpresso_3.6_beta/tools/bin/../lib/gcc/arm-none-eabi/4.3.3/armv6-m\libcr_eabihelpers.a(rtlib.o)
 .text.__aeabi_idiv0
                0x00000000        0x0 d:/nxp/lpcxpresso_3.6_beta/tools/bin/../lib/gcc/arm-none-eabi/4.3.3/armv6-m\libcr_eabihelpers.a(rtlib.o)
 .text.__bhs_uidivmod
                0x00000000        0x0 d:/nxp/lpcxpresso_3.6_beta/tools/bin/../lib/gcc/arm-none-eabi/4.3.3/armv6-m\libcr_eabihelpers.a(rtlib.o)
 .text.__aeabi_idiv
                0x00000000        0x0 d:/nxp/lpcxpresso_3.6_beta/tools/bin/../lib/gcc/arm-none-eabi/4.3.3/armv6-m\libcr_eabihelpers.a(rtlib.o)
 .text.__aeabi_uidiv
                0x00000000        0x0 d:/nxp/lpcxpresso_3.6_beta/tools/bin/../lib/gcc/arm-none-eabi/4.3.3/armv6-m\libcr_eabihelpers.a(rtlib.o)
 .text.__bhs_idivmod
                0x00000000        0x0 d:/nxp/lpcxpresso_3.6_beta/tools/bin/../lib/gcc/arm-none-eabi/4.3.3/armv6-m\libcr_eabihelpers.a(rtlib.o)
 .text.__aeabi_ldiv0
                0x00000000        0x0 d:/nxp/lpcxpresso_3.6_beta/tools/bin/../lib/gcc/arm-none-eabi/4.3.3/armv6-m\libcr_eabihelpers.a(rtlib.o)
 .text.__bhs_uldivmod
                0x00000000        0x0 d:/nxp/lpcxpresso_3.6_beta/tools/bin/../lib/gcc/arm-none-eabi/4.3.3/armv6-m\libcr_eabihelpers.a(rtlib.o)
 .text.__bhs_ldivmod
                0x00000000        0x0 d:/nxp/lpcxpresso_3.6_beta/tools/bin/../lib/gcc/arm-none-eabi/4.3.3/armv6-m\libcr_eabihelpers.a(rtlib.o)

Memory Configuration

Name             Origin             Length             Attributes
MFlash32         0x00000000         0x00008000         xr
RamLoc8          0x10000000         0x00002000         xrw
*default*        0x00000000         0xffffffff

Linker script and memory map

LOAD ./startup/cr_startup_lpc11.o
LOAD ./src/main.o
LOAD ./driver/crp.o
LOAD ./driver/gpio.o
LOAD ./driver/timer16.o
LOAD ./cmsis/core_cm0.o
LOAD ./cmsis/system_LPC11xx.o
START GROUP
LOAD d:/nxp/lpcxpresso_3.6_beta/tools/bin/../lib/gcc/arm-none-eabi/4.3.3/../../../../arm-none-eabi/lib/armv6-m\libcr_c.a
LOAD d:/nxp/lpcxpresso_3.6_beta/tools/bin/../lib/gcc/arm-none-eabi/4.3.3/../../../../arm-none-eabi/lib/armv6-m\libcr_semihost.a
LOAD d:/nxp/lpcxpresso_3.6_beta/tools/bin/../lib/gcc/arm-none-eabi/4.3.3/armv6-m\libcr_eabihelpers.a
END GROUP
                0x00008000                __top_MFlash32 = 0x8000
                0x10002000                __top_RamLoc8 = 0x10002000

.text           0x00000000      0xaf4
 FILL mask 0xff
 *(.isr_vector)
 .isr_vector    0x00000000       0xc0 ./startup/cr_startup_lpc11.o
                0x00000000                g_pfnVectors
 *(.text.Reset_Handler .text.SystemInit)
                0x000002fc                . = 0x2fc
 *fill*         0x000000c0      0x23c ff
 *(.crp)
 .crp           0x000002fc        0x4 ./driver/crp.o
                0x000002fc                CRP_WORD
 *(.text*)
 .text.ResetISR
                0x00000300       0x60 ./startup/cr_startup_lpc11.o
                0x00000300                ResetISR
 .text.NMI_Handler
                0x00000360        0x8 ./startup/cr_startup_lpc11.o
                0x00000360                NMI_Handler
 .text.HardFault_Handler
                0x00000368        0x8 ./startup/cr_startup_lpc11.o
                0x00000368                HardFault_Handler
 .text.SVCall_Handler
                0x00000370        0x8 ./startup/cr_startup_lpc11.o
                0x00000370                SVCall_Handler
 .text.PendSV_Handler
                0x00000378        0x8 ./startup/cr_startup_lpc11.o
                0x00000378                PendSV_Handler
 .text.IntDefaultHandler
                0x00000380        0x8 ./startup/cr_startup_lpc11.o
                0x00000380                UART_IRQHandler
                0x00000380                TIMER32_0_IRQHandler
                0x00000380                TIMER32_1_IRQHandler
                0x00000380                IntDefaultHandler
                0x00000380                PIOINT1_IRQHandler
                0x00000380                CAN_IRQHandler
                0x00000380                SSP0_IRQHandler
                0x00000380                ADC_IRQHandler
                0x00000380                SSP1_IRQHandler
                0x00000380                PIOINT2_IRQHandler
                0x00000380                BOD_IRQHandler
                0x00000380                PIOINT0_IRQHandler
                0x00000380                I2C_IRQHandler
                0x00000380                WDT_IRQHandler
                0x00000380                PIOINT3_IRQHandler
 .text.main     0x00000388       0x4c ./src/main.o
                0x00000388                main
 .text.EnterDeepSleep
                0x000003d4       0x30 ./src/main.o
                0x000003d4                EnterDeepSleep
 .text.__WFI    0x00000404        0xc ./src/main.o
 .text.WAKEUP_IRQHandler
                0x00000410       0x54 ./src/main.o
                0x00000410                WAKEUP_IRQHandler
 .text.SysTick_Handler
                0x00000464        0x8 ./src/main.o
                0x00000464                SysTick_Handler
 .text.Wait1mS  0x0000046c       0x38 ./src/main.o
                0x0000046c                Wait1mS
 .text.InitDeepSleep
                0x000004a4       0xb8 ./src/main.o
                0x000004a4                InitDeepSleep
 .text.NVIC_EnableIRQ
                0x0000055c       0x28 ./src/main.o
 .text.InitGPIOForSleep
                0x00000584      0x170 ./src/main.o
                0x00000584                InitGPIOForSleep
 .text.TIMER16_0_IRQHandler
                0x000006f4       0x50 ./driver/timer16.o
                0x000006f4                TIMER16_0_IRQHandler
 .text.TIMER16_1_IRQHandler
                0x00000744       0x50 ./driver/timer16.o
                0x00000744                TIMER16_1_IRQHandler
 .text.__weak_main
                0x00000794       0x14 d:/nxp/lpcxpresso_3.6_beta/tools/bin/../lib/gcc/arm-none-eabi/4.3.3/../../../../arm-none-eabi/lib/armv6-m\libcr_c.a(__weak__main.o)
                0x00000794                __main
                0x00000794                __weak_main
 .text          0x000007a8      0x338 d:/nxp/lpcxpresso_3.6_beta/tools/bin/../lib/gcc/arm-none-eabi/4.3.3/../../../../arm-none-eabi/lib/armv6-m\libcr_c.a(ctype.o)
                0x000007a8                _start_module_ctype
                0x0000087c                islower
                0x0000096c                tolower
                0x000008cc                ispunct
                0x000008f4                isspace
                0x00000ad4                _end_module_ctype
                0x00000944                isxdigit
                0x00000a6c                _ctype_init
                0x0000091c                isupper
                0x000007dc                isalpha
                0x00000854                isgraph
                0x000007b4                isalnum
                0x000008a4                isprint
                0x000009ec                _set_ctype_8859
                0x0000082c                isdigit
                0x00000804                iscntrl
                0x000009ac                toupper
 .text._init_alloc
                0x00000ae0       0x14 d:/nxp/lpcxpresso_3.6_beta/tools/bin/../lib/gcc/arm-none-eabi/4.3.3/../../../../arm-none-eabi/lib/armv6-m\libcr_c.a(__init_alloc.o)
                0x00000ae0                _init_alloc
 *(.rodata*)

.glue_7         0x00000af4        0x0
 .glue_7        0x00000000        0x0 linker stubs

.glue_7t        0x00000af4        0x0
 .glue_7t       0x00000000        0x0 linker stubs

.vfp11_veneer   0x00000af4        0x0
 .vfp11_veneer  0x00000000        0x0 linker stubs

.v4_bx          0x00000af4        0x0
 .v4_bx         0x00000000        0x0 linker stubs

.ARM.extab
 *(.ARM.extab* .gnu.linkonce.armextab.*)
                0x00000af4                __exidx_start = .

.ARM.exidx
 *(.ARM.exidx* .gnu.linkonce.armexidx.*)
                0x00000af4                __exidx_end = .
                0x00000af4                _etext = .

.data           0x10000000      0x204 load address 0x00000af4
                0x10000000                _data = .
 *(vtable)
 *(.data*)
 .data          0x10000000      0x204 d:/nxp/lpcxpresso_3.6_beta/tools/bin/../lib/gcc/arm-none-eabi/4.3.3/../../../../arm-none-eabi/lib/armv6-m\libcr_c.a(ctype.o)
                0x10000000                __ctype
                0x10000204                _edata = .

.bss            0x10000204       0x18 load address 0x00000cf8
                0x10000204                _bss = .
 *(.bss*)
 .bss.timer16_0_counter
                0x10000204        0x4 ./driver/timer16.o
                0x10000204                timer16_0_counter
 .bss.timer16_1_counter
                0x10000208        0x4 ./driver/timer16.o
                0x10000208                timer16_1_counter
 .bss.timer16_0_capture
                0x1000020c        0x4 ./driver/timer16.o
                0x1000020c                timer16_0_capture
 .bss.timer16_1_capture
                0x10000210        0x4 ./driver/timer16.o
                0x10000210                timer16_1_capture
 *(COMMON)
 COMMON         0x10000214        0x8 d:/nxp/lpcxpresso_3.6_beta/tools/bin/../lib/gcc/arm-none-eabi/4.3.3/../../../../arm-none-eabi/lib/armv6-m\libcr_c.a(__init_alloc.o)
                0x10000214                __heaps
                0x10000218                __end_of_heap
                0x1000021c                _ebss = .

.cr_heap        0x1000021c        0x0 load address 0x00000cf8
                0x1000021c                end = .
                0x1000021c                _pvHeapStart = .
                0x10002000                _vRamTop = __top_RamLoc8
                0x10002000                _vStackTop = _vRamTop
OUTPUT(timedwakeup.axf elf32-littlearm)

.debug_abbrev   0x00000000      0x9c2
 .debug_abbrev  0x00000000       0xb2 ./startup/cr_startup_lpc11.o
 .debug_abbrev  0x000000b2      0x1f2 ./src/main.o
 .debug_abbrev  0x000002a4       0x5a ./driver/crp.o
 .debug_abbrev  0x000002fe       0x35 ./driver/gpio.o
 .debug_abbrev  0x00000333      0x1c6 ./driver/timer16.o
 .debug_abbrev  0x000004f9       0xd0 ./cmsis/core_cm0.o
 .debug_abbrev  0x000005c9      0x126 ./cmsis/system_LPC11xx.o
 .debug_abbrev  0x000006ef      0x2d3 d:/nxp/lpcxpresso_3.6_beta/tools/bin/../lib/gcc/arm-none-eabi/4.3.3/armv6-m\libcr_eabihelpers.a(rtlib.o)

.debug_info     0x00000000     0x32f1
 .debug_info    0x00000000      0x16f ./startup/cr_startup_lpc11.o
 .debug_info    0x0000016f      0xde6 ./src/main.o
 .debug_info    0x00000f55       0x95 ./driver/crp.o
 .debug_info    0x00000fea       0x73 ./driver/gpio.o
 .debug_info    0x0000105d      0xdce ./driver/timer16.o
 .debug_info    0x00001e2b      0x2a7 ./cmsis/core_cm0.o
 .debug_info    0x000020d2      0x561 ./cmsis/system_LPC11xx.o
 .debug_info    0x00002633      0xcbe d:/nxp/lpcxpresso_3.6_beta/tools/bin/../lib/gcc/arm-none-eabi/4.3.3/armv6-m\libcr_eabihelpers.a(rtlib.o)

.debug_line     0x00000000     0x1721
 .debug_line    0x00000000       0xbd ./startup/cr_startup_lpc11.o
 .debug_line    0x000000bd      0x3e6 ./src/main.o
 .debug_line    0x000004a3      0x298 ./driver/crp.o
 .debug_line    0x0000073b      0x290 ./driver/gpio.o
 .debug_line    0x000009cb      0x3cd ./driver/timer16.o
 .debug_line    0x00000d98      0x316 ./cmsis/core_cm0.o
 .debug_line    0x000010ae      0x2f0 ./cmsis/system_LPC11xx.o
 .debug_line    0x0000139e      0x383 d:/nxp/lpcxpresso_3.6_beta/tools/bin/../lib/gcc/arm-none-eabi/4.3.3/armv6-m\libcr_eabihelpers.a(rtlib.o)

.debug_macinfo  0x00000000    0x1a366
 .debug_macinfo
                0x00000000      0xc4c ./startup/cr_startup_lpc11.o
 .debug_macinfo
                0x00000c4c     0x4f6d ./src/main.o
 .debug_macinfo
                0x00005bb9     0x48d9 ./driver/crp.o
 .debug_macinfo
                0x0000a492     0x477e ./driver/gpio.o
 .debug_macinfo
                0x0000ec10     0x4868 ./driver/timer16.o
 .debug_macinfo
                0x00013478     0x261e ./cmsis/core_cm0.o
 .debug_macinfo
                0x00015a96     0x48d0 ./cmsis/system_LPC11xx.o

.debug_frame    0x00000000      0x798
 .debug_frame   0x00000000       0xd8 ./startup/cr_startup_lpc11.o
 .debug_frame   0x000000d8      0x134 ./src/main.o
 .debug_frame   0x0000020c      0x148 ./driver/timer16.o
 .debug_frame   0x00000354      0x130 ./cmsis/core_cm0.o
 .debug_frame   0x00000484       0x44 ./cmsis/system_LPC11xx.o
 .debug_frame   0x000004c8      0x2d0 d:/nxp/lpcxpresso_3.6_beta/tools/bin/../lib/gcc/arm-none-eabi/4.3.3/armv6-m\libcr_eabihelpers.a(rtlib.o)

.debug_loc      0x00000000     0x17fe
 .debug_loc     0x00000000      0x139 ./startup/cr_startup_lpc11.o
 .debug_loc     0x00000139      0x1d2 ./src/main.o
 .debug_loc     0x0000030b      0x20e ./driver/timer16.o
 .debug_loc     0x00000519      0x181 ./cmsis/core_cm0.o
 .debug_loc     0x0000069a      0x135 ./cmsis/system_LPC11xx.o
 .debug_loc     0x000007cf     0x102f d:/nxp/lpcxpresso_3.6_beta/tools/bin/../lib/gcc/arm-none-eabi/4.3.3/armv6-m\libcr_eabihelpers.a(rtlib.o)

.debug_pubnames
                0x00000000      0x5a0
 .debug_pubnames
                0x00000000       0xa6 ./startup/cr_startup_lpc11.o
 .debug_pubnames
                0x000000a6       0x9a ./src/main.o
 .debug_pubnames
                0x00000140       0x1f ./driver/crp.o
 .debug_pubnames
                0x0000015f      0x148 ./driver/timer16.o
 .debug_pubnames
                0x000002a7       0xb4 ./cmsis/core_cm0.o
 .debug_pubnames
                0x0000035b       0x4f ./cmsis/system_LPC11xx.o
 .debug_pubnames
                0x000003aa      0x1f6 d:/nxp/lpcxpresso_3.6_beta/tools/bin/../lib/gcc/arm-none-eabi/4.3.3/armv6-m\libcr_eabihelpers.a(rtlib.o)

.debug_aranges  0x00000000      0x2a0
 .debug_aranges
                0x00000000       0x50 ./startup/cr_startup_lpc11.o
 .debug_aranges
                0x00000050       0x68 ./src/main.o
 .debug_aranges
                0x000000b8       0x68 ./driver/timer16.o
 .debug_aranges
                0x00000120       0x70 ./cmsis/core_cm0.o
 .debug_aranges
                0x00000190       0x28 ./cmsis/system_LPC11xx.o
 .debug_aranges
                0x000001b8       0xe8 d:/nxp/lpcxpresso_3.6_beta/tools/bin/../lib/gcc/arm-none-eabi/4.3.3/armv6-m\libcr_eabihelpers.a(rtlib.o)

.debug_ranges   0x00000000      0x350
 .debug_ranges  0x00000000       0x48 ./startup/cr_startup_lpc11.o
 .debug_ranges  0x00000048       0x60 ./src/main.o
 .debug_ranges  0x000000a8       0x60 ./driver/timer16.o
 .debug_ranges  0x00000108       0x68 ./cmsis/core_cm0.o
 .debug_ranges  0x00000170       0x20 ./cmsis/system_LPC11xx.o
 .debug_ranges  0x00000190      0x1c0 d:/nxp/lpcxpresso_3.6_beta/tools/bin/../lib/gcc/arm-none-eabi/4.3.3/armv6-m\libcr_eabihelpers.a(rtlib.o)

.debug_str      0x00000000      0xd14
 .debug_str     0x00000000      0x11e ./startup/cr_startup_lpc11.o
                                0x130 (size before relaxing)
 .debug_str     0x0000011e      0x720 ./src/main.o
                                0x7ba (size before relaxing)
 .debug_str     0x0000083e       0x19 ./driver/crp.o
                                 0xeb (size before relaxing)
 .debug_str     0x00000857       0x11 ./driver/gpio.o
                                 0xda (size before relaxing)
 .debug_str     0x00000868      0x180 ./driver/timer16.o
                                0x874 (size before relaxing)
 .debug_str     0x000009e8       0xbf ./cmsis/core_cm0.o
                                0x1b0 (size before relaxing)
 .debug_str     0x00000aa7       0x49 ./cmsis/system_LPC11xx.o
                                0x3c4 (size before relaxing)
 .debug_str     0x00000af0      0x224 d:/nxp/lpcxpresso_3.6_beta/tools/bin/../lib/gcc/arm-none-eabi/4.3.3/armv6-m\libcr_eabihelpers.a(rtlib.o)
                                0x29f (size before relaxing)

.comment        0x00000000      0x1d9
 .comment       0x00000000       0x2b ./startup/cr_startup_lpc11.o
 .comment       0x0000002b       0x2b ./src/main.o
 .comment       0x00000056       0x2b ./driver/crp.o
 .comment       0x00000081       0x2b ./driver/gpio.o
 .comment       0x000000ac       0x2b ./driver/timer16.o
 .comment       0x000000d7       0x2b ./cmsis/core_cm0.o
 .comment       0x00000102       0x2b ./cmsis/system_LPC11xx.o
 .comment       0x0000012d       0x2b d:/nxp/lpcxpresso_3.6_beta/tools/bin/../lib/gcc/arm-none-eabi/4.3.3/../../../../arm-none-eabi/lib/armv6-m\libcr_c.a(__weak__main.o)
 .comment       0x00000158       0x2b d:/nxp/lpcxpresso_3.6_beta/tools/bin/../lib/gcc/arm-none-eabi/4.3.3/../../../../arm-none-eabi/lib/armv6-m\libcr_c.a(ctype.o)
 .comment       0x00000183       0x2b d:/nxp/lpcxpresso_3.6_beta/tools/bin/../lib/gcc/arm-none-eabi/4.3.3/../../../../arm-none-eabi/lib/armv6-m\libcr_c.a(__init_alloc.o)
 .comment       0x000001ae       0x2b d:/nxp/lpcxpresso_3.6_beta/tools/bin/../lib/gcc/arm-none-eabi/4.3.3/armv6-m\libcr_eabihelpers.a(rtlib.o)

.ARM.attributes
                0x00000000       0x31
 .ARM.attributes
                0x00000000       0x31 ./startup/cr_startup_lpc11.o
 .ARM.attributes
                0x00000031       0x31 ./src/main.o
 .ARM.attributes
                0x00000062       0x31 ./driver/crp.o
 .ARM.attributes
                0x00000093       0x31 ./driver/gpio.o
 .ARM.attributes
                0x000000c4       0x31 ./driver/timer16.o
 .ARM.attributes
                0x000000f5       0x31 ./cmsis/core_cm0.o
 .ARM.attributes
                0x00000126       0x31 ./cmsis/system_LPC11xx.o
 .ARM.attributes
                0x00000157       0x30 d:/nxp/lpcxpresso_3.6_beta/tools/bin/../lib/gcc/arm-none-eabi/4.3.3/../../../../arm-none-eabi/lib/armv6-m\libcr_c.a(__weak__main.o)
 .ARM.attributes
                0x00000187       0x30 d:/nxp/lpcxpresso_3.6_beta/tools/bin/../lib/gcc/arm-none-eabi/4.3.3/../../../../arm-none-eabi/lib/armv6-m\libcr_c.a(ctype.o)
 .ARM.attributes
                0x000001b7       0x30 d:/nxp/lpcxpresso_3.6_beta/tools/bin/../lib/gcc/arm-none-eabi/4.3.3/../../../../arm-none-eabi/lib/armv6-m\libcr_c.a(__init_alloc.o)
 .ARM.attributes
                0x000001e7       0x30 d:/nxp/lpcxpresso_3.6_beta/tools/bin/../lib/gcc/arm-none-eabi/4.3.3/armv6-m\libcr_eabihelpers.a(rtlib.o)
