Archive member included because of file (symbol)

/Users/patrick/Documents/workspace_expresso/CMSISv2p00_LPC11xx/Release/libCMSISv2p00_LPC11xx.a(system_LPC11xx.o)
                              ./cr_startup_lpc11.o (SystemInit)
/Applications/lpcxpresso_4.2.4_267/lpcxpresso/Tools/bin/../lib/gcc/arm-none-eabi/4.6.2/../../../../arm-none-eabi/lib/armv6-m/libcr_c.a(__weak__main.o)
                              ./cr_startup_lpc11.o (__main)
/Applications/lpcxpresso_4.2.4_267/lpcxpresso/Tools/bin/../lib/gcc/arm-none-eabi/4.6.2/armv6-m/libcr_eabihelpers.a(division.o)
                              ./main.o (__aeabi_uidiv)

Allocating common symbols
Common symbol       size              file

UARTBuffer          0x40              ./drivers/uart.o
UARTStatus          0x4               ./drivers/uart.o

Discarded input sections

 .text          0x0000000000000000        0x0 ./cr_startup_lpc11.o
 .data          0x0000000000000000        0x0 ./cr_startup_lpc11.o
 .bss           0x0000000000000000        0x0 ./cr_startup_lpc11.o
 .text          0x0000000000000000        0x0 ./main.o
 .data          0x0000000000000000        0x0 ./main.o
 .bss           0x0000000000000000        0x0 ./main.o
 .text.Delay    0x0000000000000000       0x14 ./main.o
 .text.songStart
                0x0000000000000000        0xc ./main.o
 .text          0x0000000000000000        0x0 ./drivers/uart.o
 .data          0x0000000000000000        0x0 ./drivers/uart.o
 .bss           0x0000000000000000        0x0 ./drivers/uart.o
 .text.ModemInit
                0x0000000000000000       0x7c ./drivers/uart.o
 .text          0x0000000000000000        0x0 /Users/patrick/Documents/workspace_expresso/CMSISv2p00_LPC11xx/Release/libCMSISv2p00_LPC11xx.a(system_LPC11xx.o)
 .data          0x0000000000000000        0x0 /Users/patrick/Documents/workspace_expresso/CMSISv2p00_LPC11xx/Release/libCMSISv2p00_LPC11xx.a(system_LPC11xx.o)
 .bss           0x0000000000000000        0x0 /Users/patrick/Documents/workspace_expresso/CMSISv2p00_LPC11xx/Release/libCMSISv2p00_LPC11xx.a(system_LPC11xx.o)
 .text.SystemCoreClockUpdate
                0x0000000000000000       0x9c /Users/patrick/Documents/workspace_expresso/CMSISv2p00_LPC11xx/Release/libCMSISv2p00_LPC11xx.a(system_LPC11xx.o)
 .rodata.CSWTCH.6
                0x0000000000000000       0x40 /Users/patrick/Documents/workspace_expresso/CMSISv2p00_LPC11xx/Release/libCMSISv2p00_LPC11xx.a(system_LPC11xx.o)
 .text          0x0000000000000000        0x0 /Applications/lpcxpresso_4.2.4_267/lpcxpresso/Tools/bin/../lib/gcc/arm-none-eabi/4.6.2/../../../../arm-none-eabi/lib/armv6-m/libcr_c.a(__weak__main.o)
 .data          0x0000000000000000        0x0 /Applications/lpcxpresso_4.2.4_267/lpcxpresso/Tools/bin/../lib/gcc/arm-none-eabi/4.6.2/../../../../arm-none-eabi/lib/armv6-m/libcr_c.a(__weak__main.o)
 .bss           0x0000000000000000        0x0 /Applications/lpcxpresso_4.2.4_267/lpcxpresso/Tools/bin/../lib/gcc/arm-none-eabi/4.6.2/../../../../arm-none-eabi/lib/armv6-m/libcr_c.a(__weak__main.o)
 .text          0x0000000000000000        0x0 /Applications/lpcxpresso_4.2.4_267/lpcxpresso/Tools/bin/../lib/gcc/arm-none-eabi/4.6.2/armv6-m/libcr_eabihelpers.a(division.o)
 .data          0x0000000000000000        0x0 /Applications/lpcxpresso_4.2.4_267/lpcxpresso/Tools/bin/../lib/gcc/arm-none-eabi/4.6.2/armv6-m/libcr_eabihelpers.a(division.o)
 .bss           0x0000000000000000        0x0 /Applications/lpcxpresso_4.2.4_267/lpcxpresso/Tools/bin/../lib/gcc/arm-none-eabi/4.6.2/armv6-m/libcr_eabihelpers.a(division.o)
 .text.__aeabi_division_idivmod
                0x0000000000000000        0x6 /Applications/lpcxpresso_4.2.4_267/lpcxpresso/Tools/bin/../lib/gcc/arm-none-eabi/4.6.2/armv6-m/libcr_eabihelpers.a(division.o)
 .text.__aeabi_division_uldivmod
                0x0000000000000000       0x5a /Applications/lpcxpresso_4.2.4_267/lpcxpresso/Tools/bin/../lib/gcc/arm-none-eabi/4.6.2/armv6-m/libcr_eabihelpers.a(division.o)
 .text.__aeabi_division_ldivmod
                0x0000000000000000       0x32 /Applications/lpcxpresso_4.2.4_267/lpcxpresso/Tools/bin/../lib/gcc/arm-none-eabi/4.6.2/armv6-m/libcr_eabihelpers.a(division.o)
 .text.__aeabi_division_ldiv0
                0x0000000000000000        0x2 /Applications/lpcxpresso_4.2.4_267/lpcxpresso/Tools/bin/../lib/gcc/arm-none-eabi/4.6.2/armv6-m/libcr_eabihelpers.a(division.o)
 .text.__aeabi_division_idivq31+15
                0x0000000000000000      0x188 /Applications/lpcxpresso_4.2.4_267/lpcxpresso/Tools/bin/../lib/gcc/arm-none-eabi/4.6.2/armv6-m/libcr_eabihelpers.a(division.o)

Memory Configuration

Name             Origin             Length             Attributes
MFlash32         0x0000000000000000 0x0000000000008000 xr
RamLoc4          0x0000000010000000 0x0000000000001000 xrw
*default*        0x0000000000000000 0xffffffffffffffff

Linker script and memory map

LOAD ./cr_startup_lpc11.o
LOAD ./main.o
LOAD ./drivers/uart.o
LOAD /Users/patrick/Documents/workspace_expresso/CMSISv2p00_LPC11xx/Release/libCMSISv2p00_LPC11xx.a
START GROUP
LOAD /Applications/lpcxpresso_4.2.4_267/lpcxpresso/Tools/bin/../lib/gcc/arm-none-eabi/4.6.2/../../../../arm-none-eabi/lib/armv6-m/libcr_c.a
LOAD /Applications/lpcxpresso_4.2.4_267/lpcxpresso/Tools/bin/../lib/gcc/arm-none-eabi/4.6.2/armv6-m/libcr_eabihelpers.a
END GROUP
                0x0000000000008000                __top_MFlash32 = 0x8000
                0x0000000010001000                __top_RamLoc4 = 0x10001000

.text           0x0000000000000000      0x870
 FILL mask 0xff
 *(.isr_vector)
 .isr_vector    0x0000000000000000       0xc0 ./cr_startup_lpc11.o
                0x0000000000000000                g_pfnVectors
                0x00000000000000c0                . = ALIGN (0x4)
                0x00000000000000c0                __section_table_start = .
                0x00000000000000c0                __data_section_table = .
                0x00000000000000c0        0x4 LONG 0x870 LOADADDR (.data)
                0x00000000000000c4        0x4 LONG 0x10000000 ADDR (.data)
                0x00000000000000c8        0x4 LONG 0x8 SIZEOF (.data)
                0x00000000000000cc                __data_section_table_end = .
                0x00000000000000cc                __bss_section_table = .
                0x00000000000000cc        0x4 LONG 0x10000008 ADDR (.bss)
                0x00000000000000d0        0x4 LONG 0x5c SIZEOF (.bss)
                0x00000000000000d4                __bss_section_table_end = .
                0x00000000000000d4                __section_table_end = .
 *(.after_vectors*)
 .after_vectors
                0x00000000000000d4       0x80 ./cr_startup_lpc11.o
                0x00000000000000d4                NMI_Handler
                0x00000000000000d8                HardFault_Handler
                0x00000000000000dc                SVC_Handler
                0x00000000000000e0                PendSV_Handler
                0x00000000000000e8                data_init
                0x00000000000000fa                bss_init
                0x000000000000010c                ResetISR
                0x0000000000000150                TIMER16_1_IRQHandler
                0x0000000000000150                ADC_IRQHandler
                0x0000000000000150                SSP1_IRQHandler
                0x0000000000000150                PIOINT2_IRQHandler
                0x0000000000000150                BOD_IRQHandler
                0x0000000000000150                WAKEUP_IRQHandler
                0x0000000000000150                PIOINT0_IRQHandler
                0x0000000000000150                I2C_IRQHandler
                0x0000000000000150                WDT_IRQHandler
                0x0000000000000150                TIMER16_0_IRQHandler
                0x0000000000000150                PIOINT3_IRQHandler
                0x0000000000000150                TIMER32_0_IRQHandler
                0x0000000000000150                TIMER32_1_IRQHandler
                0x0000000000000150                IntDefaultHandler
                0x0000000000000150                PIOINT1_IRQHandler
                0x0000000000000150                CAN_IRQHandler
                0x0000000000000150                SSP0_IRQHandler
                0x00000000000002fc                . = 0x2fc
 *fill*         0x0000000000000154      0x1a8 ff
                0x00000000000002fc                PROVIDE (__CRP_WORD_START__, .)
 *(.crp)
 .crp           0x00000000000002fc        0x4 ./main.o
                0x00000000000002fc                CRP_WORD
                0x0000000000000300                PROVIDE (__CRP_WORD_END__, .)
                0x0000000000000001                ASSERT (! ((__CRP_WORD_START__ == __CRP_WORD_END__)), Linker CRP Enabled, but no CRP_WORD provided within application)
 *(.text*)
 .text.SysTick_Handler
                0x0000000000000300       0x9c ./main.o
                0x0000000000000300                SysTick_Handler
 .text.LEDinit  0x000000000000039c       0x30 ./main.o
                0x000000000000039c                LEDinit
 .text.TMR16init
                0x00000000000003cc       0x64 ./main.o
                0x00000000000003cc                TMR16init
 .text.beatLight
                0x0000000000000430       0x6c ./main.o
                0x0000000000000430                beatLight
 .text.songStop
                0x000000000000049c       0x18 ./main.o
                0x000000000000049c                songStop
 .text.startup.main
                0x00000000000004b4       0xe0 ./main.o
                0x00000000000004b4                main
 .text.UART_IRQHandler
                0x0000000000000594       0x9c ./drivers/uart.o
                0x0000000000000594                UART_IRQHandler
 .text.UARTInit
                0x0000000000000630       0xcc ./drivers/uart.o
                0x0000000000000630                UARTInit
 .text.UARTSend
                0x00000000000006fc       0x24 ./drivers/uart.o
                0x00000000000006fc                UARTSend
 .text.SystemInit
                0x0000000000000720       0x90 /Users/patrick/Documents/workspace_expresso/CMSISv2p00_LPC11xx/Release/libCMSISv2p00_LPC11xx.a(system_LPC11xx.o)
                0x0000000000000720                SystemInit
 .text.__weak_main
                0x00000000000007b0        0x8 /Applications/lpcxpresso_4.2.4_267/lpcxpresso/Tools/bin/../lib/gcc/arm-none-eabi/4.6.2/../../../../arm-none-eabi/lib/armv6-m/libcr_c.a(__weak__main.o)
                0x00000000000007b0                __main
                0x00000000000007b0                __weak_main
 .text.__aeabi_division_uidivmod
                0x00000000000007b8       0x72 /Applications/lpcxpresso_4.2.4_267/lpcxpresso/Tools/bin/../lib/gcc/arm-none-eabi/4.6.2/armv6-m/libcr_eabihelpers.a(division.o)
                0x00000000000007b8                __aeabi_uidiv
                0x00000000000007b8                __aeabi_uidivmod
 .text.__aeabi_division_idiv0
                0x000000000000082a        0x2 /Applications/lpcxpresso_4.2.4_267/lpcxpresso/Tools/bin/../lib/gcc/arm-none-eabi/4.6.2/armv6-m/libcr_eabihelpers.a(division.o)
                0x000000000000082a                __aeabi_idiv0
 *(.rodata .rodata.*)
 .rodata.LEDcurve
                0x000000000000082c       0x42 ./main.o
                0x0000000000000870                . = ALIGN (0x4)
 *fill*         0x000000000000086e        0x2 ff

.glue_7         0x0000000000000870        0x0
 .glue_7        0x0000000000000000        0x0 linker stubs

.glue_7t        0x0000000000000870        0x0
 .glue_7t       0x0000000000000000        0x0 linker stubs

.vfp11_veneer   0x0000000000000870        0x0
 .vfp11_veneer  0x0000000000000000        0x0 linker stubs

.v4_bx          0x0000000000000870        0x0
 .v4_bx         0x0000000000000000        0x0 linker stubs

.ARM.extab
 *(.ARM.extab* .gnu.linkonce.armextab.*)
                0x0000000000000870                __exidx_start = .

.ARM.exidx
 *(.ARM.exidx* .gnu.linkonce.armexidx.*)
                0x0000000000000870                __exidx_end = .
                0x0000000000000870                _etext = .

.uninit_RESERVED
 *(.bss.$RESERVED*)

.data           0x0000000010000000        0x8 load address 0x0000000000000870
 FILL mask 0xff
                0x0000000010000000                _data = .
 *(vtable)
 *(.data*)
 .data.UARTTxEmpty
                0x0000000010000000        0x1 ./drivers/uart.o
                0x0000000010000000                UARTTxEmpty
 *fill*         0x0000000010000001        0x3 00
 .data.SystemCoreClock
                0x0000000010000004        0x4 /Users/patrick/Documents/workspace_expresso/CMSISv2p00_LPC11xx/Release/libCMSISv2p00_LPC11xx.a(system_LPC11xx.o)
                0x0000000010000004                SystemCoreClock
                0x0000000010000008                . = ALIGN (0x4)
                0x0000000010000008                _edata = .

.bss            0x0000000010000008       0x5c load address 0x0000000000000878
                0x0000000010000008                _bss = .
 *(.bss*)
 .bss.LED1      0x0000000010000008        0x2 ./main.o
                0x0000000010000008                LED1
 .bss.LED2      0x000000001000000a        0x2 ./main.o
                0x000000001000000a                LED2
 .bss.PWMTickCnt
                0x000000001000000c        0x4 ./main.o
                0x000000001000000c                PWMTickCnt
 .bss.SysTickCnt
                0x0000000010000010        0x4 ./main.o
                0x0000000010000010                SysTickCnt
 .bss.ClockTickCnt
                0x0000000010000014        0x4 ./main.o
                0x0000000010000014                ClockTickCnt
 .bss.LED0      0x0000000010000018        0x2 ./main.o
                0x0000000010000018                LED0
 *fill*         0x000000001000001a        0x2 00
 .bss.UARTCount
                0x000000001000001c        0x4 ./drivers/uart.o
                0x000000001000001c                UARTCount
 *(COMMON)
 COMMON         0x0000000010000020       0x44 ./drivers/uart.o
                0x0000000010000020                UARTBuffer
                0x0000000010000060                UARTStatus
                0x0000000010000064                . = ALIGN (0x4)
                0x0000000010000064                _ebss = .
                0x0000000010000064                PROVIDE (end, .)
                0x0000000010000064                PROVIDE (_pvHeapStart, .)
                0x0000000010001000                PROVIDE (_vStackTop, (__top_RamLoc4 - 0x0))
OUTPUT(hello.axf elf32-littlearm)

.debug_info     0x0000000000000000     0x24d2
 .debug_info    0x0000000000000000      0x292 ./cr_startup_lpc11.o
 .debug_info    0x0000000000000292     0x10b8 ./main.o
 .debug_info    0x000000000000134a      0xc8a ./drivers/uart.o
 .debug_info    0x0000000000001fd4      0x4fe /Users/patrick/Documents/workspace_expresso/CMSISv2p00_LPC11xx/Release/libCMSISv2p00_LPC11xx.a(system_LPC11xx.o)

.debug_abbrev   0x0000000000000000      0x669
 .debug_abbrev  0x0000000000000000      0x114 ./cr_startup_lpc11.o
 .debug_abbrev  0x0000000000000114      0x28f ./main.o
 .debug_abbrev  0x00000000000003a3      0x1dc ./drivers/uart.o
 .debug_abbrev  0x000000000000057f       0xea /Users/patrick/Documents/workspace_expresso/CMSISv2p00_LPC11xx/Release/libCMSISv2p00_LPC11xx.a(system_LPC11xx.o)

.debug_loc      0x0000000000000000      0x547
 .debug_loc     0x0000000000000000      0x28f ./cr_startup_lpc11.o
 .debug_loc     0x000000000000028f       0xfb ./main.o
 .debug_loc     0x000000000000038a      0x125 ./drivers/uart.o
 .debug_loc     0x00000000000004af       0x98 /Users/patrick/Documents/workspace_expresso/CMSISv2p00_LPC11xx/Release/libCMSISv2p00_LPC11xx.a(system_LPC11xx.o)

.debug_aranges  0x0000000000000000      0x118
 .debug_aranges
                0x0000000000000000       0x60 ./cr_startup_lpc11.o
 .debug_aranges
                0x0000000000000060       0x58 ./main.o
 .debug_aranges
                0x00000000000000b8       0x38 ./drivers/uart.o
 .debug_aranges
                0x00000000000000f0       0x28 /Users/patrick/Documents/workspace_expresso/CMSISv2p00_LPC11xx/Release/libCMSISv2p00_LPC11xx.a(system_LPC11xx.o)

.debug_ranges   0x0000000000000000      0x108
 .debug_ranges  0x0000000000000000       0x50 ./cr_startup_lpc11.o
 .debug_ranges  0x0000000000000050       0x78 ./main.o
 .debug_ranges  0x00000000000000c8       0x28 ./drivers/uart.o
 .debug_ranges  0x00000000000000f0       0x18 /Users/patrick/Documents/workspace_expresso/CMSISv2p00_LPC11xx/Release/libCMSISv2p00_LPC11xx.a(system_LPC11xx.o)

.debug_line     0x0000000000000000      0x694
 .debug_line    0x0000000000000000       0xa0 ./cr_startup_lpc11.o
 .debug_line    0x00000000000000a0      0x273 ./main.o
 .debug_line    0x0000000000000313      0x1ff ./drivers/uart.o
 .debug_line    0x0000000000000512      0x182 /Users/patrick/Documents/workspace_expresso/CMSISv2p00_LPC11xx/Release/libCMSISv2p00_LPC11xx.a(system_LPC11xx.o)

.debug_str      0x0000000000000000      0xac1
 .debug_str     0x0000000000000000      0x204 ./cr_startup_lpc11.o
                                        0x22c (size before relaxing)
 .debug_str     0x0000000000000204      0x77d ./main.o
                                        0x8aa (size before relaxing)
 .debug_str     0x0000000000000981       0xb2 ./drivers/uart.o
                                        0x7ee (size before relaxing)
 .debug_str     0x0000000000000a33       0x8e /Users/patrick/Documents/workspace_expresso/CMSISv2p00_LPC11xx/Release/libCMSISv2p00_LPC11xx.a(system_LPC11xx.o)
                                        0x3e6 (size before relaxing)

.comment        0x0000000000000000       0x9a
 .comment       0x0000000000000000       0x70 ./cr_startup_lpc11.o
                                         0x71 (size before relaxing)
 .comment       0x0000000000000000       0x71 ./main.o
 .comment       0x0000000000000000       0x71 ./drivers/uart.o
 .comment       0x0000000000000000       0x71 /Users/patrick/Documents/workspace_expresso/CMSISv2p00_LPC11xx/Release/libCMSISv2p00_LPC11xx.a(system_LPC11xx.o)
 .comment       0x0000000000000070       0x2a /Applications/lpcxpresso_4.2.4_267/lpcxpresso/Tools/bin/../lib/gcc/arm-none-eabi/4.6.2/../../../../arm-none-eabi/lib/armv6-m/libcr_c.a(__weak__main.o)
                                         0x2b (size before relaxing)

.ARM.attributes
                0x0000000000000000       0x31
 .ARM.attributes
                0x0000000000000000       0x33 ./cr_startup_lpc11.o
 .ARM.attributes
                0x0000000000000033       0x33 ./main.o
 .ARM.attributes
                0x0000000000000066       0x33 ./drivers/uart.o
 .ARM.attributes
                0x0000000000000099       0x33 /Users/patrick/Documents/workspace_expresso/CMSISv2p00_LPC11xx/Release/libCMSISv2p00_LPC11xx.a(system_LPC11xx.o)
 .ARM.attributes
                0x00000000000000cc       0x33 /Applications/lpcxpresso_4.2.4_267/lpcxpresso/Tools/bin/../lib/gcc/arm-none-eabi/4.6.2/../../../../arm-none-eabi/lib/armv6-m/libcr_c.a(__weak__main.o)
 .ARM.attributes
                0x00000000000000ff       0x23 /Applications/lpcxpresso_4.2.4_267/lpcxpresso/Tools/bin/../lib/gcc/arm-none-eabi/4.6.2/armv6-m/libcr_eabihelpers.a(division.o)

.debug_frame    0x0000000000000000      0x268
 .debug_frame   0x0000000000000000       0xec ./cr_startup_lpc11.o
 .debug_frame   0x00000000000000ec       0xc0 ./main.o
 .debug_frame   0x00000000000001ac       0x78 ./drivers/uart.o
 .debug_frame   0x0000000000000224       0x44 /Users/patrick/Documents/workspace_expresso/CMSISv2p00_LPC11xx/Release/libCMSISv2p00_LPC11xx.a(system_LPC11xx.o)
