Archive member included because of file (symbol)

/Users/patrick/Documents/workspace_expresso/CMSISv2p00_LPC11xx/Release/libCMSISv2p00_LPC11xx.a(system_LPC11xx.o)
                              ./cr_startup_lpc11.o (SystemInit)
/Applications/lpcxpresso_4.2.4_267/lpcxpresso/Tools/bin/../lib/gcc/arm-none-eabi/4.6.2/../../../../arm-none-eabi/lib/armv6-m/libcr_c.a(__weak__main.o)
                              ./cr_startup_lpc11.o (__main)
/Applications/lpcxpresso_4.2.4_267/lpcxpresso/Tools/bin/../lib/gcc/arm-none-eabi/4.6.2/armv6-m/libcr_eabihelpers.a(division.o)
                              ./main.o (__aeabi_uidiv)
/Applications/lpcxpresso_4.2.4_267/lpcxpresso/Tools/bin/../lib/gcc/arm-none-eabi/4.6.2/armv6-m/libcr_eabihelpers.a(double.o)
                              ./main.o (__aeabi_ddiv)
/Applications/lpcxpresso_4.2.4_267/lpcxpresso/Tools/bin/../lib/gcc/arm-none-eabi/4.6.2/armv6-m/libcr_eabihelpers.a(llong.o)
                              /Applications/lpcxpresso_4.2.4_267/lpcxpresso/Tools/bin/../lib/gcc/arm-none-eabi/4.6.2/armv6-m/libcr_eabihelpers.a(double.o) (__aeabi_lmul)

Allocating common symbols
Common symbol       size              file

UARTBuffer          0x40              ./drivers/uart.o
UARTStatus          0x4               ./drivers/uart.o

Discarded input sections

 .text          0x0000000000000000        0x0 ./cr_startup_lpc11.o
 .data          0x0000000000000000        0x0 ./cr_startup_lpc11.o
 .bss           0x0000000000000000        0x0 ./cr_startup_lpc11.o
 .text          0x0000000000000000        0x0 ./main.o
 .data          0x0000000000000000        0x0 ./main.o
 .bss           0x0000000000000000        0x0 ./main.o
 .text.Delay    0x0000000000000000       0x14 ./main.o
 .text.songStart
                0x0000000000000000        0xc ./main.o
 .text          0x0000000000000000        0x0 ./drivers/uart.o
 .data          0x0000000000000000        0x0 ./drivers/uart.o
 .bss           0x0000000000000000        0x0 ./drivers/uart.o
 .text.ModemInit
                0x0000000000000000       0x7c ./drivers/uart.o
 .text          0x0000000000000000        0x0 /Users/patrick/Documents/workspace_expresso/CMSISv2p00_LPC11xx/Release/libCMSISv2p00_LPC11xx.a(system_LPC11xx.o)
 .data          0x0000000000000000        0x0 /Users/patrick/Documents/workspace_expresso/CMSISv2p00_LPC11xx/Release/libCMSISv2p00_LPC11xx.a(system_LPC11xx.o)
 .bss           0x0000000000000000        0x0 /Users/patrick/Documents/workspace_expresso/CMSISv2p00_LPC11xx/Release/libCMSISv2p00_LPC11xx.a(system_LPC11xx.o)
 .text.SystemCoreClockUpdate
                0x0000000000000000       0x9c /Users/patrick/Documents/workspace_expresso/CMSISv2p00_LPC11xx/Release/libCMSISv2p00_LPC11xx.a(system_LPC11xx.o)
 .rodata.CSWTCH.6
                0x0000000000000000       0x40 /Users/patrick/Documents/workspace_expresso/CMSISv2p00_LPC11xx/Release/libCMSISv2p00_LPC11xx.a(system_LPC11xx.o)
 .text          0x0000000000000000        0x0 /Applications/lpcxpresso_4.2.4_267/lpcxpresso/Tools/bin/../lib/gcc/arm-none-eabi/4.6.2/../../../../arm-none-eabi/lib/armv6-m/libcr_c.a(__weak__main.o)
 .data          0x0000000000000000        0x0 /Applications/lpcxpresso_4.2.4_267/lpcxpresso/Tools/bin/../lib/gcc/arm-none-eabi/4.6.2/../../../../arm-none-eabi/lib/armv6-m/libcr_c.a(__weak__main.o)
 .bss           0x0000000000000000        0x0 /Applications/lpcxpresso_4.2.4_267/lpcxpresso/Tools/bin/../lib/gcc/arm-none-eabi/4.6.2/../../../../arm-none-eabi/lib/armv6-m/libcr_c.a(__weak__main.o)
 .text          0x0000000000000000        0x0 /Applications/lpcxpresso_4.2.4_267/lpcxpresso/Tools/bin/../lib/gcc/arm-none-eabi/4.6.2/armv6-m/libcr_eabihelpers.a(division.o)
 .data          0x0000000000000000        0x0 /Applications/lpcxpresso_4.2.4_267/lpcxpresso/Tools/bin/../lib/gcc/arm-none-eabi/4.6.2/armv6-m/libcr_eabihelpers.a(division.o)
 .bss           0x0000000000000000        0x0 /Applications/lpcxpresso_4.2.4_267/lpcxpresso/Tools/bin/../lib/gcc/arm-none-eabi/4.6.2/armv6-m/libcr_eabihelpers.a(division.o)
 .text.__aeabi_division_idivmod
                0x0000000000000000        0x6 /Applications/lpcxpresso_4.2.4_267/lpcxpresso/Tools/bin/../lib/gcc/arm-none-eabi/4.6.2/armv6-m/libcr_eabihelpers.a(division.o)
 .text.__aeabi_division_uldivmod
                0x0000000000000000       0x5a /Applications/lpcxpresso_4.2.4_267/lpcxpresso/Tools/bin/../lib/gcc/arm-none-eabi/4.6.2/armv6-m/libcr_eabihelpers.a(division.o)
 .text.__aeabi_division_ldivmod
                0x0000000000000000       0x32 /Applications/lpcxpresso_4.2.4_267/lpcxpresso/Tools/bin/../lib/gcc/arm-none-eabi/4.6.2/armv6-m/libcr_eabihelpers.a(division.o)
 .text.__aeabi_division_ldiv0
                0x0000000000000000        0x2 /Applications/lpcxpresso_4.2.4_267/lpcxpresso/Tools/bin/../lib/gcc/arm-none-eabi/4.6.2/armv6-m/libcr_eabihelpers.a(division.o)
 .text.__aeabi_division_idivq31+15
                0x0000000000000000      0x188 /Applications/lpcxpresso_4.2.4_267/lpcxpresso/Tools/bin/../lib/gcc/arm-none-eabi/4.6.2/armv6-m/libcr_eabihelpers.a(division.o)
 .text          0x0000000000000000        0x0 /Applications/lpcxpresso_4.2.4_267/lpcxpresso/Tools/bin/../lib/gcc/arm-none-eabi/4.6.2/armv6-m/libcr_eabihelpers.a(double.o)
 .data          0x0000000000000000        0x0 /Applications/lpcxpresso_4.2.4_267/lpcxpresso/Tools/bin/../lib/gcc/arm-none-eabi/4.6.2/armv6-m/libcr_eabihelpers.a(double.o)
 .bss           0x0000000000000000        0x0 /Applications/lpcxpresso_4.2.4_267/lpcxpresso/Tools/bin/../lib/gcc/arm-none-eabi/4.6.2/armv6-m/libcr_eabihelpers.a(double.o)
 .text.__aeabi_dmul
                0x0000000000000000      0x190 /Applications/lpcxpresso_4.2.4_267/lpcxpresso/Tools/bin/../lib/gcc/arm-none-eabi/4.6.2/armv6-m/libcr_eabihelpers.a(double.o)
 .text.__aeabi_dsub
                0x0000000000000000      0x1e8 /Applications/lpcxpresso_4.2.4_267/lpcxpresso/Tools/bin/../lib/gcc/arm-none-eabi/4.6.2/armv6-m/libcr_eabihelpers.a(double.o)
 .text.__aeabi_dadd
                0x0000000000000000      0x148 /Applications/lpcxpresso_4.2.4_267/lpcxpresso/Tools/bin/../lib/gcc/arm-none-eabi/4.6.2/armv6-m/libcr_eabihelpers.a(double.o)
 .text.__aeabi_drsub
                0x0000000000000000       0x2c /Applications/lpcxpresso_4.2.4_267/lpcxpresso/Tools/bin/../lib/gcc/arm-none-eabi/4.6.2/armv6-m/libcr_eabihelpers.a(double.o)
 .text.__aeabi_dneg
                0x0000000000000000       0x10 /Applications/lpcxpresso_4.2.4_267/lpcxpresso/Tools/bin/../lib/gcc/arm-none-eabi/4.6.2/armv6-m/libcr_eabihelpers.a(double.o)
 .text.__aeabi_d2f
                0x0000000000000000       0x5c /Applications/lpcxpresso_4.2.4_267/lpcxpresso/Tools/bin/../lib/gcc/arm-none-eabi/4.6.2/armv6-m/libcr_eabihelpers.a(double.o)
 .text.__aeabi_d2iz
                0x0000000000000000       0x4c /Applications/lpcxpresso_4.2.4_267/lpcxpresso/Tools/bin/../lib/gcc/arm-none-eabi/4.6.2/armv6-m/libcr_eabihelpers.a(double.o)
 .text.__aeabi_d2lz
                0x0000000000000000       0x78 /Applications/lpcxpresso_4.2.4_267/lpcxpresso/Tools/bin/../lib/gcc/arm-none-eabi/4.6.2/armv6-m/libcr_eabihelpers.a(double.o)
 .text.__aeabi_d2ulz
                0x0000000000000000       0x5c /Applications/lpcxpresso_4.2.4_267/lpcxpresso/Tools/bin/../lib/gcc/arm-none-eabi/4.6.2/armv6-m/libcr_eabihelpers.a(double.o)
 .text.__bhs_ul2d
                0x0000000000000000       0xc0 /Applications/lpcxpresso_4.2.4_267/lpcxpresso/Tools/bin/../lib/gcc/arm-none-eabi/4.6.2/armv6-m/libcr_eabihelpers.a(double.o)
 .text.__aeabi_i2d
                0x0000000000000000       0x18 /Applications/lpcxpresso_4.2.4_267/lpcxpresso/Tools/bin/../lib/gcc/arm-none-eabi/4.6.2/armv6-m/libcr_eabihelpers.a(double.o)
 .text.__aeabi_l2d
                0x0000000000000000       0x22 /Applications/lpcxpresso_4.2.4_267/lpcxpresso/Tools/bin/../lib/gcc/arm-none-eabi/4.6.2/armv6-m/libcr_eabihelpers.a(double.o)
 .text.__aeabi_ul2d
                0x0000000000000000        0xc /Applications/lpcxpresso_4.2.4_267/lpcxpresso/Tools/bin/../lib/gcc/arm-none-eabi/4.6.2/armv6-m/libcr_eabihelpers.a(double.o)
 .text.__aeabi_dcmpeq
                0x0000000000000000       0x38 /Applications/lpcxpresso_4.2.4_267/lpcxpresso/Tools/bin/../lib/gcc/arm-none-eabi/4.6.2/armv6-m/libcr_eabihelpers.a(double.o)
 .text.__aeabi_dcmplt
                0x0000000000000000       0x5c /Applications/lpcxpresso_4.2.4_267/lpcxpresso/Tools/bin/../lib/gcc/arm-none-eabi/4.6.2/armv6-m/libcr_eabihelpers.a(double.o)
 .text.__aeabi_dcmpgt
                0x0000000000000000       0x58 /Applications/lpcxpresso_4.2.4_267/lpcxpresso/Tools/bin/../lib/gcc/arm-none-eabi/4.6.2/armv6-m/libcr_eabihelpers.a(double.o)
 .text.__aeabi_dcmple
                0x0000000000000000       0x60 /Applications/lpcxpresso_4.2.4_267/lpcxpresso/Tools/bin/../lib/gcc/arm-none-eabi/4.6.2/armv6-m/libcr_eabihelpers.a(double.o)
 .text.__aeabi_dcmpge
                0x0000000000000000       0x5c /Applications/lpcxpresso_4.2.4_267/lpcxpresso/Tools/bin/../lib/gcc/arm-none-eabi/4.6.2/armv6-m/libcr_eabihelpers.a(double.o)
 .text.__aeabi_dcmpun
                0x0000000000000000       0x1c /Applications/lpcxpresso_4.2.4_267/lpcxpresso/Tools/bin/../lib/gcc/arm-none-eabi/4.6.2/armv6-m/libcr_eabihelpers.a(double.o)
 .text.__aeabi_cdcmple
                0x0000000000000000       0x2e /Applications/lpcxpresso_4.2.4_267/lpcxpresso/Tools/bin/../lib/gcc/arm-none-eabi/4.6.2/armv6-m/libcr_eabihelpers.a(double.o)
 .text.__aeabi_cdrcmple
                0x0000000000000000       0x14 /Applications/lpcxpresso_4.2.4_267/lpcxpresso/Tools/bin/../lib/gcc/arm-none-eabi/4.6.2/armv6-m/libcr_eabihelpers.a(double.o)
 .text          0x0000000000000000        0x0 /Applications/lpcxpresso_4.2.4_267/lpcxpresso/Tools/bin/../lib/gcc/arm-none-eabi/4.6.2/armv6-m/libcr_eabihelpers.a(llong.o)
 .data          0x0000000000000000        0x0 /Applications/lpcxpresso_4.2.4_267/lpcxpresso/Tools/bin/../lib/gcc/arm-none-eabi/4.6.2/armv6-m/libcr_eabihelpers.a(llong.o)
 .bss           0x0000000000000000        0x0 /Applications/lpcxpresso_4.2.4_267/lpcxpresso/Tools/bin/../lib/gcc/arm-none-eabi/4.6.2/armv6-m/libcr_eabihelpers.a(llong.o)
 .text.__aeabi_llong_lmul
                0x0000000000000000       0x2e /Applications/lpcxpresso_4.2.4_267/lpcxpresso/Tools/bin/../lib/gcc/arm-none-eabi/4.6.2/armv6-m/libcr_eabihelpers.a(llong.o)
 .text.__aeabi_llong_llsl
                0x0000000000000000       0x18 /Applications/lpcxpresso_4.2.4_267/lpcxpresso/Tools/bin/../lib/gcc/arm-none-eabi/4.6.2/armv6-m/libcr_eabihelpers.a(llong.o)
 .text.__aeabi_llong_llsr
                0x0000000000000000       0x18 /Applications/lpcxpresso_4.2.4_267/lpcxpresso/Tools/bin/../lib/gcc/arm-none-eabi/4.6.2/armv6-m/libcr_eabihelpers.a(llong.o)
 .text.__aeabi_llong_lasr
                0x0000000000000000       0x18 /Applications/lpcxpresso_4.2.4_267/lpcxpresso/Tools/bin/../lib/gcc/arm-none-eabi/4.6.2/armv6-m/libcr_eabihelpers.a(llong.o)
 .text.__aeabi_llong_lcmp
                0x0000000000000000       0x14 /Applications/lpcxpresso_4.2.4_267/lpcxpresso/Tools/bin/../lib/gcc/arm-none-eabi/4.6.2/armv6-m/libcr_eabihelpers.a(llong.o)
 .text.__aeabi_llong_ulcmp
                0x0000000000000000       0x10 /Applications/lpcxpresso_4.2.4_267/lpcxpresso/Tools/bin/../lib/gcc/arm-none-eabi/4.6.2/armv6-m/libcr_eabihelpers.a(llong.o)

Memory Configuration

Name             Origin             Length             Attributes
MFlash32         0x0000000000000000 0x0000000000008000 xr
RamLoc4          0x0000000010000000 0x0000000000001000 xrw
*default*        0x0000000000000000 0xffffffffffffffff

Linker script and memory map

LOAD ./cr_startup_lpc11.o
LOAD ./main.o
LOAD ./drivers/uart.o
LOAD /Users/patrick/Documents/workspace_expresso/CMSISv2p00_LPC11xx/Release/libCMSISv2p00_LPC11xx.a
START GROUP
LOAD /Applications/lpcxpresso_4.2.4_267/lpcxpresso/Tools/bin/../lib/gcc/arm-none-eabi/4.6.2/../../../../arm-none-eabi/lib/armv6-m/libcr_c.a
LOAD /Applications/lpcxpresso_4.2.4_267/lpcxpresso/Tools/bin/../lib/gcc/arm-none-eabi/4.6.2/armv6-m/libcr_eabihelpers.a
END GROUP
                0x0000000000008000                __top_MFlash32 = 0x8000
                0x0000000010001000                __top_RamLoc4 = 0x10001000

.text           0x0000000000000000      0xaf4
 FILL mask 0xff
 *(.isr_vector)
 .isr_vector    0x0000000000000000       0xc0 ./cr_startup_lpc11.o
                0x0000000000000000                g_pfnVectors
                0x00000000000000c0                . = ALIGN (0x4)
                0x00000000000000c0                __section_table_start = .
                0x00000000000000c0                __data_section_table = .
                0x00000000000000c0        0x4 LONG 0xaf4 LOADADDR (.data)
                0x00000000000000c4        0x4 LONG 0x10000000 ADDR (.data)
                0x00000000000000c8        0x4 LONG 0xc SIZEOF (.data)
                0x00000000000000cc                __data_section_table_end = .
                0x00000000000000cc                __bss_section_table = .
                0x00000000000000cc        0x4 LONG 0x1000000c ADDR (.bss)
                0x00000000000000d0        0x4 LONG 0x58 SIZEOF (.bss)
                0x00000000000000d4                __bss_section_table_end = .
                0x00000000000000d4                __section_table_end = .
 *(.after_vectors*)
 .after_vectors
                0x00000000000000d4       0x80 ./cr_startup_lpc11.o
                0x00000000000000d4                NMI_Handler
                0x00000000000000d8                HardFault_Handler
                0x00000000000000dc                SVC_Handler
                0x00000000000000e0                PendSV_Handler
                0x00000000000000e8                data_init
                0x00000000000000fa                bss_init
                0x000000000000010c                ResetISR
                0x0000000000000150                TIMER16_1_IRQHandler
                0x0000000000000150                ADC_IRQHandler
                0x0000000000000150                SSP1_IRQHandler
                0x0000000000000150                PIOINT2_IRQHandler
                0x0000000000000150                BOD_IRQHandler
                0x0000000000000150                WAKEUP_IRQHandler
                0x0000000000000150                PIOINT0_IRQHandler
                0x0000000000000150                I2C_IRQHandler
                0x0000000000000150                WDT_IRQHandler
                0x0000000000000150                TIMER16_0_IRQHandler
                0x0000000000000150                PIOINT3_IRQHandler
                0x0000000000000150                TIMER32_0_IRQHandler
                0x0000000000000150                TIMER32_1_IRQHandler
                0x0000000000000150                IntDefaultHandler
                0x0000000000000150                PIOINT1_IRQHandler
                0x0000000000000150                CAN_IRQHandler
                0x0000000000000150                SSP0_IRQHandler
                0x00000000000002fc                . = 0x2fc
 *fill*         0x0000000000000154      0x1a8 ff
                0x00000000000002fc                PROVIDE (__CRP_WORD_START__, .)
 *(.crp)
 .crp           0x00000000000002fc        0x4 ./main.o
                0x00000000000002fc                CRP_WORD
                0x0000000000000300                PROVIDE (__CRP_WORD_END__, .)
                0x0000000000000001                ASSERT (! ((__CRP_WORD_START__ == __CRP_WORD_END__)), Linker CRP Enabled, but no CRP_WORD provided within application)
 *(.text*)
 .text.SysTick_Handler
                0x0000000000000300       0xc8 ./main.o
                0x0000000000000300                SysTick_Handler
 .text.LEDinit  0x00000000000003c8       0x30 ./main.o
                0x00000000000003c8                LEDinit
 .text.TMR16init
                0x00000000000003f8       0x78 ./main.o
                0x00000000000003f8                TMR16init
 .text.playNote
                0x0000000000000470       0x2c ./main.o
                0x0000000000000470                playNote
 .text.beatLight
                0x000000000000049c       0x58 ./main.o
                0x000000000000049c                beatLight
 .text.songStop
                0x00000000000004f4       0x18 ./main.o
                0x00000000000004f4                songStop
 .text.startup.main
                0x000000000000050c      0x12c ./main.o
                0x000000000000050c                main
 .text.UART_IRQHandler
                0x0000000000000638       0x9c ./drivers/uart.o
                0x0000000000000638                UART_IRQHandler
 .text.UARTInit
                0x00000000000006d4       0xcc ./drivers/uart.o
                0x00000000000006d4                UARTInit
 .text.UARTSend
                0x00000000000007a0       0x24 ./drivers/uart.o
                0x00000000000007a0                UARTSend
 .text.SystemInit
                0x00000000000007c4       0x90 /Users/patrick/Documents/workspace_expresso/CMSISv2p00_LPC11xx/Release/libCMSISv2p00_LPC11xx.a(system_LPC11xx.o)
                0x00000000000007c4                SystemInit
 .text.__weak_main
                0x0000000000000854        0x8 /Applications/lpcxpresso_4.2.4_267/lpcxpresso/Tools/bin/../lib/gcc/arm-none-eabi/4.6.2/../../../../arm-none-eabi/lib/armv6-m/libcr_c.a(__weak__main.o)
                0x0000000000000854                __main
                0x0000000000000854                __weak_main
 .text.__aeabi_division_uidivmod
                0x000000000000085c       0x72 /Applications/lpcxpresso_4.2.4_267/lpcxpresso/Tools/bin/../lib/gcc/arm-none-eabi/4.6.2/armv6-m/libcr_eabihelpers.a(division.o)
                0x000000000000085c                __aeabi_uidiv
                0x000000000000085c                __aeabi_uidivmod
 .text.__aeabi_division_idiv0
                0x00000000000008ce        0x2 /Applications/lpcxpresso_4.2.4_267/lpcxpresso/Tools/bin/../lib/gcc/arm-none-eabi/4.6.2/armv6-m/libcr_eabihelpers.a(division.o)
                0x00000000000008ce                __aeabi_idiv0
 .text.__aeabi_ddiv
                0x00000000000008d0      0x178 /Applications/lpcxpresso_4.2.4_267/lpcxpresso/Tools/bin/../lib/gcc/arm-none-eabi/4.6.2/armv6-m/libcr_eabihelpers.a(double.o)
                0x00000000000008d0                __aeabi_ddiv
 .text.__aeabi_d2uiz
                0x0000000000000a48       0x38 /Applications/lpcxpresso_4.2.4_267/lpcxpresso/Tools/bin/../lib/gcc/arm-none-eabi/4.6.2/armv6-m/libcr_eabihelpers.a(double.o)
                0x0000000000000a48                __aeabi_d2uiz
 .text.__bhs_ui2d
                0x0000000000000a80       0x66 /Applications/lpcxpresso_4.2.4_267/lpcxpresso/Tools/bin/../lib/gcc/arm-none-eabi/4.6.2/armv6-m/libcr_eabihelpers.a(double.o)
                0x0000000000000a80                __bhs_ui2d
 .text.__aeabi_ui2d
                0x0000000000000ae6        0xc /Applications/lpcxpresso_4.2.4_267/lpcxpresso/Tools/bin/../lib/gcc/arm-none-eabi/4.6.2/armv6-m/libcr_eabihelpers.a(double.o)
                0x0000000000000ae6                __aeabi_ui2d
 *(.rodata .rodata.*)
                0x0000000000000af4                . = ALIGN (0x4)
 *fill*         0x0000000000000af2        0x2 ff

.glue_7         0x0000000000000af4        0x0
 .glue_7        0x0000000000000000        0x0 linker stubs

.glue_7t        0x0000000000000af4        0x0
 .glue_7t       0x0000000000000000        0x0 linker stubs

.vfp11_veneer   0x0000000000000af4        0x0
 .vfp11_veneer  0x0000000000000000        0x0 linker stubs

.v4_bx          0x0000000000000af4        0x0
 .v4_bx         0x0000000000000000        0x0 linker stubs

.ARM.extab
 *(.ARM.extab* .gnu.linkonce.armextab.*)
                0x0000000000000af4                __exidx_start = .

.ARM.exidx
 *(.ARM.exidx* .gnu.linkonce.armexidx.*)
                0x0000000000000af4                __exidx_end = .
                0x0000000000000af4                _etext = .

.uninit_RESERVED
 *(.bss.$RESERVED*)

.data           0x0000000010000000        0xc load address 0x0000000000000af4
 FILL mask 0xff
                0x0000000010000000                _data = .
 *(vtable)
 *(.data*)
 .data.Frequency
                0x0000000010000000        0x4 ./main.o
                0x0000000010000000                Frequency
 .data.UARTTxEmpty
                0x0000000010000004        0x1 ./drivers/uart.o
                0x0000000010000004                UARTTxEmpty
 *fill*         0x0000000010000005        0x3 00
 .data.SystemCoreClock
                0x0000000010000008        0x4 /Users/patrick/Documents/workspace_expresso/CMSISv2p00_LPC11xx/Release/libCMSISv2p00_LPC11xx.a(system_LPC11xx.o)
                0x0000000010000008                SystemCoreClock
                0x000000001000000c                . = ALIGN (0x4)
                0x000000001000000c                _edata = .

.bss            0x000000001000000c       0x58 load address 0x0000000000000b00
                0x000000001000000c                _bss = .
 *(.bss*)
 .bss.PWMTickCnt
                0x000000001000000c        0x4 ./main.o
                0x000000001000000c                PWMTickCnt
 .bss.IRQTickCnt
                0x0000000010000010        0x4 ./main.o
                0x0000000010000010                IRQTickCnt
 .bss.SysTickCnt
                0x0000000010000014        0x4 ./main.o
                0x0000000010000014                SysTickCnt
 .bss.ClockTickCnt
                0x0000000010000018        0x4 ./main.o
                0x0000000010000018                ClockTickCnt
 .bss.UARTCount
                0x000000001000001c        0x4 ./drivers/uart.o
                0x000000001000001c                UARTCount
 *(COMMON)
 COMMON         0x0000000010000020       0x44 ./drivers/uart.o
                0x0000000010000020                UARTBuffer
                0x0000000010000060                UARTStatus
                0x0000000010000064                . = ALIGN (0x4)
                0x0000000010000064                _ebss = .
                0x0000000010000064                PROVIDE (end, .)
                0x0000000010000064                PROVIDE (_pvHeapStart, .)
                0x0000000010001000                PROVIDE (_vStackTop, (__top_RamLoc4 - 0x0))
OUTPUT(hello.axf elf32-littlearm)

.debug_info     0x0000000000000000     0x2499
 .debug_info    0x0000000000000000      0x292 ./cr_startup_lpc11.o
 .debug_info    0x0000000000000292     0x107f ./main.o
 .debug_info    0x0000000000001311      0xc8a ./drivers/uart.o
 .debug_info    0x0000000000001f9b      0x4fe /Users/patrick/Documents/workspace_expresso/CMSISv2p00_LPC11xx/Release/libCMSISv2p00_LPC11xx.a(system_LPC11xx.o)

.debug_abbrev   0x0000000000000000      0x66b
 .debug_abbrev  0x0000000000000000      0x114 ./cr_startup_lpc11.o
 .debug_abbrev  0x0000000000000114      0x291 ./main.o
 .debug_abbrev  0x00000000000003a5      0x1dc ./drivers/uart.o
 .debug_abbrev  0x0000000000000581       0xea /Users/patrick/Documents/workspace_expresso/CMSISv2p00_LPC11xx/Release/libCMSISv2p00_LPC11xx.a(system_LPC11xx.o)

.debug_loc      0x0000000000000000      0x57a
 .debug_loc     0x0000000000000000      0x28f ./cr_startup_lpc11.o
 .debug_loc     0x000000000000028f      0x12e ./main.o
 .debug_loc     0x00000000000003bd      0x125 ./drivers/uart.o
 .debug_loc     0x00000000000004e2       0x98 /Users/patrick/Documents/workspace_expresso/CMSISv2p00_LPC11xx/Release/libCMSISv2p00_LPC11xx.a(system_LPC11xx.o)

.debug_aranges  0x0000000000000000      0x120
 .debug_aranges
                0x0000000000000000       0x60 ./cr_startup_lpc11.o
 .debug_aranges
                0x0000000000000060       0x60 ./main.o
 .debug_aranges
                0x00000000000000c0       0x38 ./drivers/uart.o
 .debug_aranges
                0x00000000000000f8       0x28 /Users/patrick/Documents/workspace_expresso/CMSISv2p00_LPC11xx/Release/libCMSISv2p00_LPC11xx.a(system_LPC11xx.o)

.debug_ranges   0x0000000000000000      0x110
 .debug_ranges  0x0000000000000000       0x50 ./cr_startup_lpc11.o
 .debug_ranges  0x0000000000000050       0x80 ./main.o
 .debug_ranges  0x00000000000000d0       0x28 ./drivers/uart.o
 .debug_ranges  0x00000000000000f8       0x18 /Users/patrick/Documents/workspace_expresso/CMSISv2p00_LPC11xx/Release/libCMSISv2p00_LPC11xx.a(system_LPC11xx.o)

.debug_line     0x0000000000000000      0x6c6
 .debug_line    0x0000000000000000       0xa0 ./cr_startup_lpc11.o
 .debug_line    0x00000000000000a0      0x2a5 ./main.o
 .debug_line    0x0000000000000345      0x1ff ./drivers/uart.o
 .debug_line    0x0000000000000544      0x182 /Users/patrick/Documents/workspace_expresso/CMSISv2p00_LPC11xx/Release/libCMSISv2p00_LPC11xx.a(system_LPC11xx.o)

.debug_str      0x0000000000000000      0xab9
 .debug_str     0x0000000000000000      0x204 ./cr_startup_lpc11.o
                                        0x22c (size before relaxing)
 .debug_str     0x0000000000000204      0x775 ./main.o
                                        0x8a2 (size before relaxing)
 .debug_str     0x0000000000000979       0xb2 ./drivers/uart.o
                                        0x7ee (size before relaxing)
 .debug_str     0x0000000000000a2b       0x8e /Users/patrick/Documents/workspace_expresso/CMSISv2p00_LPC11xx/Release/libCMSISv2p00_LPC11xx.a(system_LPC11xx.o)
                                        0x3e6 (size before relaxing)

.comment        0x0000000000000000       0x9a
 .comment       0x0000000000000000       0x70 ./cr_startup_lpc11.o
                                         0x71 (size before relaxing)
 .comment       0x0000000000000000       0x71 ./main.o
 .comment       0x0000000000000000       0x71 ./drivers/uart.o
 .comment       0x0000000000000000       0x71 /Users/patrick/Documents/workspace_expresso/CMSISv2p00_LPC11xx/Release/libCMSISv2p00_LPC11xx.a(system_LPC11xx.o)
 .comment       0x0000000000000070       0x2a /Applications/lpcxpresso_4.2.4_267/lpcxpresso/Tools/bin/../lib/gcc/arm-none-eabi/4.6.2/../../../../arm-none-eabi/lib/armv6-m/libcr_c.a(__weak__main.o)
                                         0x2b (size before relaxing)
 .comment       0x0000000000000000       0x2b /Applications/lpcxpresso_4.2.4_267/lpcxpresso/Tools/bin/../lib/gcc/arm-none-eabi/4.6.2/armv6-m/libcr_eabihelpers.a(double.o)

.ARM.attributes
                0x0000000000000000       0x31
 .ARM.attributes
                0x0000000000000000       0x33 ./cr_startup_lpc11.o
 .ARM.attributes
                0x0000000000000033       0x33 ./main.o
 .ARM.attributes
                0x0000000000000066       0x33 ./drivers/uart.o
 .ARM.attributes
                0x0000000000000099       0x33 /Users/patrick/Documents/workspace_expresso/CMSISv2p00_LPC11xx/Release/libCMSISv2p00_LPC11xx.a(system_LPC11xx.o)
 .ARM.attributes
                0x00000000000000cc       0x33 /Applications/lpcxpresso_4.2.4_267/lpcxpresso/Tools/bin/../lib/gcc/arm-none-eabi/4.6.2/../../../../arm-none-eabi/lib/armv6-m/libcr_c.a(__weak__main.o)
 .ARM.attributes
                0x00000000000000ff       0x23 /Applications/lpcxpresso_4.2.4_267/lpcxpresso/Tools/bin/../lib/gcc/arm-none-eabi/4.6.2/armv6-m/libcr_eabihelpers.a(division.o)
 .ARM.attributes
                0x0000000000000122       0x33 /Applications/lpcxpresso_4.2.4_267/lpcxpresso/Tools/bin/../lib/gcc/arm-none-eabi/4.6.2/armv6-m/libcr_eabihelpers.a(double.o)
 .ARM.attributes
                0x0000000000000155       0x23 /Applications/lpcxpresso_4.2.4_267/lpcxpresso/Tools/bin/../lib/gcc/arm-none-eabi/4.6.2/armv6-m/libcr_eabihelpers.a(llong.o)

.debug_frame    0x0000000000000000      0x284
 .debug_frame   0x0000000000000000       0xec ./cr_startup_lpc11.o
 .debug_frame   0x00000000000000ec       0xdc ./main.o
 .debug_frame   0x00000000000001c8       0x78 ./drivers/uart.o
 .debug_frame   0x0000000000000240       0x44 /Users/patrick/Documents/workspace_expresso/CMSISv2p00_LPC11xx/Release/libCMSISv2p00_LPC11xx.a(system_LPC11xx.o)
