Archive member included because of file (symbol)

D:\projects\lpcxpresso\samples\2011-01-26-lpc11xx\lib_small_printf_m0\Lib\liblib_small_printf_m0.a(small_printf_nofloat.o)
                              ./driver/debug_printf.o (printf_format_nofloat)
D:\projects\lpcxpresso\samples\2011-01-26-lpc11xx\lib_small_printf_m0\Lib\liblib_small_printf_m0.a(small_printf_support.o)
                              D:\projects\lpcxpresso\samples\2011-01-26-lpc11xx\lib_small_printf_m0\Lib\liblib_small_printf_m0.a(small_printf_nofloat.o) (prints)
D:\projects\lpcxpresso\samples\2011-01-26-lpc11xx\lib_small_printf_m0\Lib\liblib_small_printf_m0.a(small_utils.o)
                              ./driver/debug_printf.o (small_strlen)
d:/nxp/lpcxpresso_3.6_beta/tools/bin/../lib/gcc/arm-none-eabi/4.3.3/../../../../arm-none-eabi/lib/armv6-m\libcr_c.a(__weak__main.o)
                              ./config/intpriority_cr_startup_lpc11.o (__main)
d:/nxp/lpcxpresso_3.6_beta/tools/bin/../lib/gcc/arm-none-eabi/4.3.3/../../../../arm-none-eabi/lib/armv6-m\libcr_c.a(ctype.o)
                              d:/nxp/lpcxpresso_3.6_beta/tools/bin/../lib/gcc/arm-none-eabi/4.3.3/../../../../arm-none-eabi/lib/armv6-m\libcr_c.a(__weak__main.o) (_ctype_init)
d:/nxp/lpcxpresso_3.6_beta/tools/bin/../lib/gcc/arm-none-eabi/4.3.3/../../../../arm-none-eabi/lib/armv6-m\libcr_c.a(__init_alloc.o)
                              d:/nxp/lpcxpresso_3.6_beta/tools/bin/../lib/gcc/arm-none-eabi/4.3.3/../../../../arm-none-eabi/lib/armv6-m\libcr_c.a(__weak__main.o) (_init_alloc)
d:/nxp/lpcxpresso_3.6_beta/tools/bin/../lib/gcc/arm-none-eabi/4.3.3/../../../../arm-none-eabi/lib/armv6-m\libcr_semihost.a(cr__read.o)
                              ./driver/debug_printf.o (__read)
d:/nxp/lpcxpresso_3.6_beta/tools/bin/../lib/gcc/arm-none-eabi/4.3.3/../../../../arm-none-eabi/lib/armv6-m\libcr_semihost.a(cr__write.o)
                              ./driver/debug_printf.o (__write)
d:/nxp/lpcxpresso_3.6_beta/tools/bin/../lib/gcc/arm-none-eabi/4.3.3/armv6-m\libcr_eabihelpers.a(double.o)
                              D:\projects\lpcxpresso\samples\2011-01-26-lpc11xx\lib_small_printf_m0\Lib\liblib_small_printf_m0.a(small_utils.o) (__aeabi_dsub)
d:/nxp/lpcxpresso_3.6_beta/tools/bin/../lib/gcc/arm-none-eabi/4.3.3/armv6-m\libcr_eabihelpers.a(helpers.o)
                              ./driver/debug_printf.o (__aeabi_idivmod)
d:/nxp/lpcxpresso_3.6_beta/tools/bin/../lib/gcc/arm-none-eabi/4.3.3/armv6-m\libcr_eabihelpers.a(rtlib.o)
                              d:/nxp/lpcxpresso_3.6_beta/tools/bin/../lib/gcc/arm-none-eabi/4.3.3/armv6-m\libcr_eabihelpers.a(double.o) (__aeabi_lmul)

Allocating common symbols
Common symbol       size              file

fseek               0x4               ./driver/debug_printf.o
IRIdx               0x4               ./src/intpriority_main.o
fclose              0x4               ./driver/debug_printf.o
__heaps             0x4               d:/nxp/lpcxpresso_3.6_beta/tools/bin/../lib/gcc/arm-none-eabi/4.3.3/../../../../arm-none-eabi/lib/armv6-m\libcr_c.a(__init_alloc.o)
__end_of_heap       0x4               d:/nxp/lpcxpresso_3.6_beta/tools/bin/../lib/gcc/arm-none-eabi/4.3.3/../../../../arm-none-eabi/lib/armv6-m\libcr_c.a(__init_alloc.o)
priLUT              0x80              ./src/intpriority_main.o
IR                  0x168             ./src/intpriority_main.o

Discarded input sections

 .text          0x00000000        0x0 ./src/intpriority_main.o
 .data          0x00000000        0x0 ./src/intpriority_main.o
 .bss           0x00000000        0x0 ./src/intpriority_main.o
 .text          0x00000000        0x0 ./driver/crp.o
 .data          0x00000000        0x0 ./driver/crp.o
 .bss           0x00000000        0x0 ./driver/crp.o
 .text          0x00000000        0x0 ./driver/debug_printf.o
 .data          0x00000000        0x0 ./driver/debug_printf.o
 .bss           0x00000000        0x0 ./driver/debug_printf.o
 .text._debug_getstr
                0x00000000        0x0 ./driver/debug_printf.o
 .text._debug_puts
                0x00000000        0x0 ./driver/debug_printf.o
 .bss.debug_read_buf
                0x00000000        0x0 ./driver/debug_printf.o
 COMMON         0x00000000        0x0 ./driver/debug_printf.o
 .text          0x00000000        0x0 ./config/intpriority_cr_startup_lpc11.o
 .data          0x00000000        0x0 ./config/intpriority_cr_startup_lpc11.o
 .bss           0x00000000        0x0 ./config/intpriority_cr_startup_lpc11.o
 .text          0x00000000        0x0 ./cmsis/core_cm0.o
 .data          0x00000000        0x0 ./cmsis/core_cm0.o
 .bss           0x00000000        0x0 ./cmsis/core_cm0.o
 .text.__get_PSP
                0x00000000        0x0 ./cmsis/core_cm0.o
 .text.__set_PSP
                0x00000000        0x0 ./cmsis/core_cm0.o
 .text.__get_MSP
                0x00000000        0x0 ./cmsis/core_cm0.o
 .text.__set_MSP
                0x00000000        0x0 ./cmsis/core_cm0.o
 .text.__get_PRIMASK
                0x00000000        0x0 ./cmsis/core_cm0.o
 .text.__set_PRIMASK
                0x00000000        0x0 ./cmsis/core_cm0.o
 .text.__get_CONTROL
                0x00000000        0x0 ./cmsis/core_cm0.o
 .text.__set_CONTROL
                0x00000000        0x0 ./cmsis/core_cm0.o
 .text.__REV    0x00000000        0x0 ./cmsis/core_cm0.o
 .text.__REV16  0x00000000        0x0 ./cmsis/core_cm0.o
 .text.__REVSH  0x00000000        0x0 ./cmsis/core_cm0.o
 .text          0x00000000        0x0 ./cmsis/system_LPC11xx.o
 .data          0x00000000        0x0 ./cmsis/system_LPC11xx.o
 .bss           0x00000000        0x0 ./cmsis/system_LPC11xx.o
 .text          0x00000000        0x0 D:\projects\lpcxpresso\samples\2011-01-26-lpc11xx\lib_small_printf_m0\Lib\liblib_small_printf_m0.a(small_printf_nofloat.o)
 .data          0x00000000        0x0 D:\projects\lpcxpresso\samples\2011-01-26-lpc11xx\lib_small_printf_m0\Lib\liblib_small_printf_m0.a(small_printf_nofloat.o)
 .bss           0x00000000        0x0 D:\projects\lpcxpresso\samples\2011-01-26-lpc11xx\lib_small_printf_m0\Lib\liblib_small_printf_m0.a(small_printf_nofloat.o)
 .text.nsprintf
                0x00000000        0x0 D:\projects\lpcxpresso\samples\2011-01-26-lpc11xx\lib_small_printf_m0\Lib\liblib_small_printf_m0.a(small_printf_nofloat.o)
 .text.func_printf_nofloat
                0x00000000        0x0 D:\projects\lpcxpresso\samples\2011-01-26-lpc11xx\lib_small_printf_m0\Lib\liblib_small_printf_m0.a(small_printf_nofloat.o)
 .text          0x00000000        0x0 D:\projects\lpcxpresso\samples\2011-01-26-lpc11xx\lib_small_printf_m0\Lib\liblib_small_printf_m0.a(small_printf_support.o)
 .data          0x00000000        0x0 D:\projects\lpcxpresso\samples\2011-01-26-lpc11xx\lib_small_printf_m0\Lib\liblib_small_printf_m0.a(small_printf_support.o)
 .bss           0x00000000        0x0 D:\projects\lpcxpresso\samples\2011-01-26-lpc11xx\lib_small_printf_m0\Lib\liblib_small_printf_m0.a(small_printf_support.o)
 .text.nsprintf_write_init
                0x00000000        0x0 D:\projects\lpcxpresso\samples\2011-01-26-lpc11xx\lib_small_printf_m0\Lib\liblib_small_printf_m0.a(small_printf_support.o)
 .text.nsprintf_write
                0x00000000        0x0 D:\projects\lpcxpresso\samples\2011-01-26-lpc11xx\lib_small_printf_m0\Lib\liblib_small_printf_m0.a(small_printf_support.o)
 .bss.nsprintf_buffer_index
                0x00000000        0x0 D:\projects\lpcxpresso\samples\2011-01-26-lpc11xx\lib_small_printf_m0\Lib\liblib_small_printf_m0.a(small_printf_support.o)
 .bss.nsprintf_buffer
                0x00000000        0x0 D:\projects\lpcxpresso\samples\2011-01-26-lpc11xx\lib_small_printf_m0\Lib\liblib_small_printf_m0.a(small_printf_support.o)
 .bss.nsprintf_buffer_length
                0x00000000        0x0 D:\projects\lpcxpresso\samples\2011-01-26-lpc11xx\lib_small_printf_m0\Lib\liblib_small_printf_m0.a(small_printf_support.o)
 .text          0x00000000        0x0 D:\projects\lpcxpresso\samples\2011-01-26-lpc11xx\lib_small_printf_m0\Lib\liblib_small_printf_m0.a(small_utils.o)
 .data          0x00000000        0x0 D:\projects\lpcxpresso\samples\2011-01-26-lpc11xx\lib_small_printf_m0\Lib\liblib_small_printf_m0.a(small_utils.o)
 .bss           0x00000000        0x0 D:\projects\lpcxpresso\samples\2011-01-26-lpc11xx\lib_small_printf_m0\Lib\liblib_small_printf_m0.a(small_utils.o)
 .text.small_strlen
                0x00000000        0x0 D:\projects\lpcxpresso\samples\2011-01-26-lpc11xx\lib_small_printf_m0\Lib\liblib_small_printf_m0.a(small_utils.o)
 .text.small_strcmp
                0x00000000        0x0 D:\projects\lpcxpresso\samples\2011-01-26-lpc11xx\lib_small_printf_m0\Lib\liblib_small_printf_m0.a(small_utils.o)
 .text.small_stricmp
                0x00000000        0x0 D:\projects\lpcxpresso\samples\2011-01-26-lpc11xx\lib_small_printf_m0\Lib\liblib_small_printf_m0.a(small_utils.o)
 .text.small_strim
                0x00000000        0x0 D:\projects\lpcxpresso\samples\2011-01-26-lpc11xx\lib_small_printf_m0\Lib\liblib_small_printf_m0.a(small_utils.o)
 .text.gethex   0x00000000        0x0 D:\projects\lpcxpresso\samples\2011-01-26-lpc11xx\lib_small_printf_m0\Lib\liblib_small_printf_m0.a(small_utils.o)
 .text.small_fmodf
                0x00000000        0x0 D:\projects\lpcxpresso\samples\2011-01-26-lpc11xx\lib_small_printf_m0\Lib\liblib_small_printf_m0.a(small_utils.o)
 .text          0x00000000        0x0 d:/nxp/lpcxpresso_3.6_beta/tools/bin/../lib/gcc/arm-none-eabi/4.3.3/../../../../arm-none-eabi/lib/armv6-m\libcr_c.a(__weak__main.o)
 .data          0x00000000        0x0 d:/nxp/lpcxpresso_3.6_beta/tools/bin/../lib/gcc/arm-none-eabi/4.3.3/../../../../arm-none-eabi/lib/armv6-m\libcr_c.a(__weak__main.o)
 .bss           0x00000000        0x0 d:/nxp/lpcxpresso_3.6_beta/tools/bin/../lib/gcc/arm-none-eabi/4.3.3/../../../../arm-none-eabi/lib/armv6-m\libcr_c.a(__weak__main.o)
 .bss           0x00000000        0x0 d:/nxp/lpcxpresso_3.6_beta/tools/bin/../lib/gcc/arm-none-eabi/4.3.3/../../../../arm-none-eabi/lib/armv6-m\libcr_c.a(ctype.o)
 .text          0x00000000        0x0 d:/nxp/lpcxpresso_3.6_beta/tools/bin/../lib/gcc/arm-none-eabi/4.3.3/../../../../arm-none-eabi/lib/armv6-m\libcr_c.a(__init_alloc.o)
 .data          0x00000000        0x0 d:/nxp/lpcxpresso_3.6_beta/tools/bin/../lib/gcc/arm-none-eabi/4.3.3/../../../../arm-none-eabi/lib/armv6-m\libcr_c.a(__init_alloc.o)
 .bss           0x00000000        0x0 d:/nxp/lpcxpresso_3.6_beta/tools/bin/../lib/gcc/arm-none-eabi/4.3.3/../../../../arm-none-eabi/lib/armv6-m\libcr_c.a(__init_alloc.o)
 .text._start_module__init_alloc
                0x00000000        0x0 d:/nxp/lpcxpresso_3.6_beta/tools/bin/../lib/gcc/arm-none-eabi/4.3.3/../../../../arm-none-eabi/lib/armv6-m\libcr_c.a(__init_alloc.o)
 .text._end_module__init_alloc
                0x00000000        0x0 d:/nxp/lpcxpresso_3.6_beta/tools/bin/../lib/gcc/arm-none-eabi/4.3.3/../../../../arm-none-eabi/lib/armv6-m\libcr_c.a(__init_alloc.o)
 .text          0x00000000        0x0 d:/nxp/lpcxpresso_3.6_beta/tools/bin/../lib/gcc/arm-none-eabi/4.3.3/../../../../arm-none-eabi/lib/armv6-m\libcr_semihost.a(cr__read.o)
 .data          0x00000000        0x0 d:/nxp/lpcxpresso_3.6_beta/tools/bin/../lib/gcc/arm-none-eabi/4.3.3/../../../../arm-none-eabi/lib/armv6-m\libcr_semihost.a(cr__read.o)
 .bss           0x00000000        0x0 d:/nxp/lpcxpresso_3.6_beta/tools/bin/../lib/gcc/arm-none-eabi/4.3.3/../../../../arm-none-eabi/lib/armv6-m\libcr_semihost.a(cr__read.o)
 .data          0x00000000        0x0 d:/nxp/lpcxpresso_3.6_beta/tools/bin/../lib/gcc/arm-none-eabi/4.3.3/../../../../arm-none-eabi/lib/armv6-m\libcr_semihost.a(cr__write.o)
 .bss           0x00000000        0x0 d:/nxp/lpcxpresso_3.6_beta/tools/bin/../lib/gcc/arm-none-eabi/4.3.3/../../../../arm-none-eabi/lib/armv6-m\libcr_semihost.a(cr__write.o)
 .text          0x00000000        0x0 d:/nxp/lpcxpresso_3.6_beta/tools/bin/../lib/gcc/arm-none-eabi/4.3.3/armv6-m\libcr_eabihelpers.a(double.o)
 .data          0x00000000        0x0 d:/nxp/lpcxpresso_3.6_beta/tools/bin/../lib/gcc/arm-none-eabi/4.3.3/armv6-m\libcr_eabihelpers.a(double.o)
 .bss           0x00000000        0x0 d:/nxp/lpcxpresso_3.6_beta/tools/bin/../lib/gcc/arm-none-eabi/4.3.3/armv6-m\libcr_eabihelpers.a(double.o)
 .text.__aeabi_dmul
                0x00000000        0x0 d:/nxp/lpcxpresso_3.6_beta/tools/bin/../lib/gcc/arm-none-eabi/4.3.3/armv6-m\libcr_eabihelpers.a(double.o)
 .text.__aeabi_ddiv
                0x00000000        0x0 d:/nxp/lpcxpresso_3.6_beta/tools/bin/../lib/gcc/arm-none-eabi/4.3.3/armv6-m\libcr_eabihelpers.a(double.o)
 .text.__aeabi_dsub
                0x00000000        0x0 d:/nxp/lpcxpresso_3.6_beta/tools/bin/../lib/gcc/arm-none-eabi/4.3.3/armv6-m\libcr_eabihelpers.a(double.o)
 .text.__aeabi_dadd
                0x00000000        0x0 d:/nxp/lpcxpresso_3.6_beta/tools/bin/../lib/gcc/arm-none-eabi/4.3.3/armv6-m\libcr_eabihelpers.a(double.o)
 .text.__aeabi_drsub
                0x00000000        0x0 d:/nxp/lpcxpresso_3.6_beta/tools/bin/../lib/gcc/arm-none-eabi/4.3.3/armv6-m\libcr_eabihelpers.a(double.o)
 .text.__aeabi_dneg
                0x00000000        0x0 d:/nxp/lpcxpresso_3.6_beta/tools/bin/../lib/gcc/arm-none-eabi/4.3.3/armv6-m\libcr_eabihelpers.a(double.o)
 .text.__aeabi_d2f
                0x00000000        0x0 d:/nxp/lpcxpresso_3.6_beta/tools/bin/../lib/gcc/arm-none-eabi/4.3.3/armv6-m\libcr_eabihelpers.a(double.o)
 .text.__aeabi_d2iz
                0x00000000        0x0 d:/nxp/lpcxpresso_3.6_beta/tools/bin/../lib/gcc/arm-none-eabi/4.3.3/armv6-m\libcr_eabihelpers.a(double.o)
 .text.__aeabi_d2uiz
                0x00000000        0x0 d:/nxp/lpcxpresso_3.6_beta/tools/bin/../lib/gcc/arm-none-eabi/4.3.3/armv6-m\libcr_eabihelpers.a(double.o)
 .text.__aeabi_d2lz
                0x00000000        0x0 d:/nxp/lpcxpresso_3.6_beta/tools/bin/../lib/gcc/arm-none-eabi/4.3.3/armv6-m\libcr_eabihelpers.a(double.o)
 .text.__aeabi_d2ulz
                0x00000000        0x0 d:/nxp/lpcxpresso_3.6_beta/tools/bin/../lib/gcc/arm-none-eabi/4.3.3/armv6-m\libcr_eabihelpers.a(double.o)
 .text.__bhs_ui2d
                0x00000000        0x0 d:/nxp/lpcxpresso_3.6_beta/tools/bin/../lib/gcc/arm-none-eabi/4.3.3/armv6-m\libcr_eabihelpers.a(double.o)
 .text.__bhs_ul2d
                0x00000000        0x0 d:/nxp/lpcxpresso_3.6_beta/tools/bin/../lib/gcc/arm-none-eabi/4.3.3/armv6-m\libcr_eabihelpers.a(double.o)
 .text.__aeabi_i2d
                0x00000000        0x0 d:/nxp/lpcxpresso_3.6_beta/tools/bin/../lib/gcc/arm-none-eabi/4.3.3/armv6-m\libcr_eabihelpers.a(double.o)
 .text.__aeabi_ui2d
                0x00000000        0x0 d:/nxp/lpcxpresso_3.6_beta/tools/bin/../lib/gcc/arm-none-eabi/4.3.3/armv6-m\libcr_eabihelpers.a(double.o)
 .text.__aeabi_l2d
                0x00000000        0x0 d:/nxp/lpcxpresso_3.6_beta/tools/bin/../lib/gcc/arm-none-eabi/4.3.3/armv6-m\libcr_eabihelpers.a(double.o)
 .text.__aeabi_ul2d
                0x00000000        0x0 d:/nxp/lpcxpresso_3.6_beta/tools/bin/../lib/gcc/arm-none-eabi/4.3.3/armv6-m\libcr_eabihelpers.a(double.o)
 .text.__aeabi_dcmpeq
                0x00000000        0x0 d:/nxp/lpcxpresso_3.6_beta/tools/bin/../lib/gcc/arm-none-eabi/4.3.3/armv6-m\libcr_eabihelpers.a(double.o)
 .text.__aeabi_dcmplt
                0x00000000        0x0 d:/nxp/lpcxpresso_3.6_beta/tools/bin/../lib/gcc/arm-none-eabi/4.3.3/armv6-m\libcr_eabihelpers.a(double.o)
 .text.__aeabi_dcmpgt
                0x00000000        0x0 d:/nxp/lpcxpresso_3.6_beta/tools/bin/../lib/gcc/arm-none-eabi/4.3.3/armv6-m\libcr_eabihelpers.a(double.o)
 .text.__aeabi_dcmple
                0x00000000        0x0 d:/nxp/lpcxpresso_3.6_beta/tools/bin/../lib/gcc/arm-none-eabi/4.3.3/armv6-m\libcr_eabihelpers.a(double.o)
 .text.__aeabi_dcmpge
                0x00000000        0x0 d:/nxp/lpcxpresso_3.6_beta/tools/bin/../lib/gcc/arm-none-eabi/4.3.3/armv6-m\libcr_eabihelpers.a(double.o)
 .text.__aeabi_dcmpun
                0x00000000        0x0 d:/nxp/lpcxpresso_3.6_beta/tools/bin/../lib/gcc/arm-none-eabi/4.3.3/armv6-m\libcr_eabihelpers.a(double.o)
 .data          0x00000000        0x0 d:/nxp/lpcxpresso_3.6_beta/tools/bin/../lib/gcc/arm-none-eabi/4.3.3/armv6-m\libcr_eabihelpers.a(helpers.o)
 .bss           0x00000000        0x0 d:/nxp/lpcxpresso_3.6_beta/tools/bin/../lib/gcc/arm-none-eabi/4.3.3/armv6-m\libcr_eabihelpers.a(helpers.o)
 .text          0x00000000        0x0 d:/nxp/lpcxpresso_3.6_beta/tools/bin/../lib/gcc/arm-none-eabi/4.3.3/armv6-m\libcr_eabihelpers.a(rtlib.o)
 .data          0x00000000        0x0 d:/nxp/lpcxpresso_3.6_beta/tools/bin/../lib/gcc/arm-none-eabi/4.3.3/armv6-m\libcr_eabihelpers.a(rtlib.o)
 .bss           0x00000000        0x0 d:/nxp/lpcxpresso_3.6_beta/tools/bin/../lib/gcc/arm-none-eabi/4.3.3/armv6-m\libcr_eabihelpers.a(rtlib.o)
 .text.__aeabi_lmul
                0x00000000        0x0 d:/nxp/lpcxpresso_3.6_beta/tools/bin/../lib/gcc/arm-none-eabi/4.3.3/armv6-m\libcr_eabihelpers.a(rtlib.o)
 .text.__aeabi_llsl
                0x00000000        0x0 d:/nxp/lpcxpresso_3.6_beta/tools/bin/../lib/gcc/arm-none-eabi/4.3.3/armv6-m\libcr_eabihelpers.a(rtlib.o)
 .text.__aeabi_llsr
                0x00000000        0x0 d:/nxp/lpcxpresso_3.6_beta/tools/bin/../lib/gcc/arm-none-eabi/4.3.3/armv6-m\libcr_eabihelpers.a(rtlib.o)
 .text.__aeabi_lasr
                0x00000000        0x0 d:/nxp/lpcxpresso_3.6_beta/tools/bin/../lib/gcc/arm-none-eabi/4.3.3/armv6-m\libcr_eabihelpers.a(rtlib.o)
 .text.__aeabi_lcmp
                0x00000000        0x0 d:/nxp/lpcxpresso_3.6_beta/tools/bin/../lib/gcc/arm-none-eabi/4.3.3/armv6-m\libcr_eabihelpers.a(rtlib.o)
 .text.__aeabi_ulcmp
                0x00000000        0x0 d:/nxp/lpcxpresso_3.6_beta/tools/bin/../lib/gcc/arm-none-eabi/4.3.3/armv6-m\libcr_eabihelpers.a(rtlib.o)
 .text.__aeabi_uread4
                0x00000000        0x0 d:/nxp/lpcxpresso_3.6_beta/tools/bin/../lib/gcc/arm-none-eabi/4.3.3/armv6-m\libcr_eabihelpers.a(rtlib.o)
 .text.__aeabi_uread8
                0x00000000        0x0 d:/nxp/lpcxpresso_3.6_beta/tools/bin/../lib/gcc/arm-none-eabi/4.3.3/armv6-m\libcr_eabihelpers.a(rtlib.o)
 .text.__aeabi_uwrite4
                0x00000000        0x0 d:/nxp/lpcxpresso_3.6_beta/tools/bin/../lib/gcc/arm-none-eabi/4.3.3/armv6-m\libcr_eabihelpers.a(rtlib.o)
 .text.__aeabi_uwrite8
                0x00000000        0x0 d:/nxp/lpcxpresso_3.6_beta/tools/bin/../lib/gcc/arm-none-eabi/4.3.3/armv6-m\libcr_eabihelpers.a(rtlib.o)
 .text.__aeabi_memcpy
                0x00000000        0x0 d:/nxp/lpcxpresso_3.6_beta/tools/bin/../lib/gcc/arm-none-eabi/4.3.3/armv6-m\libcr_eabihelpers.a(rtlib.o)
 .text.__aeabi_memcpy4
                0x00000000        0x0 d:/nxp/lpcxpresso_3.6_beta/tools/bin/../lib/gcc/arm-none-eabi/4.3.3/armv6-m\libcr_eabihelpers.a(rtlib.o)
 .text.__aeabi_memmove
                0x00000000        0x0 d:/nxp/lpcxpresso_3.6_beta/tools/bin/../lib/gcc/arm-none-eabi/4.3.3/armv6-m\libcr_eabihelpers.a(rtlib.o)
 .text.__aeabi_memmove4
                0x00000000        0x0 d:/nxp/lpcxpresso_3.6_beta/tools/bin/../lib/gcc/arm-none-eabi/4.3.3/armv6-m\libcr_eabihelpers.a(rtlib.o)
 .text.__aeabi_memset
                0x00000000        0x0 d:/nxp/lpcxpresso_3.6_beta/tools/bin/../lib/gcc/arm-none-eabi/4.3.3/armv6-m\libcr_eabihelpers.a(rtlib.o)
 .text.__aeabi_memset4
                0x00000000        0x0 d:/nxp/lpcxpresso_3.6_beta/tools/bin/../lib/gcc/arm-none-eabi/4.3.3/armv6-m\libcr_eabihelpers.a(rtlib.o)
 .text.__aeabi_memclr
                0x00000000        0x0 d:/nxp/lpcxpresso_3.6_beta/tools/bin/../lib/gcc/arm-none-eabi/4.3.3/armv6-m\libcr_eabihelpers.a(rtlib.o)
 .text.__aeabi_memclr4
                0x00000000        0x0 d:/nxp/lpcxpresso_3.6_beta/tools/bin/../lib/gcc/arm-none-eabi/4.3.3/armv6-m\libcr_eabihelpers.a(rtlib.o)
 .text.__aeabi_idiv
                0x00000000        0x0 d:/nxp/lpcxpresso_3.6_beta/tools/bin/../lib/gcc/arm-none-eabi/4.3.3/armv6-m\libcr_eabihelpers.a(rtlib.o)

Memory Configuration

Name             Origin             Length             Attributes
MFlash32         0x00000000         0x00008000         xr
RamLoc8          0x10000000         0x00002000         xrw
*default*        0x00000000         0xffffffff

Linker script and memory map

LOAD ./src/intpriority_main.o
LOAD ./driver/crp.o
LOAD ./driver/debug_printf.o
LOAD ./config/intpriority_cr_startup_lpc11.o
LOAD ./cmsis/core_cm0.o
LOAD ./cmsis/system_LPC11xx.o
LOAD D:\projects\lpcxpresso\samples\2011-01-26-lpc11xx\lib_small_printf_m0\Lib\liblib_small_printf_m0.a
START GROUP
LOAD d:/nxp/lpcxpresso_3.6_beta/tools/bin/../lib/gcc/arm-none-eabi/4.3.3/../../../../arm-none-eabi/lib/armv6-m\libcr_c.a
LOAD d:/nxp/lpcxpresso_3.6_beta/tools/bin/../lib/gcc/arm-none-eabi/4.3.3/../../../../arm-none-eabi/lib/armv6-m\libcr_semihost.a
LOAD d:/nxp/lpcxpresso_3.6_beta/tools/bin/../lib/gcc/arm-none-eabi/4.3.3/armv6-m\libcr_eabihelpers.a
END GROUP
                0x00008000                __top_MFlash32 = 0x8000
                0x10002000                __top_RamLoc8 = 0x10002000

.text           0x00000000     0x1863
 FILL mask 0xff
 *(.isr_vector)
 .isr_vector    0x00000000       0xc0 ./config/intpriority_cr_startup_lpc11.o
                0x00000000                g_pfnVectors
 *(.text.Reset_Handler .text.SystemInit)
 .text.SystemInit
                0x000000c0      0x100 ./cmsis/system_LPC11xx.o
                0x000000c0                SystemInit
                0x000002fc                . = 0x2fc
 *fill*         0x000001c0      0x13c ff
 *(.crp)
 .crp           0x000002fc        0x4 ./driver/crp.o
                0x000002fc                CRP_WORD
 *(.text*)
 .text.WAKEUP1_IRQHandler
                0x00000300       0x60 ./src/intpriority_main.o
                0x00000300                WAKEUP1_IRQHandler
 .text.WAKEUP2_IRQHandler
                0x00000360       0x60 ./src/intpriority_main.o
                0x00000360                WAKEUP2_IRQHandler
 .text.WAKEUP3_IRQHandler
                0x000003c0       0x60 ./src/intpriority_main.o
                0x000003c0                WAKEUP3_IRQHandler
 .text.WAKEUP6_IRQHandler
                0x00000420       0x60 ./src/intpriority_main.o
                0x00000420                WAKEUP6_IRQHandler
 .text.WAKEUP7_IRQHandler
                0x00000480       0x60 ./src/intpriority_main.o
                0x00000480                WAKEUP7_IRQHandler
 .text.WAKEUP8_IRQHandler
                0x000004e0       0x60 ./src/intpriority_main.o
                0x000004e0                WAKEUP8_IRQHandler
 .text.WAKEUP9_IRQHandler
                0x00000540       0x60 ./src/intpriority_main.o
                0x00000540                WAKEUP9_IRQHandler
 .text.WAKEUP11_IRQHandler
                0x000005a0       0x60 ./src/intpriority_main.o
                0x000005a0                WAKEUP11_IRQHandler
 .text.main     0x00000600      0x264 ./src/intpriority_main.o
                0x00000600                main
 .text.__disable_irq
                0x00000864        0xc ./src/intpriority_main.o
 .text.NVIC_EnableIRQ
                0x00000870       0x28 ./src/intpriority_main.o
 .text.NVIC_SetPriority
                0x00000898       0xf0 ./src/intpriority_main.o
 .text.__enable_irq
                0x00000988        0xc ./src/intpriority_main.o
 .text._debug_printf_flush
                0x00000994       0xc8 ./driver/debug_printf.o
                0x00000994                _debug_printf_flush
 .text._debug_putchar
                0x00000a5c       0x90 ./driver/debug_printf.o
                0x00000a5c                _debug_putchar
 .text._debug_printf
                0x00000aec       0x30 ./driver/debug_printf.o
                0x00000aec                _debug_printf
 .text.ResetISR
                0x00000b1c       0x64 ./config/intpriority_cr_startup_lpc11.o
                0x00000b1c                ResetISR
 .text.NMI_Handler
                0x00000b80        0x8 ./config/intpriority_cr_startup_lpc11.o
                0x00000b80                NMI_Handler
 .text.HardFault_Handler
                0x00000b88        0x8 ./config/intpriority_cr_startup_lpc11.o
                0x00000b88                HardFault_Handler
 .text.SVCall_Handler
                0x00000b90        0x8 ./config/intpriority_cr_startup_lpc11.o
                0x00000b90                SVCall_Handler
 .text.PendSV_Handler
                0x00000b98        0x8 ./config/intpriority_cr_startup_lpc11.o
                0x00000b98                PendSV_Handler
 .text.SysTick_Handler
                0x00000ba0        0x8 ./config/intpriority_cr_startup_lpc11.o
                0x00000ba0                SysTick_Handler
 .text.IntDefaultHandler
                0x00000ba8        0x8 ./config/intpriority_cr_startup_lpc11.o
                0x00000ba8                TIMER16_0_IRQHandler
                0x00000ba8                UART_IRQHandler
                0x00000ba8                TIMER32_0_IRQHandler
                0x00000ba8                TIMER32_1_IRQHandler
                0x00000ba8                IntDefaultHandler
                0x00000ba8                PIOINT1_IRQHandler
                0x00000ba8                CAN_IRQHandler
                0x00000ba8                SSP0_IRQHandler
                0x00000ba8                TIMER16_1_IRQHandler
                0x00000ba8                ADC_IRQHandler
                0x00000ba8                SSP1_IRQHandler
                0x00000ba8                PIOINT2_IRQHandler
                0x00000ba8                BOD_IRQHandler
                0x00000ba8                WAKEUP_IRQHandler
                0x00000ba8                PIOINT0_IRQHandler
                0x00000ba8                I2C_IRQHandler
                0x00000ba8                WDT_IRQHandler
                0x00000ba8                PIOINT3_IRQHandler
 .text.SystemCoreClockUpdate
                0x00000bb0      0x250 ./cmsis/system_LPC11xx.o
                0x00000bb0                SystemCoreClockUpdate
 .text.__NOP    0x00000e00        0xc ./cmsis/system_LPC11xx.o
 .text.printf_format_nofloat
                0x00000e0c      0x184 D:\projects\lpcxpresso\samples\2011-01-26-lpc11xx\lib_small_printf_m0\Lib\liblib_small_printf_m0.a(small_printf_nofloat.o)
                0x00000e0c                printf_format_nofloat
 .text.prints   0x00000f90       0x70 D:\projects\lpcxpresso\samples\2011-01-26-lpc11xx\lib_small_printf_m0\Lib\liblib_small_printf_m0.a(small_printf_support.o)
                0x00000f90                prints
 .text.printi   0x00001000       0xa8 D:\projects\lpcxpresso\samples\2011-01-26-lpc11xx\lib_small_printf_m0\Lib\liblib_small_printf_m0.a(small_printf_support.o)
                0x00001000                printi
 .text.__weak_main
                0x000010a8       0x14 d:/nxp/lpcxpresso_3.6_beta/tools/bin/../lib/gcc/arm-none-eabi/4.3.3/../../../../arm-none-eabi/lib/armv6-m\libcr_c.a(__weak__main.o)
                0x000010a8                __main
                0x000010a8                __weak_main
 .text          0x000010bc      0x338 d:/nxp/lpcxpresso_3.6_beta/tools/bin/../lib/gcc/arm-none-eabi/4.3.3/../../../../arm-none-eabi/lib/armv6-m\libcr_c.a(ctype.o)
                0x000010bc                _start_module_ctype
                0x00001190                islower
                0x00001280                tolower
                0x000011e0                ispunct
                0x00001208                isspace
                0x000013e8                _end_module_ctype
                0x00001258                isxdigit
                0x00001380                _ctype_init
                0x00001230                isupper
                0x000010f0                isalpha
                0x00001168                isgraph
                0x000010c8                isalnum
                0x000011b8                isprint
                0x00001300                _set_ctype_8859
                0x00001140                isdigit
                0x00001118                iscntrl
                0x000012c0                toupper
 .text._init_alloc
                0x000013f4       0x14 d:/nxp/lpcxpresso_3.6_beta/tools/bin/../lib/gcc/arm-none-eabi/4.3.3/../../../../arm-none-eabi/lib/armv6-m\libcr_c.a(__init_alloc.o)
                0x000013f4                _init_alloc
 .text          0x00001408       0x1c d:/nxp/lpcxpresso_3.6_beta/tools/bin/../lib/gcc/arm-none-eabi/4.3.3/../../../../arm-none-eabi/lib/armv6-m\libcr_semihost.a(cr__write.o)
                0x00001408                __write
 .text          0x00001424       0x84 d:/nxp/lpcxpresso_3.6_beta/tools/bin/../lib/gcc/arm-none-eabi/4.3.3/armv6-m\libcr_eabihelpers.a(helpers.o)
                0x0000144e                __ARM_call_via_r7
                0x0000148e                __aeabi_uldivmod
                0x0000144a                __ARM_call_via_r5
                0x00001452                __ARM_call_via_r9
                0x00001442                __ARM_call_via_r1
                0x0000144c                __ARM_call_via_r6
                0x00001456                __ARM_call_via_r11
                0x00001450                __ARM_call_via_r8
                0x00001446                __ARM_call_via_r3
                0x00001440                __ARM_call_via_r0
                0x00001458                __ARM_call_via_r12
                0x00001454                __ARM_call_via_r10
                0x00001468                __aeabi_uidivmod
                0x00001448                __ARM_call_via_r4
                0x00001444                __ARM_call_via_r2
                0x0000145a                __aeabi_idivmod
                0x00001476                __aeabi_ldivmod
                0x00001424                __ARM_switch8
 .text.__aeabi_idiv0
                0x000014a8        0x4 d:/nxp/lpcxpresso_3.6_beta/tools/bin/../lib/gcc/arm-none-eabi/4.3.3/armv6-m\libcr_eabihelpers.a(rtlib.o)
                0x000014a8                __aeabi_idiv0
 .text.__bhs_uidivmod
                0x000014ac       0x88 d:/nxp/lpcxpresso_3.6_beta/tools/bin/../lib/gcc/arm-none-eabi/4.3.3/armv6-m\libcr_eabihelpers.a(rtlib.o)
                0x000014ac                __bhs_uidivmod
 .text.__aeabi_uidiv
                0x00001534       0x18 d:/nxp/lpcxpresso_3.6_beta/tools/bin/../lib/gcc/arm-none-eabi/4.3.3/armv6-m\libcr_eabihelpers.a(rtlib.o)
                0x00001534                __aeabi_uidiv
 .text.__bhs_idivmod
                0x0000154c       0x48 d:/nxp/lpcxpresso_3.6_beta/tools/bin/../lib/gcc/arm-none-eabi/4.3.3/armv6-m\libcr_eabihelpers.a(rtlib.o)
                0x0000154c                __bhs_idivmod
 .text.__aeabi_ldiv0
                0x00001594        0x4 d:/nxp/lpcxpresso_3.6_beta/tools/bin/../lib/gcc/arm-none-eabi/4.3.3/armv6-m\libcr_eabihelpers.a(rtlib.o)
                0x00001594                __aeabi_ldiv0
 .text.__bhs_uldivmod
                0x00001598      0x1bc d:/nxp/lpcxpresso_3.6_beta/tools/bin/../lib/gcc/arm-none-eabi/4.3.3/armv6-m\libcr_eabihelpers.a(rtlib.o)
                0x00001598                __bhs_uldivmod
 .text.__bhs_ldivmod
                0x00001754       0x94 d:/nxp/lpcxpresso_3.6_beta/tools/bin/../lib/gcc/arm-none-eabi/4.3.3/armv6-m\libcr_eabihelpers.a(rtlib.o)
                0x00001754                __bhs_ldivmod
 *(.rodata*)
 .rodata        0x000017e8       0x34 ./src/intpriority_main.o
 .rodata.SystemCoreClockUpdate
                0x0000181c       0x40 ./cmsis/system_LPC11xx.o
 .rodata.str1.1
                0x0000185c        0x7 D:\projects\lpcxpresso\samples\2011-01-26-lpc11xx\lib_small_printf_m0\Lib\liblib_small_printf_m0.a(small_printf_nofloat.o)

.glue_7         0x00001864        0x0 load address 0x00001863
 .glue_7        0x00000000        0x0 linker stubs

.glue_7t        0x00001864        0x0 load address 0x00001863
 .glue_7t       0x00000000        0x0 linker stubs

.vfp11_veneer   0x00001864        0x0 load address 0x00001863
 .vfp11_veneer  0x00000000        0x0 linker stubs

.v4_bx          0x00001864        0x0 load address 0x00001863
 .v4_bx         0x00000000        0x0 linker stubs

.ARM.extab
 *(.ARM.extab* .gnu.linkonce.armextab.*)
                0x00001864                __exidx_start = .

.ARM.exidx
 *(.ARM.exidx* .gnu.linkonce.armexidx.*)
                0x00001864                __exidx_end = .
                0x00001864                _etext = .

.data           0x10000000      0x208 load address 0x00001863
                0x10000000                _data = .
 *(vtable)
 *(.data*)
 .data.SystemCoreClock
                0x10000000        0x4 ./cmsis/system_LPC11xx.o
                0x10000000                SystemCoreClock
 .data          0x10000004      0x204 d:/nxp/lpcxpresso_3.6_beta/tools/bin/../lib/gcc/arm-none-eabi/4.3.3/../../../../arm-none-eabi/lib/armv6-m\libcr_c.a(ctype.o)
                0x10000004                __ctype
                0x10000208                _edata = .

.bss            0x10000208      0x248 load address 0x00001a6b
                0x10000208                _bss = .
 *(.bss*)
 .bss.debug_write_buf
                0x10000208       0x52 ./driver/debug_printf.o
 .bss.debug_buf_read_index
                0x1000025a        0x1 ./driver/debug_printf.o
 .bss.debug_buf_write_index
                0x1000025b        0x1 ./driver/debug_printf.o
 *(COMMON)
 COMMON         0x1000025c      0x1ec ./src/intpriority_main.o
                0x1000025c                IRIdx
                0x10000260                priLUT
                0x100002e0                IR
 COMMON         0x10000448        0x8 d:/nxp/lpcxpresso_3.6_beta/tools/bin/../lib/gcc/arm-none-eabi/4.3.3/../../../../arm-none-eabi/lib/armv6-m\libcr_c.a(__init_alloc.o)
                0x10000448                __heaps
                0x1000044c                __end_of_heap
                0x10000450                _ebss = .

.cr_heap        0x10000450        0x0 load address 0x00001a6b
                0x10000450                end = .
                0x10000450                _pvHeapStart = .
                0x10002000                _vRamTop = __top_RamLoc8
                0x10002000                _vStackTop = _vRamTop
OUTPUT(intpriority.axf elf32-littlearm)

.debug_abbrev   0x00000000      0xe49
 .debug_abbrev  0x00000000      0x1c9 ./src/intpriority_main.o
 .debug_abbrev  0x000001c9       0x5a ./driver/crp.o
 .debug_abbrev  0x00000223      0x125 ./driver/debug_printf.o
 .debug_abbrev  0x00000348       0xbd ./config/intpriority_cr_startup_lpc11.o
 .debug_abbrev  0x00000405       0xd0 ./cmsis/core_cm0.o
 .debug_abbrev  0x000004d5      0x11b ./cmsis/system_LPC11xx.o
 .debug_abbrev  0x000005f0      0x162 D:\projects\lpcxpresso\samples\2011-01-26-lpc11xx\lib_small_printf_m0\Lib\liblib_small_printf_m0.a(small_printf_nofloat.o)
 .debug_abbrev  0x00000752      0x118 D:\projects\lpcxpresso\samples\2011-01-26-lpc11xx\lib_small_printf_m0\Lib\liblib_small_printf_m0.a(small_printf_support.o)
 .debug_abbrev  0x0000086a       0xb9 D:\projects\lpcxpresso\samples\2011-01-26-lpc11xx\lib_small_printf_m0\Lib\liblib_small_printf_m0.a(small_utils.o)
 .debug_abbrev  0x00000923      0x253 d:/nxp/lpcxpresso_3.6_beta/tools/bin/../lib/gcc/arm-none-eabi/4.3.3/armv6-m\libcr_eabihelpers.a(double.o)
 .debug_abbrev  0x00000b76      0x2d3 d:/nxp/lpcxpresso_3.6_beta/tools/bin/../lib/gcc/arm-none-eabi/4.3.3/armv6-m\libcr_eabihelpers.a(rtlib.o)

.debug_info     0x00000000     0x4cf3
 .debug_info    0x00000000      0xde9 ./src/intpriority_main.o
 .debug_info    0x00000de9       0x95 ./driver/crp.o
 .debug_info    0x00000e7e      0x258 ./driver/debug_printf.o
 .debug_info    0x000010d6      0x1ae ./config/intpriority_cr_startup_lpc11.o
 .debug_info    0x00001284      0x2a7 ./cmsis/core_cm0.o
 .debug_info    0x0000152b      0x559 ./cmsis/system_LPC11xx.o
 .debug_info    0x00001a84      0x256 D:\projects\lpcxpresso\samples\2011-01-26-lpc11xx\lib_small_printf_m0\Lib\liblib_small_printf_m0.a(small_printf_nofloat.o)
 .debug_info    0x00001cda      0x2c3 D:\projects\lpcxpresso\samples\2011-01-26-lpc11xx\lib_small_printf_m0\Lib\liblib_small_printf_m0.a(small_printf_support.o)
 .debug_info    0x00001f9d      0x1c7 D:\projects\lpcxpresso\samples\2011-01-26-lpc11xx\lib_small_printf_m0\Lib\liblib_small_printf_m0.a(small_utils.o)
 .debug_info    0x00002164     0x1ed1 d:/nxp/lpcxpresso_3.6_beta/tools/bin/../lib/gcc/arm-none-eabi/4.3.3/armv6-m\libcr_eabihelpers.a(double.o)
 .debug_info    0x00004035      0xcbe d:/nxp/lpcxpresso_3.6_beta/tools/bin/../lib/gcc/arm-none-eabi/4.3.3/armv6-m\libcr_eabihelpers.a(rtlib.o)

.debug_line     0x00000000     0x276b
 .debug_line    0x00000000      0x4a3 ./src/intpriority_main.o
 .debug_line    0x000004a3      0x298 ./driver/crp.o
 .debug_line    0x0000073b      0x3fc ./driver/debug_printf.o
 .debug_line    0x00000b37      0x2e7 ./config/intpriority_cr_startup_lpc11.o
 .debug_line    0x00000e1e      0x316 ./cmsis/core_cm0.o
 .debug_line    0x00001134      0x2f8 ./cmsis/system_LPC11xx.o
 .debug_line    0x0000142c      0x3b4 D:\projects\lpcxpresso\samples\2011-01-26-lpc11xx\lib_small_printf_m0\Lib\liblib_small_printf_m0.a(small_printf_nofloat.o)
 .debug_line    0x000017e0      0x39f D:\projects\lpcxpresso\samples\2011-01-26-lpc11xx\lib_small_printf_m0\Lib\liblib_small_printf_m0.a(small_printf_support.o)
 .debug_line    0x00001b7f      0x11c D:\projects\lpcxpresso\samples\2011-01-26-lpc11xx\lib_small_printf_m0\Lib\liblib_small_printf_m0.a(small_utils.o)
 .debug_line    0x00001c9b      0x74d d:/nxp/lpcxpresso_3.6_beta/tools/bin/../lib/gcc/arm-none-eabi/4.3.3/armv6-m\libcr_eabihelpers.a(double.o)
 .debug_line    0x000023e8      0x383 d:/nxp/lpcxpresso_3.6_beta/tools/bin/../lib/gcc/arm-none-eabi/4.3.3/armv6-m\libcr_eabihelpers.a(rtlib.o)

.debug_macinfo  0x00000000    0x1d151
 .debug_macinfo
                0x00000000     0x4a77 ./src/intpriority_main.o
 .debug_macinfo
                0x00004a77     0x4887 ./driver/crp.o
 .debug_macinfo
                0x000092fe     0x4a61 ./driver/debug_printf.o
 .debug_macinfo
                0x0000dd5f     0x2874 ./config/intpriority_cr_startup_lpc11.o
 .debug_macinfo
                0x000105d3     0x262e ./cmsis/core_cm0.o
 .debug_macinfo
                0x00012c01     0x48cb ./cmsis/system_LPC11xx.o
 .debug_macinfo
                0x000174cc     0x27ec D:\projects\lpcxpresso\samples\2011-01-26-lpc11xx\lib_small_printf_m0\Lib\liblib_small_printf_m0.a(small_printf_nofloat.o)
 .debug_macinfo
                0x00019cb8     0x27fb D:\projects\lpcxpresso\samples\2011-01-26-lpc11xx\lib_small_printf_m0\Lib\liblib_small_printf_m0.a(small_printf_support.o)
 .debug_macinfo
                0x0001c4b3      0xc9e D:\projects\lpcxpresso\samples\2011-01-26-lpc11xx\lib_small_printf_m0\Lib\liblib_small_printf_m0.a(small_utils.o)

.debug_frame    0x00000000      0xbe8
 .debug_frame   0x00000000      0x1b0 ./src/intpriority_main.o
 .debug_frame   0x000001b0       0xb4 ./driver/debug_printf.o
 .debug_frame   0x00000264       0xd8 ./config/intpriority_cr_startup_lpc11.o
 .debug_frame   0x0000033c      0x130 ./cmsis/core_cm0.o
 .debug_frame   0x0000046c       0x6c ./cmsis/system_LPC11xx.o
 .debug_frame   0x000004d8       0x68 D:\projects\lpcxpresso\samples\2011-01-26-lpc11xx\lib_small_printf_m0\Lib\liblib_small_printf_m0.a(small_printf_nofloat.o)
 .debug_frame   0x00000540       0x78 D:\projects\lpcxpresso\samples\2011-01-26-lpc11xx\lib_small_printf_m0\Lib\liblib_small_printf_m0.a(small_printf_support.o)
 .debug_frame   0x000005b8       0xac D:\projects\lpcxpresso\samples\2011-01-26-lpc11xx\lib_small_printf_m0\Lib\liblib_small_printf_m0.a(small_utils.o)
 .debug_frame   0x00000664      0x2b4 d:/nxp/lpcxpresso_3.6_beta/tools/bin/../lib/gcc/arm-none-eabi/4.3.3/armv6-m\libcr_eabihelpers.a(double.o)
 .debug_frame   0x00000918      0x2d0 d:/nxp/lpcxpresso_3.6_beta/tools/bin/../lib/gcc/arm-none-eabi/4.3.3/armv6-m\libcr_eabihelpers.a(rtlib.o)

.debug_loc      0x00000000     0x440e
 .debug_loc     0x00000000      0x2b3 ./src/intpriority_main.o
 .debug_loc     0x000002b3      0x11f ./driver/debug_printf.o
 .debug_loc     0x000003d2      0x139 ./config/intpriority_cr_startup_lpc11.o
 .debug_loc     0x0000050b      0x181 ./cmsis/core_cm0.o
 .debug_loc     0x0000068c       0x99 ./cmsis/system_LPC11xx.o
 .debug_loc     0x00000725      0x35e D:\projects\lpcxpresso\samples\2011-01-26-lpc11xx\lib_small_printf_m0\Lib\liblib_small_printf_m0.a(small_printf_nofloat.o)
 .debug_loc     0x00000a83      0x3da D:\projects\lpcxpresso\samples\2011-01-26-lpc11xx\lib_small_printf_m0\Lib\liblib_small_printf_m0.a(small_printf_support.o)
 .debug_loc     0x00000e5d      0x291 D:\projects\lpcxpresso\samples\2011-01-26-lpc11xx\lib_small_printf_m0\Lib\liblib_small_printf_m0.a(small_utils.o)
 .debug_loc     0x000010ee     0x22f1 d:/nxp/lpcxpresso_3.6_beta/tools/bin/../lib/gcc/arm-none-eabi/4.3.3/armv6-m\libcr_eabihelpers.a(double.o)
 .debug_loc     0x000033df     0x102f d:/nxp/lpcxpresso_3.6_beta/tools/bin/../lib/gcc/arm-none-eabi/4.3.3/armv6-m\libcr_eabihelpers.a(rtlib.o)

.debug_pubnames
                0x00000000      0x7ea
 .debug_pubnames
                0x00000000       0xf0 ./src/intpriority_main.o
 .debug_pubnames
                0x000000f0       0x1f ./driver/crp.o
 .debug_pubnames
                0x0000010f       0x86 ./driver/debug_printf.o
 .debug_pubnames
                0x00000195       0xa6 ./config/intpriority_cr_startup_lpc11.o
 .debug_pubnames
                0x0000023b       0xb4 ./cmsis/core_cm0.o
 .debug_pubnames
                0x000002ef       0x4f ./cmsis/system_LPC11xx.o
 .debug_pubnames
                0x0000033e       0x51 D:\projects\lpcxpresso\samples\2011-01-26-lpc11xx\lib_small_printf_m0\Lib\liblib_small_printf_m0.a(small_printf_nofloat.o)
 .debug_pubnames
                0x0000038f       0x53 D:\projects\lpcxpresso\samples\2011-01-26-lpc11xx\lib_small_printf_m0\Lib\liblib_small_printf_m0.a(small_printf_support.o)
 .debug_pubnames
                0x000003e2       0x71 D:\projects\lpcxpresso\samples\2011-01-26-lpc11xx\lib_small_printf_m0\Lib\liblib_small_printf_m0.a(small_utils.o)
 .debug_pubnames
                0x00000453      0x1a1 d:/nxp/lpcxpresso_3.6_beta/tools/bin/../lib/gcc/arm-none-eabi/4.3.3/armv6-m\libcr_eabihelpers.a(double.o)
 .debug_pubnames
                0x000005f4      0x1f6 d:/nxp/lpcxpresso_3.6_beta/tools/bin/../lib/gcc/arm-none-eabi/4.3.3/armv6-m\libcr_eabihelpers.a(rtlib.o)

.debug_aranges  0x00000000      0x418
 .debug_aranges
                0x00000000       0x80 ./src/intpriority_main.o
 .debug_aranges
                0x00000080       0x40 ./driver/debug_printf.o
 .debug_aranges
                0x000000c0       0x50 ./config/intpriority_cr_startup_lpc11.o
 .debug_aranges
                0x00000110       0x70 ./cmsis/core_cm0.o
 .debug_aranges
                0x00000180       0x30 ./cmsis/system_LPC11xx.o
 .debug_aranges
                0x000001b0       0x30 D:\projects\lpcxpresso\samples\2011-01-26-lpc11xx\lib_small_printf_m0\Lib\liblib_small_printf_m0.a(small_printf_nofloat.o)
 .debug_aranges
                0x000001e0       0x38 D:\projects\lpcxpresso\samples\2011-01-26-lpc11xx\lib_small_printf_m0\Lib\liblib_small_printf_m0.a(small_printf_support.o)
 .debug_aranges
                0x00000218       0x48 D:\projects\lpcxpresso\samples\2011-01-26-lpc11xx\lib_small_printf_m0\Lib\liblib_small_printf_m0.a(small_utils.o)
 .debug_aranges
                0x00000260       0xd0 d:/nxp/lpcxpresso_3.6_beta/tools/bin/../lib/gcc/arm-none-eabi/4.3.3/armv6-m\libcr_eabihelpers.a(double.o)
 .debug_aranges
                0x00000330       0xe8 d:/nxp/lpcxpresso_3.6_beta/tools/bin/../lib/gcc/arm-none-eabi/4.3.3/armv6-m\libcr_eabihelpers.a(rtlib.o)

.debug_ranges   0x00000000      0x638
 .debug_ranges  0x00000000       0x78 ./src/intpriority_main.o
 .debug_ranges  0x00000078       0x38 ./driver/debug_printf.o
 .debug_ranges  0x000000b0       0x48 ./config/intpriority_cr_startup_lpc11.o
 .debug_ranges  0x000000f8       0x68 ./cmsis/core_cm0.o
 .debug_ranges  0x00000160       0x28 ./cmsis/system_LPC11xx.o
 .debug_ranges  0x00000188       0x28 D:\projects\lpcxpresso\samples\2011-01-26-lpc11xx\lib_small_printf_m0\Lib\liblib_small_printf_m0.a(small_printf_nofloat.o)
 .debug_ranges  0x000001b0       0x30 D:\projects\lpcxpresso\samples\2011-01-26-lpc11xx\lib_small_printf_m0\Lib\liblib_small_printf_m0.a(small_printf_support.o)
 .debug_ranges  0x000001e0       0x40 D:\projects\lpcxpresso\samples\2011-01-26-lpc11xx\lib_small_printf_m0\Lib\liblib_small_printf_m0.a(small_utils.o)
 .debug_ranges  0x00000220      0x258 d:/nxp/lpcxpresso_3.6_beta/tools/bin/../lib/gcc/arm-none-eabi/4.3.3/armv6-m\libcr_eabihelpers.a(double.o)
 .debug_ranges  0x00000478      0x1c0 d:/nxp/lpcxpresso_3.6_beta/tools/bin/../lib/gcc/arm-none-eabi/4.3.3/armv6-m\libcr_eabihelpers.a(rtlib.o)

.debug_str      0x00000000     0x10c4
 .debug_str     0x00000000      0x81c ./src/intpriority_main.o
                                0x84d (size before relaxing)
 .debug_str     0x0000081c       0x19 ./driver/crp.o
                                 0xeb (size before relaxing)
 .debug_str     0x00000835       0xf6 ./driver/debug_printf.o
                                0x1cc (size before relaxing)
 .debug_str     0x0000092b       0xcb ./config/intpriority_cr_startup_lpc11.o
                                0x1a6 (size before relaxing)
 .debug_str     0x000009f6       0xce ./cmsis/core_cm0.o
                                0x1b0 (size before relaxing)
 .debug_str     0x00000ac4       0x49 ./cmsis/system_LPC11xx.o
                                0x3c4 (size before relaxing)
 .debug_str     0x00000b0d       0xcc D:\projects\lpcxpresso\samples\2011-01-26-lpc11xx\lib_small_printf_m0\Lib\liblib_small_printf_m0.a(small_printf_nofloat.o)
                                0x1a1 (size before relaxing)
 .debug_str     0x00000bd9       0xad D:\projects\lpcxpresso\samples\2011-01-26-lpc11xx\lib_small_printf_m0\Lib\liblib_small_printf_m0.a(small_printf_support.o)
                                0x1be (size before relaxing)
 .debug_str     0x00000c86       0x66 D:\projects\lpcxpresso\samples\2011-01-26-lpc11xx\lib_small_printf_m0\Lib\liblib_small_printf_m0.a(small_utils.o)
                                 0xee (size before relaxing)
 .debug_str     0x00000cec      0x214 d:/nxp/lpcxpresso_3.6_beta/tools/bin/../lib/gcc/arm-none-eabi/4.3.3/armv6-m\libcr_eabihelpers.a(double.o)
                                0x279 (size before relaxing)
 .debug_str     0x00000f00      0x1c4 d:/nxp/lpcxpresso_3.6_beta/tools/bin/../lib/gcc/arm-none-eabi/4.3.3/armv6-m\libcr_eabihelpers.a(rtlib.o)
                                0x29f (size before relaxing)

.comment        0x00000000      0x2b0
 .comment       0x00000000       0x2b ./src/intpriority_main.o
 .comment       0x0000002b       0x2b ./driver/crp.o
 .comment       0x00000056       0x2b ./driver/debug_printf.o
 .comment       0x00000081       0x2b ./config/intpriority_cr_startup_lpc11.o
 .comment       0x000000ac       0x2b ./cmsis/core_cm0.o
 .comment       0x000000d7       0x2b ./cmsis/system_LPC11xx.o
 .comment       0x00000102       0x2b D:\projects\lpcxpresso\samples\2011-01-26-lpc11xx\lib_small_printf_m0\Lib\liblib_small_printf_m0.a(small_printf_nofloat.o)
 .comment       0x0000012d       0x2b D:\projects\lpcxpresso\samples\2011-01-26-lpc11xx\lib_small_printf_m0\Lib\liblib_small_printf_m0.a(small_printf_support.o)
 .comment       0x00000158       0x2b D:\projects\lpcxpresso\samples\2011-01-26-lpc11xx\lib_small_printf_m0\Lib\liblib_small_printf_m0.a(small_utils.o)
 .comment       0x00000183       0x2b d:/nxp/lpcxpresso_3.6_beta/tools/bin/../lib/gcc/arm-none-eabi/4.3.3/../../../../arm-none-eabi/lib/armv6-m\libcr_c.a(__weak__main.o)
 .comment       0x000001ae       0x2b d:/nxp/lpcxpresso_3.6_beta/tools/bin/../lib/gcc/arm-none-eabi/4.3.3/../../../../arm-none-eabi/lib/armv6-m\libcr_c.a(ctype.o)
 .comment       0x000001d9       0x2b d:/nxp/lpcxpresso_3.6_beta/tools/bin/../lib/gcc/arm-none-eabi/4.3.3/../../../../arm-none-eabi/lib/armv6-m\libcr_c.a(__init_alloc.o)
 .comment       0x00000204       0x2b d:/nxp/lpcxpresso_3.6_beta/tools/bin/../lib/gcc/arm-none-eabi/4.3.3/../../../../arm-none-eabi/lib/armv6-m\libcr_semihost.a(cr__read.o)
 .comment       0x0000022f       0x2b d:/nxp/lpcxpresso_3.6_beta/tools/bin/../lib/gcc/arm-none-eabi/4.3.3/../../../../arm-none-eabi/lib/armv6-m\libcr_semihost.a(cr__write.o)
 .comment       0x0000025a       0x2b d:/nxp/lpcxpresso_3.6_beta/tools/bin/../lib/gcc/arm-none-eabi/4.3.3/armv6-m\libcr_eabihelpers.a(double.o)
 .comment       0x00000285       0x2b d:/nxp/lpcxpresso_3.6_beta/tools/bin/../lib/gcc/arm-none-eabi/4.3.3/armv6-m\libcr_eabihelpers.a(rtlib.o)

.ARM.attributes
                0x00000000       0x2f
 .ARM.attributes
                0x00000000       0x31 ./src/intpriority_main.o
 .ARM.attributes
                0x00000031       0x31 ./driver/crp.o
 .ARM.attributes
                0x00000062       0x31 ./driver/debug_printf.o
 .ARM.attributes
                0x00000093       0x31 ./config/intpriority_cr_startup_lpc11.o
 .ARM.attributes
                0x000000c4       0x31 ./cmsis/core_cm0.o
 .ARM.attributes
                0x000000f5       0x31 ./cmsis/system_LPC11xx.o
 .ARM.attributes
                0x00000126       0x31 D:\projects\lpcxpresso\samples\2011-01-26-lpc11xx\lib_small_printf_m0\Lib\liblib_small_printf_m0.a(small_printf_nofloat.o)
 .ARM.attributes
                0x00000157       0x31 D:\projects\lpcxpresso\samples\2011-01-26-lpc11xx\lib_small_printf_m0\Lib\liblib_small_printf_m0.a(small_printf_support.o)
 .ARM.attributes
                0x00000188       0x31 D:\projects\lpcxpresso\samples\2011-01-26-lpc11xx\lib_small_printf_m0\Lib\liblib_small_printf_m0.a(small_utils.o)
 .ARM.attributes
                0x000001b9       0x30 d:/nxp/lpcxpresso_3.6_beta/tools/bin/../lib/gcc/arm-none-eabi/4.3.3/../../../../arm-none-eabi/lib/armv6-m\libcr_c.a(__weak__main.o)
 .ARM.attributes
                0x000001e9       0x30 d:/nxp/lpcxpresso_3.6_beta/tools/bin/../lib/gcc/arm-none-eabi/4.3.3/../../../../arm-none-eabi/lib/armv6-m\libcr_c.a(ctype.o)
 .ARM.attributes
                0x00000219       0x30 d:/nxp/lpcxpresso_3.6_beta/tools/bin/../lib/gcc/arm-none-eabi/4.3.3/../../../../arm-none-eabi/lib/armv6-m\libcr_c.a(__init_alloc.o)
 .ARM.attributes
                0x00000249       0x31 d:/nxp/lpcxpresso_3.6_beta/tools/bin/../lib/gcc/arm-none-eabi/4.3.3/../../../../arm-none-eabi/lib/armv6-m\libcr_semihost.a(cr__read.o)
 .ARM.attributes
                0x0000027a       0x31 d:/nxp/lpcxpresso_3.6_beta/tools/bin/../lib/gcc/arm-none-eabi/4.3.3/../../../../arm-none-eabi/lib/armv6-m\libcr_semihost.a(cr__write.o)
 .ARM.attributes
                0x000002ab       0x30 d:/nxp/lpcxpresso_3.6_beta/tools/bin/../lib/gcc/arm-none-eabi/4.3.3/armv6-m\libcr_eabihelpers.a(double.o)
 .ARM.attributes
                0x000002db       0x20 d:/nxp/lpcxpresso_3.6_beta/tools/bin/../lib/gcc/arm-none-eabi/4.3.3/armv6-m\libcr_eabihelpers.a(helpers.o)
 .ARM.attributes
                0x000002fb       0x30 d:/nxp/lpcxpresso_3.6_beta/tools/bin/../lib/gcc/arm-none-eabi/4.3.3/armv6-m\libcr_eabihelpers.a(rtlib.o)
