Archive member included because of file (symbol)

d:/nxp/lpcxpresso_3.6_beta/tools/bin/../lib/gcc/arm-none-eabi/4.3.3/../../../../arm-none-eabi/lib/armv6-m\libcr_c.a(__weak__main.o)
                              ./startup/cr_startup_lpc11.o (__main)
d:/nxp/lpcxpresso_3.6_beta/tools/bin/../lib/gcc/arm-none-eabi/4.3.3/../../../../arm-none-eabi/lib/armv6-m\libcr_c.a(ctype.o)
                              d:/nxp/lpcxpresso_3.6_beta/tools/bin/../lib/gcc/arm-none-eabi/4.3.3/../../../../arm-none-eabi/lib/armv6-m\libcr_c.a(__weak__main.o) (_ctype_init)
d:/nxp/lpcxpresso_3.6_beta/tools/bin/../lib/gcc/arm-none-eabi/4.3.3/../../../../arm-none-eabi/lib/armv6-m\libcr_c.a(__init_alloc.o)
                              d:/nxp/lpcxpresso_3.6_beta/tools/bin/../lib/gcc/arm-none-eabi/4.3.3/../../../../arm-none-eabi/lib/armv6-m\libcr_c.a(__weak__main.o) (_init_alloc)
d:/nxp/lpcxpresso_3.6_beta/tools/bin/../lib/gcc/arm-none-eabi/4.3.3/armv6-m\libcr_eabihelpers.a(rtlib.o)
                              ./driver/timer16.o (__aeabi_uidiv)

Allocating common symbols
Common symbol       size              file

wdt_counter         0x4               ./driver/wdt.o
__heaps             0x4               d:/nxp/lpcxpresso_3.6_beta/tools/bin/../lib/gcc/arm-none-eabi/4.3.3/../../../../arm-none-eabi/lib/armv6-m\libcr_c.a(__init_alloc.o)
__end_of_heap       0x4               d:/nxp/lpcxpresso_3.6_beta/tools/bin/../lib/gcc/arm-none-eabi/4.3.3/../../../../arm-none-eabi/lib/armv6-m\libcr_c.a(__init_alloc.o)

Discarded input sections

 .text          0x00000000        0x0 ./startup/cr_startup_lpc11.o
 .data          0x00000000        0x0 ./startup/cr_startup_lpc11.o
 .bss           0x00000000        0x0 ./startup/cr_startup_lpc11.o
 .text          0x00000000        0x0 ./src/wdt_main.o
 .data          0x00000000        0x0 ./src/wdt_main.o
 .bss           0x00000000        0x0 ./src/wdt_main.o
 .rodata.LPC_GPIO
                0x00000000        0x0 ./src/wdt_main.o
 .bss.feed_counter
                0x00000000        0x0 ./src/wdt_main.o
 .text          0x00000000        0x0 ./driver/can.o
 .data          0x00000000        0x0 ./driver/can.o
 .bss           0x00000000        0x0 ./driver/can.o
 .text          0x00000000        0x0 ./driver/gpio.o
 .data          0x00000000        0x0 ./driver/gpio.o
 .bss           0x00000000        0x0 ./driver/gpio.o
 .text.GPIOInit
                0x00000000        0x0 ./driver/gpio.o
 .text.GPIOSetInterrupt
                0x00000000        0x0 ./driver/gpio.o
 .text.GPIOIntEnable
                0x00000000        0x0 ./driver/gpio.o
 .text.GPIOIntDisable
                0x00000000        0x0 ./driver/gpio.o
 .text.GPIOIntStatus
                0x00000000        0x0 ./driver/gpio.o
 .text.GPIOIntClear
                0x00000000        0x0 ./driver/gpio.o
 .text          0x00000000        0x0 ./driver/timer16.o
 .data          0x00000000        0x0 ./driver/timer16.o
 .bss           0x00000000        0x0 ./driver/timer16.o
 .bss.timer16_0_period
                0x00000000        0x0 ./driver/timer16.o
 .bss.timer16_1_period
                0x00000000        0x0 ./driver/timer16.o
 .text.delayMs  0x00000000        0x0 ./driver/timer16.o
 .text.disable_timer16
                0x00000000        0x0 ./driver/timer16.o
 .text.reset_timer16
                0x00000000        0x0 ./driver/timer16.o
 .text.init_timer16PWM
                0x00000000        0x0 ./driver/timer16.o
 .text.setMatch_timer16PWM
                0x00000000        0x0 ./driver/timer16.o
 .text          0x00000000        0x0 ./driver/wdt.o
 .data          0x00000000        0x0 ./driver/wdt.o
 .bss           0x00000000        0x0 ./driver/wdt.o
 .text.WDTFeed  0x00000000        0x0 ./driver/wdt.o
 .text          0x00000000        0x0 ./cmsis/core_cm0.o
 .data          0x00000000        0x0 ./cmsis/core_cm0.o
 .bss           0x00000000        0x0 ./cmsis/core_cm0.o
 .text.__get_PSP
                0x00000000        0x0 ./cmsis/core_cm0.o
 .text.__set_PSP
                0x00000000        0x0 ./cmsis/core_cm0.o
 .text.__get_MSP
                0x00000000        0x0 ./cmsis/core_cm0.o
 .text.__set_MSP
                0x00000000        0x0 ./cmsis/core_cm0.o
 .text.__get_PRIMASK
                0x00000000        0x0 ./cmsis/core_cm0.o
 .text.__set_PRIMASK
                0x00000000        0x0 ./cmsis/core_cm0.o
 .text.__get_CONTROL
                0x00000000        0x0 ./cmsis/core_cm0.o
 .text.__set_CONTROL
                0x00000000        0x0 ./cmsis/core_cm0.o
 .text.__REV    0x00000000        0x0 ./cmsis/core_cm0.o
 .text.__REV16  0x00000000        0x0 ./cmsis/core_cm0.o
 .text.__REVSH  0x00000000        0x0 ./cmsis/core_cm0.o
 .text          0x00000000        0x0 ./cmsis/system_LPC11xx.o
 .data          0x00000000        0x0 ./cmsis/system_LPC11xx.o
 .bss           0x00000000        0x0 ./cmsis/system_LPC11xx.o
 .text          0x00000000        0x0 d:/nxp/lpcxpresso_3.6_beta/tools/bin/../lib/gcc/arm-none-eabi/4.3.3/../../../../arm-none-eabi/lib/armv6-m\libcr_c.a(__weak__main.o)
 .data          0x00000000        0x0 d:/nxp/lpcxpresso_3.6_beta/tools/bin/../lib/gcc/arm-none-eabi/4.3.3/../../../../arm-none-eabi/lib/armv6-m\libcr_c.a(__weak__main.o)
 .bss           0x00000000        0x0 d:/nxp/lpcxpresso_3.6_beta/tools/bin/../lib/gcc/arm-none-eabi/4.3.3/../../../../arm-none-eabi/lib/armv6-m\libcr_c.a(__weak__main.o)
 .bss           0x00000000        0x0 d:/nxp/lpcxpresso_3.6_beta/tools/bin/../lib/gcc/arm-none-eabi/4.3.3/../../../../arm-none-eabi/lib/armv6-m\libcr_c.a(ctype.o)
 .text          0x00000000        0x0 d:/nxp/lpcxpresso_3.6_beta/tools/bin/../lib/gcc/arm-none-eabi/4.3.3/../../../../arm-none-eabi/lib/armv6-m\libcr_c.a(__init_alloc.o)
 .data          0x00000000        0x0 d:/nxp/lpcxpresso_3.6_beta/tools/bin/../lib/gcc/arm-none-eabi/4.3.3/../../../../arm-none-eabi/lib/armv6-m\libcr_c.a(__init_alloc.o)
 .bss           0x00000000        0x0 d:/nxp/lpcxpresso_3.6_beta/tools/bin/../lib/gcc/arm-none-eabi/4.3.3/../../../../arm-none-eabi/lib/armv6-m\libcr_c.a(__init_alloc.o)
 .text._start_module__init_alloc
                0x00000000        0x0 d:/nxp/lpcxpresso_3.6_beta/tools/bin/../lib/gcc/arm-none-eabi/4.3.3/../../../../arm-none-eabi/lib/armv6-m\libcr_c.a(__init_alloc.o)
 .text._end_module__init_alloc
                0x00000000        0x0 d:/nxp/lpcxpresso_3.6_beta/tools/bin/../lib/gcc/arm-none-eabi/4.3.3/../../../../arm-none-eabi/lib/armv6-m\libcr_c.a(__init_alloc.o)
 .text          0x00000000        0x0 d:/nxp/lpcxpresso_3.6_beta/tools/bin/../lib/gcc/arm-none-eabi/4.3.3/armv6-m\libcr_eabihelpers.a(rtlib.o)
 .data          0x00000000        0x0 d:/nxp/lpcxpresso_3.6_beta/tools/bin/../lib/gcc/arm-none-eabi/4.3.3/armv6-m\libcr_eabihelpers.a(rtlib.o)
 .bss           0x00000000        0x0 d:/nxp/lpcxpresso_3.6_beta/tools/bin/../lib/gcc/arm-none-eabi/4.3.3/armv6-m\libcr_eabihelpers.a(rtlib.o)
 .text.__aeabi_lmul
                0x00000000        0x0 d:/nxp/lpcxpresso_3.6_beta/tools/bin/../lib/gcc/arm-none-eabi/4.3.3/armv6-m\libcr_eabihelpers.a(rtlib.o)
 .text.__aeabi_llsl
                0x00000000        0x0 d:/nxp/lpcxpresso_3.6_beta/tools/bin/../lib/gcc/arm-none-eabi/4.3.3/armv6-m\libcr_eabihelpers.a(rtlib.o)
 .text.__aeabi_llsr
                0x00000000        0x0 d:/nxp/lpcxpresso_3.6_beta/tools/bin/../lib/gcc/arm-none-eabi/4.3.3/armv6-m\libcr_eabihelpers.a(rtlib.o)
 .text.__aeabi_lasr
                0x00000000        0x0 d:/nxp/lpcxpresso_3.6_beta/tools/bin/../lib/gcc/arm-none-eabi/4.3.3/armv6-m\libcr_eabihelpers.a(rtlib.o)
 .text.__aeabi_lcmp
                0x00000000        0x0 d:/nxp/lpcxpresso_3.6_beta/tools/bin/../lib/gcc/arm-none-eabi/4.3.3/armv6-m\libcr_eabihelpers.a(rtlib.o)
 .text.__aeabi_ulcmp
                0x00000000        0x0 d:/nxp/lpcxpresso_3.6_beta/tools/bin/../lib/gcc/arm-none-eabi/4.3.3/armv6-m\libcr_eabihelpers.a(rtlib.o)
 .text.__aeabi_uread4
                0x00000000        0x0 d:/nxp/lpcxpresso_3.6_beta/tools/bin/../lib/gcc/arm-none-eabi/4.3.3/armv6-m\libcr_eabihelpers.a(rtlib.o)
 .text.__aeabi_uread8
                0x00000000        0x0 d:/nxp/lpcxpresso_3.6_beta/tools/bin/../lib/gcc/arm-none-eabi/4.3.3/armv6-m\libcr_eabihelpers.a(rtlib.o)
 .text.__aeabi_uwrite4
                0x00000000        0x0 d:/nxp/lpcxpresso_3.6_beta/tools/bin/../lib/gcc/arm-none-eabi/4.3.3/armv6-m\libcr_eabihelpers.a(rtlib.o)
 .text.__aeabi_uwrite8
                0x00000000        0x0 d:/nxp/lpcxpresso_3.6_beta/tools/bin/../lib/gcc/arm-none-eabi/4.3.3/armv6-m\libcr_eabihelpers.a(rtlib.o)
 .text.__aeabi_memcpy
                0x00000000        0x0 d:/nxp/lpcxpresso_3.6_beta/tools/bin/../lib/gcc/arm-none-eabi/4.3.3/armv6-m\libcr_eabihelpers.a(rtlib.o)
 .text.__aeabi_memcpy4
                0x00000000        0x0 d:/nxp/lpcxpresso_3.6_beta/tools/bin/../lib/gcc/arm-none-eabi/4.3.3/armv6-m\libcr_eabihelpers.a(rtlib.o)
 .text.__aeabi_memmove
                0x00000000        0x0 d:/nxp/lpcxpresso_3.6_beta/tools/bin/../lib/gcc/arm-none-eabi/4.3.3/armv6-m\libcr_eabihelpers.a(rtlib.o)
 .text.__aeabi_memmove4
                0x00000000        0x0 d:/nxp/lpcxpresso_3.6_beta/tools/bin/../lib/gcc/arm-none-eabi/4.3.3/armv6-m\libcr_eabihelpers.a(rtlib.o)
 .text.__aeabi_memset
                0x00000000        0x0 d:/nxp/lpcxpresso_3.6_beta/tools/bin/../lib/gcc/arm-none-eabi/4.3.3/armv6-m\libcr_eabihelpers.a(rtlib.o)
 .text.__aeabi_memset4
                0x00000000        0x0 d:/nxp/lpcxpresso_3.6_beta/tools/bin/../lib/gcc/arm-none-eabi/4.3.3/armv6-m\libcr_eabihelpers.a(rtlib.o)
 .text.__aeabi_memclr
                0x00000000        0x0 d:/nxp/lpcxpresso_3.6_beta/tools/bin/../lib/gcc/arm-none-eabi/4.3.3/armv6-m\libcr_eabihelpers.a(rtlib.o)
 .text.__aeabi_memclr4
                0x00000000        0x0 d:/nxp/lpcxpresso_3.6_beta/tools/bin/../lib/gcc/arm-none-eabi/4.3.3/armv6-m\libcr_eabihelpers.a(rtlib.o)
 .text.__aeabi_idiv
                0x00000000        0x0 d:/nxp/lpcxpresso_3.6_beta/tools/bin/../lib/gcc/arm-none-eabi/4.3.3/armv6-m\libcr_eabihelpers.a(rtlib.o)
 .text.__bhs_idivmod
                0x00000000        0x0 d:/nxp/lpcxpresso_3.6_beta/tools/bin/../lib/gcc/arm-none-eabi/4.3.3/armv6-m\libcr_eabihelpers.a(rtlib.o)
 .text.__aeabi_ldiv0
                0x00000000        0x0 d:/nxp/lpcxpresso_3.6_beta/tools/bin/../lib/gcc/arm-none-eabi/4.3.3/armv6-m\libcr_eabihelpers.a(rtlib.o)
 .text.__bhs_uldivmod
                0x00000000        0x0 d:/nxp/lpcxpresso_3.6_beta/tools/bin/../lib/gcc/arm-none-eabi/4.3.3/armv6-m\libcr_eabihelpers.a(rtlib.o)
 .text.__bhs_ldivmod
                0x00000000        0x0 d:/nxp/lpcxpresso_3.6_beta/tools/bin/../lib/gcc/arm-none-eabi/4.3.3/armv6-m\libcr_eabihelpers.a(rtlib.o)

Memory Configuration

Name             Origin             Length             Attributes
MFlash32         0x00000000         0x00008000         xr
RamLoc8          0x10000000         0x00002000         xrw
*default*        0x00000000         0xffffffff

Linker script and memory map

LOAD ./startup/cr_startup_lpc11.o
LOAD ./src/wdt_main.o
LOAD ./driver/can.o
LOAD ./driver/gpio.o
LOAD ./driver/timer16.o
LOAD ./driver/wdt.o
LOAD ./cmsis/core_cm0.o
LOAD ./cmsis/system_LPC11xx.o
START GROUP
LOAD d:/nxp/lpcxpresso_3.6_beta/tools/bin/../lib/gcc/arm-none-eabi/4.3.3/../../../../arm-none-eabi/lib/armv6-m\libcr_c.a
LOAD d:/nxp/lpcxpresso_3.6_beta/tools/bin/../lib/gcc/arm-none-eabi/4.3.3/../../../../arm-none-eabi/lib/armv6-m\libcr_semihost.a
LOAD d:/nxp/lpcxpresso_3.6_beta/tools/bin/../lib/gcc/arm-none-eabi/4.3.3/armv6-m\libcr_eabihelpers.a
END GROUP
                0x00008000                __top_MFlash32 = 0x8000
                0x10002000                __top_RamLoc8 = 0x10002000

.text           0x00000000      0xe04
 FILL mask 0xff
 *(.isr_vector)
 .isr_vector    0x00000000       0xc0 ./startup/cr_startup_lpc11.o
                0x00000000                g_pfnVectors
 *(.text.Reset_Handler .text.SystemInit)
 .text.SystemInit
                0x000000c0       0xa8 ./cmsis/system_LPC11xx.o
                0x000000c0                SystemInit
                0x000002fc                . = 0x2fc
 *fill*         0x00000168      0x194 ff
 *(.crp)
 *(.text*)
 .text.ResetISR
                0x000002fc       0x64 ./startup/cr_startup_lpc11.o
                0x000002fc                ResetISR
 .text.NMI_Handler
                0x00000360        0x8 ./startup/cr_startup_lpc11.o
                0x00000360                NMI_Handler
 .text.HardFault_Handler
                0x00000368        0x8 ./startup/cr_startup_lpc11.o
                0x00000368                HardFault_Handler
 .text.SVCall_Handler
                0x00000370        0x8 ./startup/cr_startup_lpc11.o
                0x00000370                SVCall_Handler
 .text.PendSV_Handler
                0x00000378        0x8 ./startup/cr_startup_lpc11.o
                0x00000378                PendSV_Handler
 .text.SysTick_Handler
                0x00000380        0x8 ./startup/cr_startup_lpc11.o
                0x00000380                SysTick_Handler
 .text.IntDefaultHandler
                0x00000388        0x8 ./startup/cr_startup_lpc11.o
                0x00000388                UART_IRQHandler
                0x00000388                TIMER32_0_IRQHandler
                0x00000388                TIMER32_1_IRQHandler
                0x00000388                IntDefaultHandler
                0x00000388                PIOINT1_IRQHandler
                0x00000388                CAN_IRQHandler
                0x00000388                SSP0_IRQHandler
                0x00000388                ADC_IRQHandler
                0x00000388                SSP1_IRQHandler
                0x00000388                PIOINT2_IRQHandler
                0x00000388                BOD_IRQHandler
                0x00000388                WAKEUP_IRQHandler
                0x00000388                PIOINT0_IRQHandler
                0x00000388                I2C_IRQHandler
                0x00000388                WDT_IRQHandler
                0x00000388                PIOINT3_IRQHandler
 .text.main     0x00000390       0xdc ./src/wdt_main.o
                0x00000390                main
 .text.GPIOSetValue
                0x0000046c       0x34 ./driver/gpio.o
                0x0000046c                GPIOSetValue
 .text.GPIOSetDir
                0x000004a0       0x6c ./driver/gpio.o
                0x000004a0                GPIOSetDir
 .text.TIMER16_0_IRQHandler
                0x0000050c       0x50 ./driver/timer16.o
                0x0000050c                TIMER16_0_IRQHandler
 .text.TIMER16_1_IRQHandler
                0x0000055c       0x50 ./driver/timer16.o
                0x0000055c                TIMER16_1_IRQHandler
 .text.enable_timer16
                0x000005ac       0x30 ./driver/timer16.o
                0x000005ac                enable_timer16
 .text.init_timer16
                0x000005dc      0x190 ./driver/timer16.o
                0x000005dc                init_timer16
 .text.NVIC_EnableIRQ
                0x0000076c       0x28 ./driver/timer16.o
 .text.WDTInit  0x00000794       0xc0 ./driver/wdt.o
                0x00000794                WDTInit
 .text.SystemCoreClockUpdate
                0x00000854      0x15c ./cmsis/system_LPC11xx.o
                0x00000854                SystemCoreClockUpdate
 .text.__weak_main
                0x000009b0       0x14 d:/nxp/lpcxpresso_3.6_beta/tools/bin/../lib/gcc/arm-none-eabi/4.3.3/../../../../arm-none-eabi/lib/armv6-m\libcr_c.a(__weak__main.o)
                0x000009b0                __main
                0x000009b0                __weak_main
 .text          0x000009c4      0x338 d:/nxp/lpcxpresso_3.6_beta/tools/bin/../lib/gcc/arm-none-eabi/4.3.3/../../../../arm-none-eabi/lib/armv6-m\libcr_c.a(ctype.o)
                0x000009c4                _start_module_ctype
                0x00000a98                islower
                0x00000b88                tolower
                0x00000ae8                ispunct
                0x00000b10                isspace
                0x00000cf0                _end_module_ctype
                0x00000b60                isxdigit
                0x00000c88                _ctype_init
                0x00000b38                isupper
                0x000009f8                isalpha
                0x00000a70                isgraph
                0x000009d0                isalnum
                0x00000ac0                isprint
                0x00000c08                _set_ctype_8859
                0x00000a48                isdigit
                0x00000a20                iscntrl
                0x00000bc8                toupper
 .text._init_alloc
                0x00000cfc       0x14 d:/nxp/lpcxpresso_3.6_beta/tools/bin/../lib/gcc/arm-none-eabi/4.3.3/../../../../arm-none-eabi/lib/armv6-m\libcr_c.a(__init_alloc.o)
                0x00000cfc                _init_alloc
 .text.__aeabi_idiv0
                0x00000d10        0x4 d:/nxp/lpcxpresso_3.6_beta/tools/bin/../lib/gcc/arm-none-eabi/4.3.3/armv6-m\libcr_eabihelpers.a(rtlib.o)
                0x00000d10                __aeabi_idiv0
 .text.__bhs_uidivmod
                0x00000d14       0x88 d:/nxp/lpcxpresso_3.6_beta/tools/bin/../lib/gcc/arm-none-eabi/4.3.3/armv6-m\libcr_eabihelpers.a(rtlib.o)
                0x00000d14                __bhs_uidivmod
 .text.__aeabi_uidiv
                0x00000d9c       0x18 d:/nxp/lpcxpresso_3.6_beta/tools/bin/../lib/gcc/arm-none-eabi/4.3.3/armv6-m\libcr_eabihelpers.a(rtlib.o)
                0x00000d9c                __aeabi_uidiv
 *(.rodata*)
 .rodata.LPC_GPIO
                0x00000db4       0x10 ./driver/gpio.o
 .rodata.SystemCoreClockUpdate
                0x00000dc4       0x40 ./cmsis/system_LPC11xx.o

.glue_7         0x00000e04        0x0
 .glue_7        0x00000000        0x0 linker stubs

.glue_7t        0x00000e04        0x0
 .glue_7t       0x00000000        0x0 linker stubs

.vfp11_veneer   0x00000e04        0x0
 .vfp11_veneer  0x00000000        0x0 linker stubs

.v4_bx          0x00000e04        0x0
 .v4_bx         0x00000000        0x0 linker stubs

.ARM.extab
 *(.ARM.extab* .gnu.linkonce.armextab.*)
                0x00000e04                __exidx_start = .

.ARM.exidx
 *(.ARM.exidx* .gnu.linkonce.armexidx.*)
                0x00000e04                __exidx_end = .
                0x00000e04                _etext = .

.data           0x10000000      0x208 load address 0x00000e04
                0x10000000                _data = .
 *(vtable)
 *(.data*)
 .data.SystemCoreClock
                0x10000000        0x4 ./cmsis/system_LPC11xx.o
                0x10000000                SystemCoreClock
 .data          0x10000004      0x204 d:/nxp/lpcxpresso_3.6_beta/tools/bin/../lib/gcc/arm-none-eabi/4.3.3/../../../../arm-none-eabi/lib/armv6-m\libcr_c.a(ctype.o)
                0x10000004                __ctype
                0x10000208                _edata = .

.bss            0x10000208       0x1c load address 0x0000100c
                0x10000208                _bss = .
 *(.bss*)
 .bss.timer16_0_counter
                0x10000208        0x4 ./driver/timer16.o
                0x10000208                timer16_0_counter
 .bss.timer16_1_counter
                0x1000020c        0x4 ./driver/timer16.o
                0x1000020c                timer16_1_counter
 .bss.timer16_0_capture
                0x10000210        0x4 ./driver/timer16.o
                0x10000210                timer16_0_capture
 .bss.timer16_1_capture
                0x10000214        0x4 ./driver/timer16.o
                0x10000214                timer16_1_capture
 *(COMMON)
 COMMON         0x10000218        0x4 ./driver/wdt.o
                0x10000218                wdt_counter
 COMMON         0x1000021c        0x8 d:/nxp/lpcxpresso_3.6_beta/tools/bin/../lib/gcc/arm-none-eabi/4.3.3/../../../../arm-none-eabi/lib/armv6-m\libcr_c.a(__init_alloc.o)
                0x1000021c                __heaps
                0x10000220                __end_of_heap
                0x10000224                _ebss = .

.cr_heap        0x10000224        0x0 load address 0x0000100c
                0x10000224                end = .
                0x10000224                _pvHeapStart = .
                0x10002000                _vRamTop = __top_RamLoc8
                0x10002000                _vStackTop = _vRamTop
OUTPUT(wdt.axf elf32-littlearm)

.debug_abbrev   0x00000000      0xb2e
 .debug_abbrev  0x00000000       0xbd ./startup/cr_startup_lpc11.o
 .debug_abbrev  0x000000bd      0x13c ./src/wdt_main.o
 .debug_abbrev  0x000001f9       0x35 ./driver/can.o
 .debug_abbrev  0x0000022e      0x19b ./driver/gpio.o
 .debug_abbrev  0x000003c9      0x1c6 ./driver/timer16.o
 .debug_abbrev  0x0000058f       0xf7 ./driver/wdt.o
 .debug_abbrev  0x00000686       0xaf ./cmsis/core_cm0.o
 .debug_abbrev  0x00000735      0x126 ./cmsis/system_LPC11xx.o
 .debug_abbrev  0x0000085b      0x2d3 d:/nxp/lpcxpresso_3.6_beta/tools/bin/../lib/gcc/arm-none-eabi/4.3.3/armv6-m\libcr_eabihelpers.a(rtlib.o)

.debug_info     0x00000000     0x383a
 .debug_info    0x00000000      0x1ae ./startup/cr_startup_lpc11.o
 .debug_info    0x000001ae      0x62f ./src/wdt_main.o
 .debug_info    0x000007dd       0x73 ./driver/can.o
 .debug_info    0x00000850      0x7f3 ./driver/gpio.o
 .debug_info    0x00001043      0xdce ./driver/timer16.o
 .debug_info    0x00001e11      0x567 ./driver/wdt.o
 .debug_info    0x00002378      0x2a3 ./cmsis/core_cm0.o
 .debug_info    0x0000261b      0x561 ./cmsis/system_LPC11xx.o
 .debug_info    0x00002b7c      0xcbe d:/nxp/lpcxpresso_3.6_beta/tools/bin/../lib/gcc/arm-none-eabi/4.3.3/armv6-m\libcr_eabihelpers.a(rtlib.o)

.debug_line     0x00000000     0x1bee
 .debug_line    0x00000000      0x2e6 ./startup/cr_startup_lpc11.o
 .debug_line    0x000002e6      0x2f2 ./src/wdt_main.o
 .debug_line    0x000005d8      0x28f ./driver/can.o
 .debug_line    0x00000867      0x36b ./driver/gpio.o
 .debug_line    0x00000bd2      0x3cd ./driver/timer16.o
 .debug_line    0x00000f9f      0x2d0 ./driver/wdt.o
 .debug_line    0x0000126f      0x30c ./cmsis/core_cm0.o
 .debug_line    0x0000157b      0x2f0 ./cmsis/system_LPC11xx.o
 .debug_line    0x0000186b      0x383 d:/nxp/lpcxpresso_3.6_beta/tools/bin/../lib/gcc/arm-none-eabi/4.3.3/armv6-m\libcr_eabihelpers.a(rtlib.o)

.debug_macinfo  0x00000000    0x20290
 .debug_macinfo
                0x00000000     0x2874 ./startup/cr_startup_lpc11.o
 .debug_macinfo
                0x00002874     0x49f6 ./src/wdt_main.o
 .debug_macinfo
                0x0000726a     0x47d1 ./driver/can.o
 .debug_macinfo
                0x0000ba3b     0x4809 ./driver/gpio.o
 .debug_macinfo
                0x00010244     0x48bb ./driver/timer16.o
 .debug_macinfo
                0x00014aff     0x486e ./driver/wdt.o
 .debug_macinfo
                0x0001936d     0x2643 ./cmsis/core_cm0.o
 .debug_macinfo
                0x0001b9b0     0x48e0 ./cmsis/system_LPC11xx.o

.debug_frame    0x00000000      0x778
 .debug_frame   0x00000000       0xd8 ./startup/cr_startup_lpc11.o
 .debug_frame   0x000000d8       0x2c ./src/wdt_main.o
 .debug_frame   0x00000104      0x10c ./driver/gpio.o
 .debug_frame   0x00000210      0x148 ./driver/timer16.o
 .debug_frame   0x00000358       0x4c ./driver/wdt.o
 .debug_frame   0x000003a4       0xc0 ./cmsis/core_cm0.o
 .debug_frame   0x00000464       0x44 ./cmsis/system_LPC11xx.o
 .debug_frame   0x000004a8      0x2d0 d:/nxp/lpcxpresso_3.6_beta/tools/bin/../lib/gcc/arm-none-eabi/4.3.3/armv6-m\libcr_eabihelpers.a(rtlib.o)

.debug_loc      0x00000000     0x17a2
 .debug_loc     0x00000000      0x139 ./startup/cr_startup_lpc11.o
 .debug_loc     0x00000139       0x2b ./src/wdt_main.o
 .debug_loc     0x00000164      0x1ac ./driver/gpio.o
 .debug_loc     0x00000310      0x20e ./driver/timer16.o
 .debug_loc     0x0000051e       0x62 ./driver/wdt.o
 .debug_loc     0x00000580       0xbe ./cmsis/core_cm0.o
 .debug_loc     0x0000063e      0x135 ./cmsis/system_LPC11xx.o
 .debug_loc     0x00000773     0x102f d:/nxp/lpcxpresso_3.6_beta/tools/bin/../lib/gcc/arm-none-eabi/4.3.3/armv6-m\libcr_eabihelpers.a(rtlib.o)

.debug_pubnames
                0x00000000      0x5e9
 .debug_pubnames
                0x00000000       0xa6 ./startup/cr_startup_lpc11.o
 .debug_pubnames
                0x000000a6       0x2c ./src/wdt_main.o
 .debug_pubnames
                0x000000d2       0x9c ./driver/gpio.o
 .debug_pubnames
                0x0000016e      0x148 ./driver/timer16.o
 .debug_pubnames
                0x000002b6       0x3a ./driver/wdt.o
 .debug_pubnames
                0x000002f0       0xb4 ./cmsis/core_cm0.o
 .debug_pubnames
                0x000003a4       0x4f ./cmsis/system_LPC11xx.o
 .debug_pubnames
                0x000003f3      0x1f6 d:/nxp/lpcxpresso_3.6_beta/tools/bin/../lib/gcc/arm-none-eabi/4.3.3/armv6-m\libcr_eabihelpers.a(rtlib.o)

.debug_aranges  0x00000000      0x2d8
 .debug_aranges
                0x00000000       0x50 ./startup/cr_startup_lpc11.o
 .debug_aranges
                0x00000050       0x20 ./src/wdt_main.o
 .debug_aranges
                0x00000070       0x58 ./driver/gpio.o
 .debug_aranges
                0x000000c8       0x68 ./driver/timer16.o
 .debug_aranges
                0x00000130       0x28 ./driver/wdt.o
 .debug_aranges
                0x00000158       0x70 ./cmsis/core_cm0.o
 .debug_aranges
                0x000001c8       0x28 ./cmsis/system_LPC11xx.o
 .debug_aranges
                0x000001f0       0xe8 d:/nxp/lpcxpresso_3.6_beta/tools/bin/../lib/gcc/arm-none-eabi/4.3.3/armv6-m\libcr_eabihelpers.a(rtlib.o)

.debug_ranges   0x00000000      0x378
 .debug_ranges  0x00000000       0x48 ./startup/cr_startup_lpc11.o
 .debug_ranges  0x00000048       0x18 ./src/wdt_main.o
 .debug_ranges  0x00000060       0x50 ./driver/gpio.o
 .debug_ranges  0x000000b0       0x60 ./driver/timer16.o
 .debug_ranges  0x00000110       0x20 ./driver/wdt.o
 .debug_ranges  0x00000130       0x68 ./cmsis/core_cm0.o
 .debug_ranges  0x00000198       0x20 ./cmsis/system_LPC11xx.o
 .debug_ranges  0x000001b8      0x1c0 d:/nxp/lpcxpresso_3.6_beta/tools/bin/../lib/gcc/arm-none-eabi/4.3.3/armv6-m\libcr_eabihelpers.a(rtlib.o)

.debug_str      0x00000000      0xd5d
 .debug_str     0x00000000      0x15f ./startup/cr_startup_lpc11.o
                                0x193 (size before relaxing)
 .debug_str     0x0000015f      0x2f8 ./src/wdt_main.o
                                0x3b9 (size before relaxing)
 .debug_str     0x00000457       0x10 ./driver/can.o
                                 0xd1 (size before relaxing)
 .debug_str     0x00000467       0xac ./driver/gpio.o
                                0x42f (size before relaxing)
 .debug_str     0x00000513      0x4de ./driver/timer16.o
                                0x86c (size before relaxing)
 .debug_str     0x000009f1       0x40 ./driver/wdt.o
                                0x396 (size before relaxing)
 .debug_str     0x00000a31       0xbf ./cmsis/core_cm0.o
                                0x1a8 (size before relaxing)
 .debug_str     0x00000af0       0x49 ./cmsis/system_LPC11xx.o
                                0x3bc (size before relaxing)
 .debug_str     0x00000b39      0x224 d:/nxp/lpcxpresso_3.6_beta/tools/bin/../lib/gcc/arm-none-eabi/4.3.3/armv6-m\libcr_eabihelpers.a(rtlib.o)
                                0x29f (size before relaxing)

.comment        0x00000000      0x204
 .comment       0x00000000       0x2b ./startup/cr_startup_lpc11.o
 .comment       0x0000002b       0x2b ./src/wdt_main.o
 .comment       0x00000056       0x2b ./driver/can.o
 .comment       0x00000081       0x2b ./driver/gpio.o
 .comment       0x000000ac       0x2b ./driver/timer16.o
 .comment       0x000000d7       0x2b ./driver/wdt.o
 .comment       0x00000102       0x2b ./cmsis/core_cm0.o
 .comment       0x0000012d       0x2b ./cmsis/system_LPC11xx.o
 .comment       0x00000158       0x2b d:/nxp/lpcxpresso_3.6_beta/tools/bin/../lib/gcc/arm-none-eabi/4.3.3/../../../../arm-none-eabi/lib/armv6-m\libcr_c.a(__weak__main.o)
 .comment       0x00000183       0x2b d:/nxp/lpcxpresso_3.6_beta/tools/bin/../lib/gcc/arm-none-eabi/4.3.3/../../../../arm-none-eabi/lib/armv6-m\libcr_c.a(ctype.o)
 .comment       0x000001ae       0x2b d:/nxp/lpcxpresso_3.6_beta/tools/bin/../lib/gcc/arm-none-eabi/4.3.3/../../../../arm-none-eabi/lib/armv6-m\libcr_c.a(__init_alloc.o)
 .comment       0x000001d9       0x2b d:/nxp/lpcxpresso_3.6_beta/tools/bin/../lib/gcc/arm-none-eabi/4.3.3/armv6-m\libcr_eabihelpers.a(rtlib.o)

.ARM.attributes
                0x00000000       0x31
 .ARM.attributes
                0x00000000       0x31 ./startup/cr_startup_lpc11.o
 .ARM.attributes
                0x00000031       0x31 ./src/wdt_main.o
 .ARM.attributes
                0x00000062       0x31 ./driver/can.o
 .ARM.attributes
                0x00000093       0x31 ./driver/gpio.o
 .ARM.attributes
                0x000000c4       0x31 ./driver/timer16.o
 .ARM.attributes
                0x000000f5       0x31 ./driver/wdt.o
 .ARM.attributes
                0x00000126       0x31 ./cmsis/core_cm0.o
 .ARM.attributes
                0x00000157       0x31 ./cmsis/system_LPC11xx.o
 .ARM.attributes
                0x00000188       0x30 d:/nxp/lpcxpresso_3.6_beta/tools/bin/../lib/gcc/arm-none-eabi/4.3.3/../../../../arm-none-eabi/lib/armv6-m\libcr_c.a(__weak__main.o)
 .ARM.attributes
                0x000001b8       0x30 d:/nxp/lpcxpresso_3.6_beta/tools/bin/../lib/gcc/arm-none-eabi/4.3.3/../../../../arm-none-eabi/lib/armv6-m\libcr_c.a(ctype.o)
 .ARM.attributes
                0x000001e8       0x30 d:/nxp/lpcxpresso_3.6_beta/tools/bin/../lib/gcc/arm-none-eabi/4.3.3/../../../../arm-none-eabi/lib/armv6-m\libcr_c.a(__init_alloc.o)
 .ARM.attributes
                0x00000218       0x30 d:/nxp/lpcxpresso_3.6_beta/tools/bin/../lib/gcc/arm-none-eabi/4.3.3/armv6-m\libcr_eabihelpers.a(rtlib.o)
